<html>
<body>
<pre>
<h1>µVision Build Log</h1>
<h2>Tool Versions:</h2>
IDE-Version: µVision V5.23.0.0
Copyright (C) 2017 ARM Ltd and ARM Germany GmbH. All rights reserved.
License Information: Eládio Munar, Uminho, LIC=----
 
Tool Versions:
Toolchain:       MDK-Lite  Version: 5.23
Toolchain Path:  C:\Keil_v5\ARM\ARMCC\Bin
C Compiler:      Armcc.exe V5.06 update 4 (build 422)
Assembler:       Armasm.exe V5.06 update 4 (build 422)
Linker/Locator:  ArmLink.exe V5.06 update 4 (build 422)
Library Manager: ArmAr.exe V5.06 update 4 (build 422)
Hex Converter:   FromElf.exe V5.06 update 4 (build 422)
CPU DLL:         SARMCM3.DLL V5.23
Dialog DLL:      DCM.DLL V1.15.0.0
Target DLL:      STLink\ST-LINKIII-KEIL_SWO.dll V2.0.18.0
Dialog DLL:      TCM.DLL V1.27.0.0
 
<h2>Project:</h2>
C:\Users\Eládio\Documents\MIEEIC\2016_2017\Second\LPI2\TP1\template.uvprojx
Project File Date:  04/21/2017

<h2>Output:</h2>
*** Using Compiler 'V5.06 update 4 (build 422)', folder: 'C:\Keil_v5\ARM\ARMCC\Bin'
Build target 'Target 1'
compiling pwm.c...
compiling terminal.c...
compiling adc.c...
adc.c(144): warning:  #223-D: function "f_ad" declared implicitly
  			f_ad();
adc.c(146): warning:  #223-D: function "lim_sat" declared implicitly
  			lim_sat();
adc.c(148): warning:  #223-D: function "valor_k" declared implicitly
  			valor_k();
adc.c(237): warning:  #1035-D: single-precision operand implicitly converted to double-precision
  	  y = (yAD*Ymax) / (2 * yAD *0.5);
adc.c: 4 warnings, 0 errors
linking...
Program Size: Code=17152 RO-data=848 RW-data=4844 ZI-data=2572  
FromELF: creating hex file...
".\Objects\template.axf" - 0 Error(s), 4 Warning(s).

<h2>Collection of Component include folders:</h2>
  .\RTE\_Target_1
  C:\Keil_v5\ARM\PACK\Keil\STM32F4xx_DFP\2.11.0\Drivers\CMSIS\Device\ST\STM32F4xx\Include

<h2>Collection of Component Files used:</h2>
Build Time Elapsed:  00:00:03
</pre>
</body>
</html>
