<!doctype html public "-//w3c//dtd html 4.0 transitional//en">
<html><head>
<title>Static Call Graph - [.\Objects\template.axf]</title></head>
<body><HR>
<H1>Static Call Graph for image .\Objects\template.axf</H1><HR>
<BR><P>#&#060CALLGRAPH&#062# ARM Linker, 5060422: Last Updated: Tue May 02 09:48:13 2017
<BR><P>
<H3>Maximum Stack Usage =        320 bytes + Unknown(Functions without stacksize, Cycles, Untraceable Function Pointers)</H3><H3>
Call chain for Maximum Stack Depth:</H3>
_printf_f &rArr; _printf_fp_dec &rArr; _printf_fp_dec_real &rArr; _fp_digits &rArr; _btod_etento &rArr; _btod_emul &rArr; _e2e
<P>
<H3>
Functions with no stack information
</H3><UL>
 <LI><a href="#[8b]">__user_initial_stackheap</a>
</UL>
</UL>
<P>
<H3>
Mutually Recursive functions
</H3> <LI><a href="#[2e]">NMI_Handler</a>&nbsp;&nbsp;&nbsp;&rArr;&nbsp;&nbsp;&nbsp;<a href="#[2e]">NMI_Handler</a><BR>
 <LI><a href="#[2f]">HardFault_Handler</a>&nbsp;&nbsp;&nbsp;&rArr;&nbsp;&nbsp;&nbsp;<a href="#[2f]">HardFault_Handler</a><BR>
 <LI><a href="#[30]">MemManage_Handler</a>&nbsp;&nbsp;&nbsp;&rArr;&nbsp;&nbsp;&nbsp;<a href="#[30]">MemManage_Handler</a><BR>
 <LI><a href="#[31]">BusFault_Handler</a>&nbsp;&nbsp;&nbsp;&rArr;&nbsp;&nbsp;&nbsp;<a href="#[31]">BusFault_Handler</a><BR>
 <LI><a href="#[32]">UsageFault_Handler</a>&nbsp;&nbsp;&nbsp;&rArr;&nbsp;&nbsp;&nbsp;<a href="#[32]">UsageFault_Handler</a><BR>
 <LI><a href="#[33]">SVC_Handler</a>&nbsp;&nbsp;&nbsp;&rArr;&nbsp;&nbsp;&nbsp;<a href="#[33]">SVC_Handler</a><BR>
 <LI><a href="#[34]">DebugMon_Handler</a>&nbsp;&nbsp;&nbsp;&rArr;&nbsp;&nbsp;&nbsp;<a href="#[34]">DebugMon_Handler</a><BR>
 <LI><a href="#[35]">PendSV_Handler</a>&nbsp;&nbsp;&nbsp;&rArr;&nbsp;&nbsp;&nbsp;<a href="#[35]">PendSV_Handler</a><BR>
 <LI><a href="#[36]">SysTick_Handler</a>&nbsp;&nbsp;&nbsp;&rArr;&nbsp;&nbsp;&nbsp;<a href="#[36]">SysTick_Handler</a><BR>
 <LI><a href="#[4b]">CAN1_RX0_IRQHandler</a>&nbsp;&nbsp;&nbsp;&rArr;&nbsp;&nbsp;&nbsp;<a href="#[4b]">CAN1_RX0_IRQHandler</a><BR>
</UL>
<P>
<H3>
Function Pointers
</H3><UL>
 <LI><a href="#[49]">ADC_IRQHandler</a> from adc.o(i.ADC_IRQHandler) referenced from startup_stm32f412xg.o(RESET)
 <LI><a href="#[31]">BusFault_Handler</a> from startup_stm32f412xg.o(.text) referenced from startup_stm32f412xg.o(RESET)
 <LI><a href="#[4b]">CAN1_RX0_IRQHandler</a> from startup_stm32f412xg.o(.text) referenced from startup_stm32f412xg.o(RESET)
 <LI><a href="#[4c]">CAN1_RX1_IRQHandler</a> from startup_stm32f412xg.o(.text) referenced from startup_stm32f412xg.o(RESET)
 <LI><a href="#[4d]">CAN1_SCE_IRQHandler</a> from startup_stm32f412xg.o(.text) referenced from startup_stm32f412xg.o(RESET)
 <LI><a href="#[4a]">CAN1_TX_IRQHandler</a> from startup_stm32f412xg.o(.text) referenced from startup_stm32f412xg.o(RESET)
 <LI><a href="#[74]">CAN2_RX0_IRQHandler</a> from startup_stm32f412xg.o(.text) referenced from startup_stm32f412xg.o(RESET)
 <LI><a href="#[75]">CAN2_RX1_IRQHandler</a> from startup_stm32f412xg.o(.text) referenced from startup_stm32f412xg.o(RESET)
 <LI><a href="#[76]">CAN2_SCE_IRQHandler</a> from startup_stm32f412xg.o(.text) referenced from startup_stm32f412xg.o(RESET)
 <LI><a href="#[73]">CAN2_TX_IRQHandler</a> from startup_stm32f412xg.o(.text) referenced from startup_stm32f412xg.o(RESET)
 <LI><a href="#[71]">DFSDM1_FLT0_IRQHandler</a> from startup_stm32f412xg.o(.text) referenced from startup_stm32f412xg.o(RESET)
 <LI><a href="#[72]">DFSDM1_FLT1_IRQHandler</a> from startup_stm32f412xg.o(.text) referenced from startup_stm32f412xg.o(RESET)
 <LI><a href="#[42]">DMA1_Stream0_IRQHandler</a> from startup_stm32f412xg.o(.text) referenced from startup_stm32f412xg.o(RESET)
 <LI><a href="#[43]">DMA1_Stream1_IRQHandler</a> from startup_stm32f412xg.o(.text) referenced from startup_stm32f412xg.o(RESET)
 <LI><a href="#[44]">DMA1_Stream2_IRQHandler</a> from startup_stm32f412xg.o(.text) referenced from startup_stm32f412xg.o(RESET)
 <LI><a href="#[45]">DMA1_Stream3_IRQHandler</a> from startup_stm32f412xg.o(.text) referenced from startup_stm32f412xg.o(RESET)
 <LI><a href="#[46]">DMA1_Stream4_IRQHandler</a> from startup_stm32f412xg.o(.text) referenced from startup_stm32f412xg.o(RESET)
 <LI><a href="#[47]">DMA1_Stream5_IRQHandler</a> from startup_stm32f412xg.o(.text) referenced from startup_stm32f412xg.o(RESET)
 <LI><a href="#[48]">DMA1_Stream6_IRQHandler</a> from startup_stm32f412xg.o(.text) referenced from startup_stm32f412xg.o(RESET)
 <LI><a href="#[66]">DMA1_Stream7_IRQHandler</a> from startup_stm32f412xg.o(.text) referenced from startup_stm32f412xg.o(RESET)
 <LI><a href="#[6c]">DMA2_Stream0_IRQHandler</a> from startup_stm32f412xg.o(.text) referenced from startup_stm32f412xg.o(RESET)
 <LI><a href="#[6d]">DMA2_Stream1_IRQHandler</a> from startup_stm32f412xg.o(.text) referenced from startup_stm32f412xg.o(RESET)
 <LI><a href="#[6e]">DMA2_Stream2_IRQHandler</a> from startup_stm32f412xg.o(.text) referenced from startup_stm32f412xg.o(RESET)
 <LI><a href="#[6f]">DMA2_Stream3_IRQHandler</a> from startup_stm32f412xg.o(.text) referenced from startup_stm32f412xg.o(RESET)
 <LI><a href="#[70]">DMA2_Stream4_IRQHandler</a> from startup_stm32f412xg.o(.text) referenced from startup_stm32f412xg.o(RESET)
 <LI><a href="#[78]">DMA2_Stream5_IRQHandler</a> from startup_stm32f412xg.o(.text) referenced from startup_stm32f412xg.o(RESET)
 <LI><a href="#[79]">DMA2_Stream6_IRQHandler</a> from startup_stm32f412xg.o(.text) referenced from startup_stm32f412xg.o(RESET)
 <LI><a href="#[7a]">DMA2_Stream7_IRQHandler</a> from startup_stm32f412xg.o(.text) referenced from startup_stm32f412xg.o(RESET)
 <LI><a href="#[34]">DebugMon_Handler</a> from startup_stm32f412xg.o(.text) referenced from startup_stm32f412xg.o(RESET)
 <LI><a href="#[3d]">EXTI0_IRQHandler</a> from startup_stm32f412xg.o(.text) referenced from startup_stm32f412xg.o(RESET)
 <LI><a href="#[5f]">EXTI15_10_IRQHandler</a> from startup_stm32f412xg.o(.text) referenced from startup_stm32f412xg.o(RESET)
 <LI><a href="#[3e]">EXTI1_IRQHandler</a> from startup_stm32f412xg.o(.text) referenced from startup_stm32f412xg.o(RESET)
 <LI><a href="#[3f]">EXTI2_IRQHandler</a> from startup_stm32f412xg.o(.text) referenced from startup_stm32f412xg.o(RESET)
 <LI><a href="#[40]">EXTI3_IRQHandler</a> from startup_stm32f412xg.o(.text) referenced from startup_stm32f412xg.o(RESET)
 <LI><a href="#[41]">EXTI4_IRQHandler</a> from startup_stm32f412xg.o(.text) referenced from startup_stm32f412xg.o(RESET)
 <LI><a href="#[4e]">EXTI9_5_IRQHandler</a> from startup_stm32f412xg.o(.text) referenced from startup_stm32f412xg.o(RESET)
 <LI><a href="#[3b]">FLASH_IRQHandler</a> from startup_stm32f412xg.o(.text) referenced from startup_stm32f412xg.o(RESET)
 <LI><a href="#[84]">FMPI2C1_ER_IRQHandler</a> from startup_stm32f412xg.o(.text) referenced from startup_stm32f412xg.o(RESET)
 <LI><a href="#[83]">FMPI2C1_EV_IRQHandler</a> from startup_stm32f412xg.o(.text) referenced from startup_stm32f412xg.o(RESET)
 <LI><a href="#[7f]">FPU_IRQHandler</a> from startup_stm32f412xg.o(.text) referenced from startup_stm32f412xg.o(RESET)
 <LI><a href="#[2f]">HardFault_Handler</a> from startup_stm32f412xg.o(.text) referenced from startup_stm32f412xg.o(RESET)
 <LI><a href="#[57]">I2C1_ER_IRQHandler</a> from startup_stm32f412xg.o(.text) referenced from startup_stm32f412xg.o(RESET)
 <LI><a href="#[56]">I2C1_EV_IRQHandler</a> from startup_stm32f412xg.o(.text) referenced from startup_stm32f412xg.o(RESET)
 <LI><a href="#[59]">I2C2_ER_IRQHandler</a> from startup_stm32f412xg.o(.text) referenced from startup_stm32f412xg.o(RESET)
 <LI><a href="#[58]">I2C2_EV_IRQHandler</a> from startup_stm32f412xg.o(.text) referenced from startup_stm32f412xg.o(RESET)
 <LI><a href="#[7d]">I2C3_ER_IRQHandler</a> from startup_stm32f412xg.o(.text) referenced from startup_stm32f412xg.o(RESET)
 <LI><a href="#[7c]">I2C3_EV_IRQHandler</a> from startup_stm32f412xg.o(.text) referenced from startup_stm32f412xg.o(RESET)
 <LI><a href="#[30]">MemManage_Handler</a> from startup_stm32f412xg.o(.text) referenced from startup_stm32f412xg.o(RESET)
 <LI><a href="#[2e]">NMI_Handler</a> from startup_stm32f412xg.o(.text) referenced from startup_stm32f412xg.o(RESET)
 <LI><a href="#[77]">OTG_FS_IRQHandler</a> from startup_stm32f412xg.o(.text) referenced from startup_stm32f412xg.o(RESET)
 <LI><a href="#[61]">OTG_FS_WKUP_IRQHandler</a> from startup_stm32f412xg.o(.text) referenced from startup_stm32f412xg.o(RESET)
 <LI><a href="#[38]">PVD_IRQHandler</a> from startup_stm32f412xg.o(.text) referenced from startup_stm32f412xg.o(RESET)
 <LI><a href="#[35]">PendSV_Handler</a> from startup_stm32f412xg.o(.text) referenced from startup_stm32f412xg.o(RESET)
 <LI><a href="#[82]">QUADSPI_IRQHandler</a> from startup_stm32f412xg.o(.text) referenced from startup_stm32f412xg.o(RESET)
 <LI><a href="#[3c]">RCC_IRQHandler</a> from startup_stm32f412xg.o(.text) referenced from startup_stm32f412xg.o(RESET)
 <LI><a href="#[7e]">RNG_IRQHandler</a> from startup_stm32f412xg.o(.text) referenced from startup_stm32f412xg.o(RESET)
 <LI><a href="#[60]">RTC_Alarm_IRQHandler</a> from startup_stm32f412xg.o(.text) referenced from startup_stm32f412xg.o(RESET)
 <LI><a href="#[3a]">RTC_WKUP_IRQHandler</a> from startup_stm32f412xg.o(.text) referenced from startup_stm32f412xg.o(RESET)
 <LI><a href="#[89]">Reset_Handler</a> from startup_stm32f412xg.o(.text) referenced from startup_stm32f412xg.o(RESET)
 <LI><a href="#[67]">SDIO_IRQHandler</a> from startup_stm32f412xg.o(.text) referenced from startup_stm32f412xg.o(RESET)
 <LI><a href="#[5a]">SPI1_IRQHandler</a> from startup_stm32f412xg.o(.text) referenced from startup_stm32f412xg.o(RESET)
 <LI><a href="#[5b]">SPI2_IRQHandler</a> from startup_stm32f412xg.o(.text) referenced from startup_stm32f412xg.o(RESET)
 <LI><a href="#[69]">SPI3_IRQHandler</a> from startup_stm32f412xg.o(.text) referenced from startup_stm32f412xg.o(RESET)
 <LI><a href="#[80]">SPI4_IRQHandler</a> from startup_stm32f412xg.o(.text) referenced from startup_stm32f412xg.o(RESET)
 <LI><a href="#[81]">SPI5_IRQHandler</a> from startup_stm32f412xg.o(.text) referenced from startup_stm32f412xg.o(RESET)
 <LI><a href="#[33]">SVC_Handler</a> from startup_stm32f412xg.o(.text) referenced from startup_stm32f412xg.o(RESET)
 <LI><a href="#[36]">SysTick_Handler</a> from startup_stm32f412xg.o(.text) referenced from startup_stm32f412xg.o(RESET)
 <LI><a href="#[85]">SystemInit</a> from system_stm32f4xx.o(i.SystemInit) referenced from startup_stm32f412xg.o(.text)
 <LI><a href="#[39]">TAMP_STAMP_IRQHandler</a> from startup_stm32f412xg.o(.text) referenced from startup_stm32f412xg.o(RESET)
 <LI><a href="#[4f]">TIM1_BRK_TIM9_IRQHandler</a> from startup_stm32f412xg.o(.text) referenced from startup_stm32f412xg.o(RESET)
 <LI><a href="#[52]">TIM1_CC_IRQHandler</a> from pwm.o(i.TIM1_CC_IRQHandler) referenced from startup_stm32f412xg.o(RESET)
 <LI><a href="#[51]">TIM1_TRG_COM_TIM11_IRQHandler</a> from startup_stm32f412xg.o(.text) referenced from startup_stm32f412xg.o(RESET)
 <LI><a href="#[50]">TIM1_UP_TIM10_IRQHandler</a> from startup_stm32f412xg.o(.text) referenced from startup_stm32f412xg.o(RESET)
 <LI><a href="#[53]">TIM2_IRQHandler</a> from startup_stm32f412xg.o(.text) referenced from startup_stm32f412xg.o(RESET)
 <LI><a href="#[54]">TIM3_IRQHandler</a> from adc.o(i.TIM3_IRQHandler) referenced from startup_stm32f412xg.o(RESET)
 <LI><a href="#[55]">TIM4_IRQHandler</a> from startup_stm32f412xg.o(.text) referenced from startup_stm32f412xg.o(RESET)
 <LI><a href="#[68]">TIM5_IRQHandler</a> from startup_stm32f412xg.o(.text) referenced from startup_stm32f412xg.o(RESET)
 <LI><a href="#[6a]">TIM6_IRQHandler</a> from startup_stm32f412xg.o(.text) referenced from startup_stm32f412xg.o(RESET)
 <LI><a href="#[6b]">TIM7_IRQHandler</a> from startup_stm32f412xg.o(.text) referenced from startup_stm32f412xg.o(RESET)
 <LI><a href="#[62]">TIM8_BRK_TIM12_IRQHandler</a> from startup_stm32f412xg.o(.text) referenced from startup_stm32f412xg.o(RESET)
 <LI><a href="#[65]">TIM8_CC_IRQHandler</a> from startup_stm32f412xg.o(.text) referenced from startup_stm32f412xg.o(RESET)
 <LI><a href="#[64]">TIM8_TRG_COM_TIM14_IRQHandler</a> from startup_stm32f412xg.o(.text) referenced from startup_stm32f412xg.o(RESET)
 <LI><a href="#[63]">TIM8_UP_TIM13_IRQHandler</a> from startup_stm32f412xg.o(.text) referenced from startup_stm32f412xg.o(RESET)
 <LI><a href="#[5c]">USART1_IRQHandler</a> from startup_stm32f412xg.o(.text) referenced from startup_stm32f412xg.o(RESET)
 <LI><a href="#[5d]">USART2_IRQHandler</a> from startup_stm32f412xg.o(.text) referenced from startup_stm32f412xg.o(RESET)
 <LI><a href="#[5e]">USART3_IRQHandler</a> from uart.o(i.USART3_IRQHandler) referenced from startup_stm32f412xg.o(RESET)
 <LI><a href="#[7b]">USART6_IRQHandler</a> from startup_stm32f412xg.o(.text) referenced from startup_stm32f412xg.o(RESET)
 <LI><a href="#[32]">UsageFault_Handler</a> from startup_stm32f412xg.o(.text) referenced from startup_stm32f412xg.o(RESET)
 <LI><a href="#[37]">WWDG_IRQHandler</a> from startup_stm32f412xg.o(.text) referenced from startup_stm32f412xg.o(RESET)
 <LI><a href="#[8a]">__main</a> from __main.o(!!!main) referenced from startup_stm32f412xg.o(.text)
 <LI><a href="#[88]">_printf_input_char</a> from _printf_char_common.o(.text) referenced from _printf_char_common.o(.text)
 <LI><a href="#[11]">ac</a> from terminal.o(i.ac) referenced 2 times from terminal.o(.data)
 <LI><a href="#[18]">be</a> from terminal.o(i.be) referenced 2 times from terminal.o(.data)
 <LI><a href="#[16]">bf</a> from terminal.o(i.bf) referenced 2 times from terminal.o(.data)
 <LI><a href="#[17]">bi</a> from terminal.o(i.bi) referenced 2 times from terminal.o(.data)
 <LI><a href="#[12]">bl</a> from terminal.o(i.bl) referenced 2 times from terminal.o(.data)
 <LI><a href="#[2c]">comutacao</a> from terminal.o(i.comutacao) referenced 2 times from terminal.o(.data)
 <LI><a href="#[1d]">dcr</a> from terminal.o(i.dcr) referenced 2 times from terminal.o(.data)
 <LI><a href="#[29]">f_ad</a> from terminal.o(i.f_ad) referenced 2 times from terminal.o(.data)
 <LI><a href="#[1b]">ff</a> from terminal.o(i.ff) referenced 2 times from terminal.o(.data)
 <LI><a href="#[1a]">fn</a> from terminal.o(i.fn) referenced 2 times from terminal.o(.data)
 <LI><a href="#[87]">fputc</a> from uart.o(i.fputc) referenced from _printf_char_file.o(.text)
 <LI><a href="#[19]">fw</a> from terminal.o(i.fw) referenced 2 times from terminal.o(.data)
 <LI><a href="#[e]">help</a> from terminal.o(i.help) referenced 2 times from terminal.o(.data)
 <LI><a href="#[20]">kd</a> from terminal.o(i.kd) referenced 2 times from terminal.o(.data)
 <LI><a href="#[23]">kdf</a> from terminal.o(i.kdf) referenced 2 times from terminal.o(.data)
 <LI><a href="#[22]">kf</a> from terminal.o(i.kf) referenced 2 times from terminal.o(.data)
 <LI><a href="#[1f]">ki</a> from terminal.o(i.ki) referenced 2 times from terminal.o(.data)
 <LI><a href="#[1e]">kp</a> from terminal.o(i.kp) referenced 2 times from terminal.o(.data)
 <LI><a href="#[d]">last</a> from terminal.o(i.last) referenced 2 times from terminal.o(.data)
 <LI><a href="#[2a]">lim_sat</a> from terminal.o(i.lim_sat) referenced 2 times from terminal.o(.data)
 <LI><a href="#[24]">ma</a> from terminal.o(i.ma) referenced 2 times from terminal.o(.data)
 <LI><a href="#[5]">mc</a> from terminal.o(i.mc) referenced 2 times from terminal.o(.data)
 <LI><a href="#[25]">mm</a> from terminal.o(i.mm) referenced 2 times from terminal.o(.data)
 <LI><a href="#[3]">mr</a> from terminal.o(i.mr) referenced 2 times from terminal.o(.data)
 <LI><a href="#[4]">mw</a> from terminal.o(i.mw) referenced 2 times from terminal.o(.data)
 <LI><a href="#[a]">ra</a> from terminal.o(i.ra) referenced 2 times from terminal.o(.data)
 <LI><a href="#[8]">rd</a> from terminal.o(i.rd) referenced 2 times from terminal.o(.data)
 <LI><a href="#[c]">re</a> from terminal.o(i.re) referenced 2 times from terminal.o(.data)
 <LI><a href="#[6]">ri</a> from terminal.o(i.ri) referenced 2 times from terminal.o(.data)
 <LI><a href="#[1c]">rp</a> from terminal.o(i.rp) referenced 2 times from terminal.o(.data)
 <LI><a href="#[14]">sc</a> from terminal.o(i.sc) referenced 2 times from terminal.o(.data)
 <LI><a href="#[10]">sp</a> from terminal.o(i.sp) referenced 2 times from terminal.o(.data)
 <LI><a href="#[13]">sr</a> from terminal.o(i.sr) referenced 2 times from terminal.o(.data)
 <LI><a href="#[15]">stop</a> from terminal.o(i.stop) referenced 2 times from terminal.o(.data)
 <LI><a href="#[28]">u_0</a> from terminal.o(i.u_0) referenced 2 times from terminal.o(.data)
 <LI><a href="#[26]">u_sat_a</a> from terminal.o(i.u_sat_a) referenced 2 times from terminal.o(.data)
 <LI><a href="#[27]">u_sat_b</a> from terminal.o(i.u_sat_b) referenced 2 times from terminal.o(.data)
 <LI><a href="#[2b]">valor_k</a> from terminal.o(i.valor_k) referenced 2 times from terminal.o(.data)
 <LI><a href="#[f]">ver</a> from terminal.o(i.ver) referenced 2 times from terminal.o(.data)
 <LI><a href="#[9]">wd</a> from terminal.o(i.wd) referenced 2 times from terminal.o(.data)
 <LI><a href="#[b]">we</a> from terminal.o(i.we) referenced 2 times from terminal.o(.data)
 <LI><a href="#[7]">wi</a> from terminal.o(i.wi) referenced 2 times from terminal.o(.data)
 <LI><a href="#[21]">yr</a> from terminal.o(i.yr) referenced 2 times from terminal.o(.data)
</UL>
<P>
<H3>
Global Symbols
</H3>
<P><STRONG><a name="[8a]"></a>__main</STRONG> (Thumb, 8 bytes, Stack size 0 bytes, __main.o(!!!main))
<BR><BR>[Calls]<UL><LI><a href="#[8d]">&gt;&gt;</a>&nbsp;&nbsp;&nbsp;__rt_entry
<LI><a href="#[8c]">&gt;&gt;</a>&nbsp;&nbsp;&nbsp;__scatterload
</UL>

<P><STRONG><a name="[8c]"></a>__scatterload</STRONG> (Thumb, 0 bytes, Stack size unknown bytes, __scatter.o(!!!scatter))
<BR><BR>[Called By]<UL><LI><a href="#[8a]">&gt;&gt;</a>&nbsp;&nbsp;&nbsp;__main
</UL>

<P><STRONG><a name="[8e]"></a>__scatterload_rt2</STRONG> (Thumb, 44 bytes, Stack size unknown bytes, __scatter.o(!!!scatter), UNUSED)
<BR><BR>[Calls]<UL><LI><a href="#[8d]">&gt;&gt;</a>&nbsp;&nbsp;&nbsp;__rt_entry
</UL>

<P><STRONG><a name="[123]"></a>__scatterload_rt2_thumb_only</STRONG> (Thumb, 0 bytes, Stack size unknown bytes, __scatter.o(!!!scatter), UNUSED)

<P><STRONG><a name="[124]"></a>__scatterload_null</STRONG> (Thumb, 0 bytes, Stack size unknown bytes, __scatter.o(!!!scatter), UNUSED)

<P><STRONG><a name="[125]"></a>__decompress</STRONG> (Thumb, 90 bytes, Stack size unknown bytes, __dczerorl2.o(!!dczerorl2), UNUSED)

<P><STRONG><a name="[126]"></a>__decompress1</STRONG> (Thumb, 0 bytes, Stack size unknown bytes, __dczerorl2.o(!!dczerorl2), UNUSED)

<P><STRONG><a name="[127]"></a>__scatterload_zeroinit</STRONG> (Thumb, 28 bytes, Stack size unknown bytes, __scatter_zi.o(!!handler_zi), UNUSED)

<P><STRONG><a name="[8f]"></a>_printf_f</STRONG> (Thumb, 0 bytes, Stack size unknown bytes, _printf_f.o(.ARM.Collect$$_printf_percent$$00000003))
<BR><BR>[Stack]<UL><LI>Max Depth = 320 + Unknown Stack Size
<LI>Call Chain = _printf_f &rArr; _printf_fp_dec &rArr; _printf_fp_dec_real &rArr; _fp_digits &rArr; _btod_etento &rArr; _btod_emul &rArr; _e2e
</UL>
<BR>[Calls]<UL><LI><a href="#[90]">&gt;&gt;</a>&nbsp;&nbsp;&nbsp;_printf_fp_dec
</UL>

<P><STRONG><a name="[b2]"></a>_printf_percent</STRONG> (Thumb, 0 bytes, Stack size unknown bytes, _printf_percent.o(.ARM.Collect$$_printf_percent$$00000000))
<BR><BR>[Called By]<UL><LI><a href="#[b0]">&gt;&gt;</a>&nbsp;&nbsp;&nbsp;__printf
</UL>

<P><STRONG><a name="[91]"></a>_printf_d</STRONG> (Thumb, 0 bytes, Stack size unknown bytes, _printf_d.o(.ARM.Collect$$_printf_percent$$00000009))
<BR><BR>[Stack]<UL><LI>Max Depth = 72 + Unknown Stack Size
<LI>Call Chain = _printf_d &rArr; _printf_int_dec &rArr; _printf_int_common &rArr; _printf_post_padding
</UL>
<BR>[Calls]<UL><LI><a href="#[92]">&gt;&gt;</a>&nbsp;&nbsp;&nbsp;_printf_int_dec
</UL>

<P><STRONG><a name="[93]"></a>_printf_x</STRONG> (Thumb, 0 bytes, Stack size unknown bytes, _printf_x.o(.ARM.Collect$$_printf_percent$$0000000C))
<BR><BR>[Stack]<UL><LI>Max Depth = 64 + Unknown Stack Size
<LI>Call Chain = _printf_x &rArr; _printf_int_hex &rArr; _printf_int_common &rArr; _printf_post_padding
</UL>
<BR>[Calls]<UL><LI><a href="#[94]">&gt;&gt;</a>&nbsp;&nbsp;&nbsp;_printf_int_hex
</UL>

<P><STRONG><a name="[95]"></a>_printf_c</STRONG> (Thumb, 0 bytes, Stack size unknown bytes, _printf_c.o(.ARM.Collect$$_printf_percent$$00000013))
<BR><BR>[Stack]<UL><LI>Max Depth = 40 + Unknown Stack Size
<LI>Call Chain = _printf_c &rArr; _printf_char &rArr; _printf_cs_common &rArr; _printf_str &rArr; _printf_post_padding
</UL>
<BR>[Calls]<UL><LI><a href="#[96]">&gt;&gt;</a>&nbsp;&nbsp;&nbsp;_printf_char
</UL>

<P><STRONG><a name="[97]"></a>_printf_s</STRONG> (Thumb, 0 bytes, Stack size unknown bytes, _printf_s.o(.ARM.Collect$$_printf_percent$$00000014))
<BR><BR>[Stack]<UL><LI>Max Depth = 40 + Unknown Stack Size
<LI>Call Chain = _printf_s &rArr; _printf_string &rArr; _printf_cs_common &rArr; _printf_str &rArr; _printf_post_padding
</UL>
<BR>[Calls]<UL><LI><a href="#[98]">&gt;&gt;</a>&nbsp;&nbsp;&nbsp;_printf_string
</UL>

<P><STRONG><a name="[128]"></a>_printf_percent_end</STRONG> (Thumb, 0 bytes, Stack size unknown bytes, _printf_percent_end.o(.ARM.Collect$$_printf_percent$$00000017))

<P><STRONG><a name="[a2]"></a>__rt_lib_init</STRONG> (Thumb, 0 bytes, Stack size unknown bytes, libinit.o(.ARM.Collect$$libinit$$00000000))
<BR><BR>[Called By]<UL><LI><a href="#[a1]">&gt;&gt;</a>&nbsp;&nbsp;&nbsp;__rt_entry_li
</UL>

<P><STRONG><a name="[99]"></a>__rt_lib_init_fp_1</STRONG> (Thumb, 0 bytes, Stack size unknown bytes, libinit2.o(.ARM.Collect$$libinit$$00000001))
<BR><BR>[Calls]<UL><LI><a href="#[9a]">&gt;&gt;</a>&nbsp;&nbsp;&nbsp;_fp_init
</UL>

<P><STRONG><a name="[129]"></a>__rt_lib_init_heap_1</STRONG> (Thumb, 0 bytes, Stack size unknown bytes, libinit2.o(.ARM.Collect$$libinit$$0000000A))

<P><STRONG><a name="[9b]"></a>__rt_lib_init_lc_common</STRONG> (Thumb, 0 bytes, Stack size unknown bytes, libinit2.o(.ARM.Collect$$libinit$$0000000F))
<BR><BR>[Calls]<UL><LI><a href="#[9c]">&gt;&gt;</a>&nbsp;&nbsp;&nbsp;__rt_locale
</UL>

<P><STRONG><a name="[12a]"></a>__rt_lib_init_preinit_1</STRONG> (Thumb, 0 bytes, Stack size unknown bytes, libinit2.o(.ARM.Collect$$libinit$$00000004))

<P><STRONG><a name="[12b]"></a>__rt_lib_init_rand_1</STRONG> (Thumb, 0 bytes, Stack size unknown bytes, libinit2.o(.ARM.Collect$$libinit$$0000000E))

<P><STRONG><a name="[12c]"></a>__rt_lib_init_user_alloc_1</STRONG> (Thumb, 0 bytes, Stack size unknown bytes, libinit2.o(.ARM.Collect$$libinit$$0000000C))

<P><STRONG><a name="[12d]"></a>__rt_lib_init_lc_collate_1</STRONG> (Thumb, 0 bytes, Stack size unknown bytes, libinit2.o(.ARM.Collect$$libinit$$00000011))

<P><STRONG><a name="[12e]"></a>__rt_lib_init_lc_ctype_1</STRONG> (Thumb, 0 bytes, Stack size unknown bytes, libinit2.o(.ARM.Collect$$libinit$$00000013))

<P><STRONG><a name="[12f]"></a>__rt_lib_init_lc_monetary_1</STRONG> (Thumb, 0 bytes, Stack size unknown bytes, libinit2.o(.ARM.Collect$$libinit$$00000015))

<P><STRONG><a name="[9d]"></a>__rt_lib_init_lc_numeric_2</STRONG> (Thumb, 0 bytes, Stack size unknown bytes, libinit2.o(.ARM.Collect$$libinit$$00000016))
<BR><BR>[Stack]<UL><LI>Max Depth = 8 + Unknown Stack Size
<LI>Call Chain = __rt_lib_init_lc_numeric_2 &rArr; _get_lc_numeric
</UL>
<BR>[Calls]<UL><LI><a href="#[9e]">&gt;&gt;</a>&nbsp;&nbsp;&nbsp;_get_lc_numeric
</UL>

<P><STRONG><a name="[130]"></a>__rt_lib_init_alloca_1</STRONG> (Thumb, 0 bytes, Stack size unknown bytes, libinit2.o(.ARM.Collect$$libinit$$0000002E))

<P><STRONG><a name="[131]"></a>__rt_lib_init_argv_1</STRONG> (Thumb, 0 bytes, Stack size unknown bytes, libinit2.o(.ARM.Collect$$libinit$$0000002C))

<P><STRONG><a name="[132]"></a>__rt_lib_init_atexit_1</STRONG> (Thumb, 0 bytes, Stack size unknown bytes, libinit2.o(.ARM.Collect$$libinit$$0000001B))

<P><STRONG><a name="[133]"></a>__rt_lib_init_clock_1</STRONG> (Thumb, 0 bytes, Stack size unknown bytes, libinit2.o(.ARM.Collect$$libinit$$00000021))

<P><STRONG><a name="[134]"></a>__rt_lib_init_cpp_1</STRONG> (Thumb, 0 bytes, Stack size unknown bytes, libinit2.o(.ARM.Collect$$libinit$$00000032))

<P><STRONG><a name="[135]"></a>__rt_lib_init_exceptions_1</STRONG> (Thumb, 0 bytes, Stack size unknown bytes, libinit2.o(.ARM.Collect$$libinit$$00000030))

<P><STRONG><a name="[136]"></a>__rt_lib_init_fp_trap_1</STRONG> (Thumb, 0 bytes, Stack size unknown bytes, libinit2.o(.ARM.Collect$$libinit$$0000001F))

<P><STRONG><a name="[137]"></a>__rt_lib_init_getenv_1</STRONG> (Thumb, 0 bytes, Stack size unknown bytes, libinit2.o(.ARM.Collect$$libinit$$00000023))

<P><STRONG><a name="[138]"></a>__rt_lib_init_lc_numeric_1</STRONG> (Thumb, 0 bytes, Stack size unknown bytes, libinit2.o(.ARM.Collect$$libinit$$00000017))

<P><STRONG><a name="[139]"></a>__rt_lib_init_lc_time_1</STRONG> (Thumb, 0 bytes, Stack size unknown bytes, libinit2.o(.ARM.Collect$$libinit$$00000019))

<P><STRONG><a name="[13a]"></a>__rt_lib_init_return</STRONG> (Thumb, 0 bytes, Stack size unknown bytes, libinit2.o(.ARM.Collect$$libinit$$00000033))

<P><STRONG><a name="[13b]"></a>__rt_lib_init_signal_1</STRONG> (Thumb, 0 bytes, Stack size unknown bytes, libinit2.o(.ARM.Collect$$libinit$$0000001D))

<P><STRONG><a name="[13c]"></a>__rt_lib_init_stdio_1</STRONG> (Thumb, 0 bytes, Stack size unknown bytes, libinit2.o(.ARM.Collect$$libinit$$00000025))

<P><STRONG><a name="[a7]"></a>__rt_lib_shutdown</STRONG> (Thumb, 0 bytes, Stack size unknown bytes, libshutdown.o(.ARM.Collect$$libshutdown$$00000000))
<BR><BR>[Called By]<UL><LI><a href="#[a6]">&gt;&gt;</a>&nbsp;&nbsp;&nbsp;__rt_exit_ls
</UL>

<P><STRONG><a name="[13d]"></a>__rt_lib_shutdown_cpp_1</STRONG> (Thumb, 0 bytes, Stack size unknown bytes, libshutdown2.o(.ARM.Collect$$libshutdown$$00000002))

<P><STRONG><a name="[13e]"></a>__rt_lib_shutdown_fp_trap_1</STRONG> (Thumb, 0 bytes, Stack size unknown bytes, libshutdown2.o(.ARM.Collect$$libshutdown$$00000007))

<P><STRONG><a name="[13f]"></a>__rt_lib_shutdown_heap_1</STRONG> (Thumb, 0 bytes, Stack size unknown bytes, libshutdown2.o(.ARM.Collect$$libshutdown$$0000000F))

<P><STRONG><a name="[140]"></a>__rt_lib_shutdown_return</STRONG> (Thumb, 0 bytes, Stack size unknown bytes, libshutdown2.o(.ARM.Collect$$libshutdown$$00000010))

<P><STRONG><a name="[141]"></a>__rt_lib_shutdown_signal_1</STRONG> (Thumb, 0 bytes, Stack size unknown bytes, libshutdown2.o(.ARM.Collect$$libshutdown$$0000000A))

<P><STRONG><a name="[142]"></a>__rt_lib_shutdown_stdio_1</STRONG> (Thumb, 0 bytes, Stack size unknown bytes, libshutdown2.o(.ARM.Collect$$libshutdown$$00000004))

<P><STRONG><a name="[143]"></a>__rt_lib_shutdown_user_alloc_1</STRONG> (Thumb, 0 bytes, Stack size unknown bytes, libshutdown2.o(.ARM.Collect$$libshutdown$$0000000C))

<P><STRONG><a name="[8d]"></a>__rt_entry</STRONG> (Thumb, 0 bytes, Stack size unknown bytes, __rtentry.o(.ARM.Collect$$rtentry$$00000000))
<BR><BR>[Called By]<UL><LI><a href="#[8a]">&gt;&gt;</a>&nbsp;&nbsp;&nbsp;__main
<LI><a href="#[8e]">&gt;&gt;</a>&nbsp;&nbsp;&nbsp;__scatterload_rt2
</UL>

<P><STRONG><a name="[144]"></a>__rt_entry_presh_1</STRONG> (Thumb, 0 bytes, Stack size unknown bytes, __rtentry2.o(.ARM.Collect$$rtentry$$00000002))

<P><STRONG><a name="[9f]"></a>__rt_entry_sh</STRONG> (Thumb, 0 bytes, Stack size unknown bytes, __rtentry4.o(.ARM.Collect$$rtentry$$00000004))
<BR><BR>[Stack]<UL><LI>Max Depth = 8 + Unknown Stack Size
<LI>Call Chain = __rt_entry_sh &rArr; __user_setup_stackheap
</UL>
<BR>[Calls]<UL><LI><a href="#[a0]">&gt;&gt;</a>&nbsp;&nbsp;&nbsp;__user_setup_stackheap
</UL>

<P><STRONG><a name="[a1]"></a>__rt_entry_li</STRONG> (Thumb, 0 bytes, Stack size unknown bytes, __rtentry2.o(.ARM.Collect$$rtentry$$0000000A))
<BR><BR>[Calls]<UL><LI><a href="#[a2]">&gt;&gt;</a>&nbsp;&nbsp;&nbsp;__rt_lib_init
</UL>

<P><STRONG><a name="[145]"></a>__rt_entry_postsh_1</STRONG> (Thumb, 0 bytes, Stack size unknown bytes, __rtentry2.o(.ARM.Collect$$rtentry$$00000009))

<P><STRONG><a name="[a3]"></a>__rt_entry_main</STRONG> (Thumb, 0 bytes, Stack size unknown bytes, __rtentry2.o(.ARM.Collect$$rtentry$$0000000D))
<BR><BR>[Stack]<UL><LI>Max Depth = 144 + Unknown Stack Size
<LI>Call Chain = __rt_entry_main &rArr; main &rArr; __2printf &rArr; _printf_char_file &rArr; _printf_char_common &rArr; __printf
</UL>
<BR>[Calls]<UL><LI><a href="#[a4]">&gt;&gt;</a>&nbsp;&nbsp;&nbsp;main
<LI><a href="#[a5]">&gt;&gt;</a>&nbsp;&nbsp;&nbsp;exit
</UL>

<P><STRONG><a name="[146]"></a>__rt_entry_postli_1</STRONG> (Thumb, 0 bytes, Stack size unknown bytes, __rtentry2.o(.ARM.Collect$$rtentry$$0000000C))

<P><STRONG><a name="[c0]"></a>__rt_exit</STRONG> (Thumb, 0 bytes, Stack size unknown bytes, rtexit.o(.ARM.Collect$$rtexit$$00000000))
<BR><BR>[Called By]<UL><LI><a href="#[a5]">&gt;&gt;</a>&nbsp;&nbsp;&nbsp;exit
</UL>

<P><STRONG><a name="[a6]"></a>__rt_exit_ls</STRONG> (Thumb, 0 bytes, Stack size unknown bytes, rtexit2.o(.ARM.Collect$$rtexit$$00000003))
<BR><BR>[Calls]<UL><LI><a href="#[a7]">&gt;&gt;</a>&nbsp;&nbsp;&nbsp;__rt_lib_shutdown
</UL>

<P><STRONG><a name="[147]"></a>__rt_exit_prels_1</STRONG> (Thumb, 0 bytes, Stack size unknown bytes, rtexit2.o(.ARM.Collect$$rtexit$$00000002))

<P><STRONG><a name="[a8]"></a>__rt_exit_exit</STRONG> (Thumb, 0 bytes, Stack size unknown bytes, rtexit2.o(.ARM.Collect$$rtexit$$00000004))
<BR><BR>[Calls]<UL><LI><a href="#[a9]">&gt;&gt;</a>&nbsp;&nbsp;&nbsp;_sys_exit
</UL>

<P><STRONG><a name="[89]"></a>Reset_Handler</STRONG> (Thumb, 8 bytes, Stack size 0 bytes, startup_stm32f412xg.o(.text))

<P><STRONG><a name="[2e]"></a>NMI_Handler</STRONG> (Thumb, 2 bytes, Stack size 0 bytes, startup_stm32f412xg.o(.text))
<BR><BR>[Calls]<UL><LI><a href="#[2e]">&gt;&gt;</a>&nbsp;&nbsp;&nbsp;NMI_Handler
</UL>
<BR>[Called By]<UL><LI><a href="#[2e]">&gt;&gt;</a>&nbsp;&nbsp;&nbsp;NMI_Handler
</UL>
<BR>[Address Reference Count : 1]<UL><LI> startup_stm32f412xg.o(RESET)
</UL>
<P><STRONG><a name="[2f]"></a>HardFault_Handler</STRONG> (Thumb, 2 bytes, Stack size 0 bytes, startup_stm32f412xg.o(.text))
<BR><BR>[Calls]<UL><LI><a href="#[2f]">&gt;&gt;</a>&nbsp;&nbsp;&nbsp;HardFault_Handler
</UL>
<BR>[Called By]<UL><LI><a href="#[2f]">&gt;&gt;</a>&nbsp;&nbsp;&nbsp;HardFault_Handler
</UL>
<BR>[Address Reference Count : 1]<UL><LI> startup_stm32f412xg.o(RESET)
</UL>
<P><STRONG><a name="[30]"></a>MemManage_Handler</STRONG> (Thumb, 2 bytes, Stack size 0 bytes, startup_stm32f412xg.o(.text))
<BR><BR>[Calls]<UL><LI><a href="#[30]">&gt;&gt;</a>&nbsp;&nbsp;&nbsp;MemManage_Handler
</UL>
<BR>[Called By]<UL><LI><a href="#[30]">&gt;&gt;</a>&nbsp;&nbsp;&nbsp;MemManage_Handler
</UL>
<BR>[Address Reference Count : 1]<UL><LI> startup_stm32f412xg.o(RESET)
</UL>
<P><STRONG><a name="[31]"></a>BusFault_Handler</STRONG> (Thumb, 2 bytes, Stack size 0 bytes, startup_stm32f412xg.o(.text))
<BR><BR>[Calls]<UL><LI><a href="#[31]">&gt;&gt;</a>&nbsp;&nbsp;&nbsp;BusFault_Handler
</UL>
<BR>[Called By]<UL><LI><a href="#[31]">&gt;&gt;</a>&nbsp;&nbsp;&nbsp;BusFault_Handler
</UL>
<BR>[Address Reference Count : 1]<UL><LI> startup_stm32f412xg.o(RESET)
</UL>
<P><STRONG><a name="[32]"></a>UsageFault_Handler</STRONG> (Thumb, 2 bytes, Stack size 0 bytes, startup_stm32f412xg.o(.text))
<BR><BR>[Calls]<UL><LI><a href="#[32]">&gt;&gt;</a>&nbsp;&nbsp;&nbsp;UsageFault_Handler
</UL>
<BR>[Called By]<UL><LI><a href="#[32]">&gt;&gt;</a>&nbsp;&nbsp;&nbsp;UsageFault_Handler
</UL>
<BR>[Address Reference Count : 1]<UL><LI> startup_stm32f412xg.o(RESET)
</UL>
<P><STRONG><a name="[33]"></a>SVC_Handler</STRONG> (Thumb, 2 bytes, Stack size 0 bytes, startup_stm32f412xg.o(.text))
<BR><BR>[Calls]<UL><LI><a href="#[33]">&gt;&gt;</a>&nbsp;&nbsp;&nbsp;SVC_Handler
</UL>
<BR>[Called By]<UL><LI><a href="#[33]">&gt;&gt;</a>&nbsp;&nbsp;&nbsp;SVC_Handler
</UL>
<BR>[Address Reference Count : 1]<UL><LI> startup_stm32f412xg.o(RESET)
</UL>
<P><STRONG><a name="[34]"></a>DebugMon_Handler</STRONG> (Thumb, 2 bytes, Stack size 0 bytes, startup_stm32f412xg.o(.text))
<BR><BR>[Calls]<UL><LI><a href="#[34]">&gt;&gt;</a>&nbsp;&nbsp;&nbsp;DebugMon_Handler
</UL>
<BR>[Called By]<UL><LI><a href="#[34]">&gt;&gt;</a>&nbsp;&nbsp;&nbsp;DebugMon_Handler
</UL>
<BR>[Address Reference Count : 1]<UL><LI> startup_stm32f412xg.o(RESET)
</UL>
<P><STRONG><a name="[35]"></a>PendSV_Handler</STRONG> (Thumb, 2 bytes, Stack size 0 bytes, startup_stm32f412xg.o(.text))
<BR><BR>[Calls]<UL><LI><a href="#[35]">&gt;&gt;</a>&nbsp;&nbsp;&nbsp;PendSV_Handler
</UL>
<BR>[Called By]<UL><LI><a href="#[35]">&gt;&gt;</a>&nbsp;&nbsp;&nbsp;PendSV_Handler
</UL>
<BR>[Address Reference Count : 1]<UL><LI> startup_stm32f412xg.o(RESET)
</UL>
<P><STRONG><a name="[36]"></a>SysTick_Handler</STRONG> (Thumb, 2 bytes, Stack size 0 bytes, startup_stm32f412xg.o(.text))
<BR><BR>[Calls]<UL><LI><a href="#[36]">&gt;&gt;</a>&nbsp;&nbsp;&nbsp;SysTick_Handler
</UL>
<BR>[Called By]<UL><LI><a href="#[36]">&gt;&gt;</a>&nbsp;&nbsp;&nbsp;SysTick_Handler
</UL>
<BR>[Address Reference Count : 1]<UL><LI> startup_stm32f412xg.o(RESET)
</UL>
<P><STRONG><a name="[4b]"></a>CAN1_RX0_IRQHandler</STRONG> (Thumb, 0 bytes, Stack size 0 bytes, startup_stm32f412xg.o(.text))
<BR><BR>[Calls]<UL><LI><a href="#[4b]">&gt;&gt;</a>&nbsp;&nbsp;&nbsp;CAN1_RX0_IRQHandler
</UL>
<BR>[Called By]<UL><LI><a href="#[4b]">&gt;&gt;</a>&nbsp;&nbsp;&nbsp;CAN1_RX0_IRQHandler
</UL>
<BR>[Address Reference Count : 1]<UL><LI> startup_stm32f412xg.o(RESET)
</UL>
<P><STRONG><a name="[4c]"></a>CAN1_RX1_IRQHandler</STRONG> (Thumb, 0 bytes, Stack size 0 bytes, startup_stm32f412xg.o(.text))
<BR>[Address Reference Count : 1]<UL><LI> startup_stm32f412xg.o(RESET)
</UL>
<P><STRONG><a name="[4d]"></a>CAN1_SCE_IRQHandler</STRONG> (Thumb, 0 bytes, Stack size 0 bytes, startup_stm32f412xg.o(.text))
<BR>[Address Reference Count : 1]<UL><LI> startup_stm32f412xg.o(RESET)
</UL>
<P><STRONG><a name="[4a]"></a>CAN1_TX_IRQHandler</STRONG> (Thumb, 0 bytes, Stack size 0 bytes, startup_stm32f412xg.o(.text))
<BR>[Address Reference Count : 1]<UL><LI> startup_stm32f412xg.o(RESET)
</UL>
<P><STRONG><a name="[74]"></a>CAN2_RX0_IRQHandler</STRONG> (Thumb, 0 bytes, Stack size 0 bytes, startup_stm32f412xg.o(.text))
<BR>[Address Reference Count : 1]<UL><LI> startup_stm32f412xg.o(RESET)
</UL>
<P><STRONG><a name="[75]"></a>CAN2_RX1_IRQHandler</STRONG> (Thumb, 0 bytes, Stack size 0 bytes, startup_stm32f412xg.o(.text))
<BR>[Address Reference Count : 1]<UL><LI> startup_stm32f412xg.o(RESET)
</UL>
<P><STRONG><a name="[76]"></a>CAN2_SCE_IRQHandler</STRONG> (Thumb, 0 bytes, Stack size 0 bytes, startup_stm32f412xg.o(.text))
<BR>[Address Reference Count : 1]<UL><LI> startup_stm32f412xg.o(RESET)
</UL>
<P><STRONG><a name="[73]"></a>CAN2_TX_IRQHandler</STRONG> (Thumb, 0 bytes, Stack size 0 bytes, startup_stm32f412xg.o(.text))
<BR>[Address Reference Count : 1]<UL><LI> startup_stm32f412xg.o(RESET)
</UL>
<P><STRONG><a name="[71]"></a>DFSDM1_FLT0_IRQHandler</STRONG> (Thumb, 0 bytes, Stack size 0 bytes, startup_stm32f412xg.o(.text))
<BR>[Address Reference Count : 1]<UL><LI> startup_stm32f412xg.o(RESET)
</UL>
<P><STRONG><a name="[72]"></a>DFSDM1_FLT1_IRQHandler</STRONG> (Thumb, 0 bytes, Stack size 0 bytes, startup_stm32f412xg.o(.text))
<BR>[Address Reference Count : 1]<UL><LI> startup_stm32f412xg.o(RESET)
</UL>
<P><STRONG><a name="[42]"></a>DMA1_Stream0_IRQHandler</STRONG> (Thumb, 0 bytes, Stack size 0 bytes, startup_stm32f412xg.o(.text))
<BR>[Address Reference Count : 1]<UL><LI> startup_stm32f412xg.o(RESET)
</UL>
<P><STRONG><a name="[43]"></a>DMA1_Stream1_IRQHandler</STRONG> (Thumb, 0 bytes, Stack size 0 bytes, startup_stm32f412xg.o(.text))
<BR>[Address Reference Count : 1]<UL><LI> startup_stm32f412xg.o(RESET)
</UL>
<P><STRONG><a name="[44]"></a>DMA1_Stream2_IRQHandler</STRONG> (Thumb, 0 bytes, Stack size 0 bytes, startup_stm32f412xg.o(.text))
<BR>[Address Reference Count : 1]<UL><LI> startup_stm32f412xg.o(RESET)
</UL>
<P><STRONG><a name="[45]"></a>DMA1_Stream3_IRQHandler</STRONG> (Thumb, 0 bytes, Stack size 0 bytes, startup_stm32f412xg.o(.text))
<BR>[Address Reference Count : 1]<UL><LI> startup_stm32f412xg.o(RESET)
</UL>
<P><STRONG><a name="[46]"></a>DMA1_Stream4_IRQHandler</STRONG> (Thumb, 0 bytes, Stack size 0 bytes, startup_stm32f412xg.o(.text))
<BR>[Address Reference Count : 1]<UL><LI> startup_stm32f412xg.o(RESET)
</UL>
<P><STRONG><a name="[47]"></a>DMA1_Stream5_IRQHandler</STRONG> (Thumb, 0 bytes, Stack size 0 bytes, startup_stm32f412xg.o(.text))
<BR>[Address Reference Count : 1]<UL><LI> startup_stm32f412xg.o(RESET)
</UL>
<P><STRONG><a name="[48]"></a>DMA1_Stream6_IRQHandler</STRONG> (Thumb, 0 bytes, Stack size 0 bytes, startup_stm32f412xg.o(.text))
<BR>[Address Reference Count : 1]<UL><LI> startup_stm32f412xg.o(RESET)
</UL>
<P><STRONG><a name="[66]"></a>DMA1_Stream7_IRQHandler</STRONG> (Thumb, 0 bytes, Stack size 0 bytes, startup_stm32f412xg.o(.text))
<BR>[Address Reference Count : 1]<UL><LI> startup_stm32f412xg.o(RESET)
</UL>
<P><STRONG><a name="[6c]"></a>DMA2_Stream0_IRQHandler</STRONG> (Thumb, 0 bytes, Stack size 0 bytes, startup_stm32f412xg.o(.text))
<BR>[Address Reference Count : 1]<UL><LI> startup_stm32f412xg.o(RESET)
</UL>
<P><STRONG><a name="[6d]"></a>DMA2_Stream1_IRQHandler</STRONG> (Thumb, 0 bytes, Stack size 0 bytes, startup_stm32f412xg.o(.text))
<BR>[Address Reference Count : 1]<UL><LI> startup_stm32f412xg.o(RESET)
</UL>
<P><STRONG><a name="[6e]"></a>DMA2_Stream2_IRQHandler</STRONG> (Thumb, 0 bytes, Stack size 0 bytes, startup_stm32f412xg.o(.text))
<BR>[Address Reference Count : 1]<UL><LI> startup_stm32f412xg.o(RESET)
</UL>
<P><STRONG><a name="[6f]"></a>DMA2_Stream3_IRQHandler</STRONG> (Thumb, 0 bytes, Stack size 0 bytes, startup_stm32f412xg.o(.text))
<BR>[Address Reference Count : 1]<UL><LI> startup_stm32f412xg.o(RESET)
</UL>
<P><STRONG><a name="[70]"></a>DMA2_Stream4_IRQHandler</STRONG> (Thumb, 0 bytes, Stack size 0 bytes, startup_stm32f412xg.o(.text))
<BR>[Address Reference Count : 1]<UL><LI> startup_stm32f412xg.o(RESET)
</UL>
<P><STRONG><a name="[78]"></a>DMA2_Stream5_IRQHandler</STRONG> (Thumb, 0 bytes, Stack size 0 bytes, startup_stm32f412xg.o(.text))
<BR>[Address Reference Count : 1]<UL><LI> startup_stm32f412xg.o(RESET)
</UL>
<P><STRONG><a name="[79]"></a>DMA2_Stream6_IRQHandler</STRONG> (Thumb, 0 bytes, Stack size 0 bytes, startup_stm32f412xg.o(.text))
<BR>[Address Reference Count : 1]<UL><LI> startup_stm32f412xg.o(RESET)
</UL>
<P><STRONG><a name="[7a]"></a>DMA2_Stream7_IRQHandler</STRONG> (Thumb, 0 bytes, Stack size 0 bytes, startup_stm32f412xg.o(.text))
<BR>[Address Reference Count : 1]<UL><LI> startup_stm32f412xg.o(RESET)
</UL>
<P><STRONG><a name="[3d]"></a>EXTI0_IRQHandler</STRONG> (Thumb, 0 bytes, Stack size 0 bytes, startup_stm32f412xg.o(.text))
<BR>[Address Reference Count : 1]<UL><LI> startup_stm32f412xg.o(RESET)
</UL>
<P><STRONG><a name="[5f]"></a>EXTI15_10_IRQHandler</STRONG> (Thumb, 0 bytes, Stack size 0 bytes, startup_stm32f412xg.o(.text))
<BR>[Address Reference Count : 1]<UL><LI> startup_stm32f412xg.o(RESET)
</UL>
<P><STRONG><a name="[3e]"></a>EXTI1_IRQHandler</STRONG> (Thumb, 0 bytes, Stack size 0 bytes, startup_stm32f412xg.o(.text))
<BR>[Address Reference Count : 1]<UL><LI> startup_stm32f412xg.o(RESET)
</UL>
<P><STRONG><a name="[3f]"></a>EXTI2_IRQHandler</STRONG> (Thumb, 0 bytes, Stack size 0 bytes, startup_stm32f412xg.o(.text))
<BR>[Address Reference Count : 1]<UL><LI> startup_stm32f412xg.o(RESET)
</UL>
<P><STRONG><a name="[40]"></a>EXTI3_IRQHandler</STRONG> (Thumb, 0 bytes, Stack size 0 bytes, startup_stm32f412xg.o(.text))
<BR>[Address Reference Count : 1]<UL><LI> startup_stm32f412xg.o(RESET)
</UL>
<P><STRONG><a name="[41]"></a>EXTI4_IRQHandler</STRONG> (Thumb, 0 bytes, Stack size 0 bytes, startup_stm32f412xg.o(.text))
<BR>[Address Reference Count : 1]<UL><LI> startup_stm32f412xg.o(RESET)
</UL>
<P><STRONG><a name="[4e]"></a>EXTI9_5_IRQHandler</STRONG> (Thumb, 0 bytes, Stack size 0 bytes, startup_stm32f412xg.o(.text))
<BR>[Address Reference Count : 1]<UL><LI> startup_stm32f412xg.o(RESET)
</UL>
<P><STRONG><a name="[3b]"></a>FLASH_IRQHandler</STRONG> (Thumb, 0 bytes, Stack size 0 bytes, startup_stm32f412xg.o(.text))
<BR>[Address Reference Count : 1]<UL><LI> startup_stm32f412xg.o(RESET)
</UL>
<P><STRONG><a name="[84]"></a>FMPI2C1_ER_IRQHandler</STRONG> (Thumb, 0 bytes, Stack size 0 bytes, startup_stm32f412xg.o(.text))
<BR>[Address Reference Count : 1]<UL><LI> startup_stm32f412xg.o(RESET)
</UL>
<P><STRONG><a name="[83]"></a>FMPI2C1_EV_IRQHandler</STRONG> (Thumb, 0 bytes, Stack size 0 bytes, startup_stm32f412xg.o(.text))
<BR>[Address Reference Count : 1]<UL><LI> startup_stm32f412xg.o(RESET)
</UL>
<P><STRONG><a name="[7f]"></a>FPU_IRQHandler</STRONG> (Thumb, 0 bytes, Stack size 0 bytes, startup_stm32f412xg.o(.text))
<BR>[Address Reference Count : 1]<UL><LI> startup_stm32f412xg.o(RESET)
</UL>
<P><STRONG><a name="[57]"></a>I2C1_ER_IRQHandler</STRONG> (Thumb, 0 bytes, Stack size 0 bytes, startup_stm32f412xg.o(.text))
<BR>[Address Reference Count : 1]<UL><LI> startup_stm32f412xg.o(RESET)
</UL>
<P><STRONG><a name="[56]"></a>I2C1_EV_IRQHandler</STRONG> (Thumb, 0 bytes, Stack size 0 bytes, startup_stm32f412xg.o(.text))
<BR>[Address Reference Count : 1]<UL><LI> startup_stm32f412xg.o(RESET)
</UL>
<P><STRONG><a name="[59]"></a>I2C2_ER_IRQHandler</STRONG> (Thumb, 0 bytes, Stack size 0 bytes, startup_stm32f412xg.o(.text))
<BR>[Address Reference Count : 1]<UL><LI> startup_stm32f412xg.o(RESET)
</UL>
<P><STRONG><a name="[58]"></a>I2C2_EV_IRQHandler</STRONG> (Thumb, 0 bytes, Stack size 0 bytes, startup_stm32f412xg.o(.text))
<BR>[Address Reference Count : 1]<UL><LI> startup_stm32f412xg.o(RESET)
</UL>
<P><STRONG><a name="[7d]"></a>I2C3_ER_IRQHandler</STRONG> (Thumb, 0 bytes, Stack size 0 bytes, startup_stm32f412xg.o(.text))
<BR>[Address Reference Count : 1]<UL><LI> startup_stm32f412xg.o(RESET)
</UL>
<P><STRONG><a name="[7c]"></a>I2C3_EV_IRQHandler</STRONG> (Thumb, 0 bytes, Stack size 0 bytes, startup_stm32f412xg.o(.text))
<BR>[Address Reference Count : 1]<UL><LI> startup_stm32f412xg.o(RESET)
</UL>
<P><STRONG><a name="[77]"></a>OTG_FS_IRQHandler</STRONG> (Thumb, 0 bytes, Stack size 0 bytes, startup_stm32f412xg.o(.text))
<BR>[Address Reference Count : 1]<UL><LI> startup_stm32f412xg.o(RESET)
</UL>
<P><STRONG><a name="[61]"></a>OTG_FS_WKUP_IRQHandler</STRONG> (Thumb, 0 bytes, Stack size 0 bytes, startup_stm32f412xg.o(.text))
<BR>[Address Reference Count : 1]<UL><LI> startup_stm32f412xg.o(RESET)
</UL>
<P><STRONG><a name="[38]"></a>PVD_IRQHandler</STRONG> (Thumb, 0 bytes, Stack size 0 bytes, startup_stm32f412xg.o(.text))
<BR>[Address Reference Count : 1]<UL><LI> startup_stm32f412xg.o(RESET)
</UL>
<P><STRONG><a name="[82]"></a>QUADSPI_IRQHandler</STRONG> (Thumb, 0 bytes, Stack size 0 bytes, startup_stm32f412xg.o(.text))
<BR>[Address Reference Count : 1]<UL><LI> startup_stm32f412xg.o(RESET)
</UL>
<P><STRONG><a name="[3c]"></a>RCC_IRQHandler</STRONG> (Thumb, 0 bytes, Stack size 0 bytes, startup_stm32f412xg.o(.text))
<BR>[Address Reference Count : 1]<UL><LI> startup_stm32f412xg.o(RESET)
</UL>
<P><STRONG><a name="[7e]"></a>RNG_IRQHandler</STRONG> (Thumb, 0 bytes, Stack size 0 bytes, startup_stm32f412xg.o(.text))
<BR>[Address Reference Count : 1]<UL><LI> startup_stm32f412xg.o(RESET)
</UL>
<P><STRONG><a name="[60]"></a>RTC_Alarm_IRQHandler</STRONG> (Thumb, 0 bytes, Stack size 0 bytes, startup_stm32f412xg.o(.text))
<BR>[Address Reference Count : 1]<UL><LI> startup_stm32f412xg.o(RESET)
</UL>
<P><STRONG><a name="[3a]"></a>RTC_WKUP_IRQHandler</STRONG> (Thumb, 0 bytes, Stack size 0 bytes, startup_stm32f412xg.o(.text))
<BR>[Address Reference Count : 1]<UL><LI> startup_stm32f412xg.o(RESET)
</UL>
<P><STRONG><a name="[67]"></a>SDIO_IRQHandler</STRONG> (Thumb, 0 bytes, Stack size 0 bytes, startup_stm32f412xg.o(.text))
<BR>[Address Reference Count : 1]<UL><LI> startup_stm32f412xg.o(RESET)
</UL>
<P><STRONG><a name="[5a]"></a>SPI1_IRQHandler</STRONG> (Thumb, 0 bytes, Stack size 0 bytes, startup_stm32f412xg.o(.text))
<BR>[Address Reference Count : 1]<UL><LI> startup_stm32f412xg.o(RESET)
</UL>
<P><STRONG><a name="[5b]"></a>SPI2_IRQHandler</STRONG> (Thumb, 0 bytes, Stack size 0 bytes, startup_stm32f412xg.o(.text))
<BR>[Address Reference Count : 1]<UL><LI> startup_stm32f412xg.o(RESET)
</UL>
<P><STRONG><a name="[69]"></a>SPI3_IRQHandler</STRONG> (Thumb, 0 bytes, Stack size 0 bytes, startup_stm32f412xg.o(.text))
<BR>[Address Reference Count : 1]<UL><LI> startup_stm32f412xg.o(RESET)
</UL>
<P><STRONG><a name="[80]"></a>SPI4_IRQHandler</STRONG> (Thumb, 0 bytes, Stack size 0 bytes, startup_stm32f412xg.o(.text))
<BR>[Address Reference Count : 1]<UL><LI> startup_stm32f412xg.o(RESET)
</UL>
<P><STRONG><a name="[81]"></a>SPI5_IRQHandler</STRONG> (Thumb, 0 bytes, Stack size 0 bytes, startup_stm32f412xg.o(.text))
<BR>[Address Reference Count : 1]<UL><LI> startup_stm32f412xg.o(RESET)
</UL>
<P><STRONG><a name="[39]"></a>TAMP_STAMP_IRQHandler</STRONG> (Thumb, 0 bytes, Stack size 0 bytes, startup_stm32f412xg.o(.text))
<BR>[Address Reference Count : 1]<UL><LI> startup_stm32f412xg.o(RESET)
</UL>
<P><STRONG><a name="[4f]"></a>TIM1_BRK_TIM9_IRQHandler</STRONG> (Thumb, 0 bytes, Stack size 0 bytes, startup_stm32f412xg.o(.text))
<BR>[Address Reference Count : 1]<UL><LI> startup_stm32f412xg.o(RESET)
</UL>
<P><STRONG><a name="[51]"></a>TIM1_TRG_COM_TIM11_IRQHandler</STRONG> (Thumb, 0 bytes, Stack size 0 bytes, startup_stm32f412xg.o(.text))
<BR>[Address Reference Count : 1]<UL><LI> startup_stm32f412xg.o(RESET)
</UL>
<P><STRONG><a name="[50]"></a>TIM1_UP_TIM10_IRQHandler</STRONG> (Thumb, 0 bytes, Stack size 0 bytes, startup_stm32f412xg.o(.text))
<BR>[Address Reference Count : 1]<UL><LI> startup_stm32f412xg.o(RESET)
</UL>
<P><STRONG><a name="[53]"></a>TIM2_IRQHandler</STRONG> (Thumb, 0 bytes, Stack size 0 bytes, startup_stm32f412xg.o(.text))
<BR>[Address Reference Count : 1]<UL><LI> startup_stm32f412xg.o(RESET)
</UL>
<P><STRONG><a name="[55]"></a>TIM4_IRQHandler</STRONG> (Thumb, 0 bytes, Stack size 0 bytes, startup_stm32f412xg.o(.text))
<BR>[Address Reference Count : 1]<UL><LI> startup_stm32f412xg.o(RESET)
</UL>
<P><STRONG><a name="[68]"></a>TIM5_IRQHandler</STRONG> (Thumb, 0 bytes, Stack size 0 bytes, startup_stm32f412xg.o(.text))
<BR>[Address Reference Count : 1]<UL><LI> startup_stm32f412xg.o(RESET)
</UL>
<P><STRONG><a name="[6a]"></a>TIM6_IRQHandler</STRONG> (Thumb, 0 bytes, Stack size 0 bytes, startup_stm32f412xg.o(.text))
<BR>[Address Reference Count : 1]<UL><LI> startup_stm32f412xg.o(RESET)
</UL>
<P><STRONG><a name="[6b]"></a>TIM7_IRQHandler</STRONG> (Thumb, 0 bytes, Stack size 0 bytes, startup_stm32f412xg.o(.text))
<BR>[Address Reference Count : 1]<UL><LI> startup_stm32f412xg.o(RESET)
</UL>
<P><STRONG><a name="[62]"></a>TIM8_BRK_TIM12_IRQHandler</STRONG> (Thumb, 0 bytes, Stack size 0 bytes, startup_stm32f412xg.o(.text))
<BR>[Address Reference Count : 1]<UL><LI> startup_stm32f412xg.o(RESET)
</UL>
<P><STRONG><a name="[65]"></a>TIM8_CC_IRQHandler</STRONG> (Thumb, 0 bytes, Stack size 0 bytes, startup_stm32f412xg.o(.text))
<BR>[Address Reference Count : 1]<UL><LI> startup_stm32f412xg.o(RESET)
</UL>
<P><STRONG><a name="[64]"></a>TIM8_TRG_COM_TIM14_IRQHandler</STRONG> (Thumb, 0 bytes, Stack size 0 bytes, startup_stm32f412xg.o(.text))
<BR>[Address Reference Count : 1]<UL><LI> startup_stm32f412xg.o(RESET)
</UL>
<P><STRONG><a name="[63]"></a>TIM8_UP_TIM13_IRQHandler</STRONG> (Thumb, 0 bytes, Stack size 0 bytes, startup_stm32f412xg.o(.text))
<BR>[Address Reference Count : 1]<UL><LI> startup_stm32f412xg.o(RESET)
</UL>
<P><STRONG><a name="[5c]"></a>USART1_IRQHandler</STRONG> (Thumb, 0 bytes, Stack size 0 bytes, startup_stm32f412xg.o(.text))
<BR>[Address Reference Count : 1]<UL><LI> startup_stm32f412xg.o(RESET)
</UL>
<P><STRONG><a name="[5d]"></a>USART2_IRQHandler</STRONG> (Thumb, 0 bytes, Stack size 0 bytes, startup_stm32f412xg.o(.text))
<BR>[Address Reference Count : 1]<UL><LI> startup_stm32f412xg.o(RESET)
</UL>
<P><STRONG><a name="[7b]"></a>USART6_IRQHandler</STRONG> (Thumb, 0 bytes, Stack size 0 bytes, startup_stm32f412xg.o(.text))
<BR>[Address Reference Count : 1]<UL><LI> startup_stm32f412xg.o(RESET)
</UL>
<P><STRONG><a name="[37]"></a>WWDG_IRQHandler</STRONG> (Thumb, 0 bytes, Stack size 0 bytes, startup_stm32f412xg.o(.text))
<BR>[Address Reference Count : 1]<UL><LI> startup_stm32f412xg.o(RESET)
</UL>
<P><STRONG><a name="[8b]"></a>__user_initial_stackheap</STRONG> (Thumb, 0 bytes, Stack size unknown bytes, startup_stm32f412xg.o(.text))
<BR><BR>[Called By]<UL><LI><a href="#[a0]">&gt;&gt;</a>&nbsp;&nbsp;&nbsp;__user_setup_stackheap
</UL>

<P><STRONG><a name="[aa]"></a>__2printf</STRONG> (Thumb, 20 bytes, Stack size 24 bytes, noretval__2printf.o(.text))
<BR><BR>[Stack]<UL><LI>Max Depth = 144 + Unknown Stack Size
<LI>Call Chain = __2printf &rArr; _printf_char_file &rArr; _printf_char_common &rArr; __printf
</UL>
<BR>[Calls]<UL><LI><a href="#[ab]">&gt;&gt;</a>&nbsp;&nbsp;&nbsp;_printf_char_file
</UL>
<BR>[Called By]<UL><LI><a href="#[a4]">&gt;&gt;</a>&nbsp;&nbsp;&nbsp;main
<LI><a href="#[fd]">&gt;&gt;</a>&nbsp;&nbsp;&nbsp;printAnalogBufferVolts
<LI><a href="#[fc]">&gt;&gt;</a>&nbsp;&nbsp;&nbsp;printAnalogBuffer
<LI><a href="#[110]">&gt;&gt;</a>&nbsp;&nbsp;&nbsp;lowpass_PD
<LI><a href="#[114]">&gt;&gt;</a>&nbsp;&nbsp;&nbsp;lim_sum_error
<LI><a href="#[ff]">&gt;&gt;</a>&nbsp;&nbsp;&nbsp;const_cmd
<LI><a href="#[fb]">&gt;&gt;</a>&nbsp;&nbsp;&nbsp;analogStop
<LI><a href="#[21]">&gt;&gt;</a>&nbsp;&nbsp;&nbsp;yr
<LI><a href="#[7]">&gt;&gt;</a>&nbsp;&nbsp;&nbsp;wi
<LI><a href="#[b]">&gt;&gt;</a>&nbsp;&nbsp;&nbsp;we
<LI><a href="#[9]">&gt;&gt;</a>&nbsp;&nbsp;&nbsp;wd
<LI><a href="#[f]">&gt;&gt;</a>&nbsp;&nbsp;&nbsp;ver
<LI><a href="#[27]">&gt;&gt;</a>&nbsp;&nbsp;&nbsp;u_sat_b
<LI><a href="#[26]">&gt;&gt;</a>&nbsp;&nbsp;&nbsp;u_sat_a
<LI><a href="#[28]">&gt;&gt;</a>&nbsp;&nbsp;&nbsp;u_0
<LI><a href="#[6]">&gt;&gt;</a>&nbsp;&nbsp;&nbsp;ri
<LI><a href="#[c]">&gt;&gt;</a>&nbsp;&nbsp;&nbsp;re
<LI><a href="#[8]">&gt;&gt;</a>&nbsp;&nbsp;&nbsp;rd
<LI><a href="#[a]">&gt;&gt;</a>&nbsp;&nbsp;&nbsp;ra
<LI><a href="#[113]">&gt;&gt;</a>&nbsp;&nbsp;&nbsp;parse
<LI><a href="#[4]">&gt;&gt;</a>&nbsp;&nbsp;&nbsp;mw
<LI><a href="#[3]">&gt;&gt;</a>&nbsp;&nbsp;&nbsp;mr
<LI><a href="#[5]">&gt;&gt;</a>&nbsp;&nbsp;&nbsp;mc
<LI><a href="#[d]">&gt;&gt;</a>&nbsp;&nbsp;&nbsp;last
<LI><a href="#[1e]">&gt;&gt;</a>&nbsp;&nbsp;&nbsp;kp
<LI><a href="#[1f]">&gt;&gt;</a>&nbsp;&nbsp;&nbsp;ki
<LI><a href="#[22]">&gt;&gt;</a>&nbsp;&nbsp;&nbsp;kf
<LI><a href="#[23]">&gt;&gt;</a>&nbsp;&nbsp;&nbsp;kdf
<LI><a href="#[20]">&gt;&gt;</a>&nbsp;&nbsp;&nbsp;kd
<LI><a href="#[e]">&gt;&gt;</a>&nbsp;&nbsp;&nbsp;help
<LI><a href="#[19]">&gt;&gt;</a>&nbsp;&nbsp;&nbsp;fw
<LI><a href="#[105]">&gt;&gt;</a>&nbsp;&nbsp;&nbsp;convBase
<LI><a href="#[2c]">&gt;&gt;</a>&nbsp;&nbsp;&nbsp;comutacao
<LI><a href="#[11]">&gt;&gt;</a>&nbsp;&nbsp;&nbsp;ac
</UL>

<P><STRONG><a name="[ad]"></a>_printf_pre_padding</STRONG> (Thumb, 44 bytes, Stack size 16 bytes, _printf_pad.o(.text))
<BR><BR>[Stack]<UL><LI>Max Depth = 16<LI>Call Chain = _printf_pre_padding
</UL>
<BR>[Called By]<UL><LI><a href="#[b9]">&gt;&gt;</a>&nbsp;&nbsp;&nbsp;_printf_fp_dec_real
<LI><a href="#[af]">&gt;&gt;</a>&nbsp;&nbsp;&nbsp;_printf_int_common
<LI><a href="#[ac]">&gt;&gt;</a>&nbsp;&nbsp;&nbsp;_printf_str
<LI><a href="#[bb]">&gt;&gt;</a>&nbsp;&nbsp;&nbsp;_printf_fp_infnan
</UL>

<P><STRONG><a name="[ae]"></a>_printf_post_padding</STRONG> (Thumb, 34 bytes, Stack size 16 bytes, _printf_pad.o(.text))
<BR><BR>[Stack]<UL><LI>Max Depth = 16<LI>Call Chain = _printf_post_padding
</UL>
<BR>[Called By]<UL><LI><a href="#[b9]">&gt;&gt;</a>&nbsp;&nbsp;&nbsp;_printf_fp_dec_real
<LI><a href="#[af]">&gt;&gt;</a>&nbsp;&nbsp;&nbsp;_printf_int_common
<LI><a href="#[ac]">&gt;&gt;</a>&nbsp;&nbsp;&nbsp;_printf_str
<LI><a href="#[bb]">&gt;&gt;</a>&nbsp;&nbsp;&nbsp;_printf_fp_infnan
</UL>

<P><STRONG><a name="[ac]"></a>_printf_str</STRONG> (Thumb, 82 bytes, Stack size 16 bytes, _printf_str.o(.text))
<BR><BR>[Stack]<UL><LI>Max Depth = 32<LI>Call Chain = _printf_str &rArr; _printf_post_padding
</UL>
<BR>[Calls]<UL><LI><a href="#[ae]">&gt;&gt;</a>&nbsp;&nbsp;&nbsp;_printf_post_padding
<LI><a href="#[ad]">&gt;&gt;</a>&nbsp;&nbsp;&nbsp;_printf_pre_padding
</UL>
<BR>[Called By]<UL><LI><a href="#[bc]">&gt;&gt;</a>&nbsp;&nbsp;&nbsp;_printf_cs_common
</UL>

<P><STRONG><a name="[92]"></a>_printf_int_dec</STRONG> (Thumb, 104 bytes, Stack size 24 bytes, _printf_dec.o(.text))
<BR><BR>[Stack]<UL><LI>Max Depth = 72<LI>Call Chain = _printf_int_dec &rArr; _printf_int_common &rArr; _printf_post_padding
</UL>
<BR>[Calls]<UL><LI><a href="#[af]">&gt;&gt;</a>&nbsp;&nbsp;&nbsp;_printf_int_common
</UL>
<BR>[Called By]<UL><LI><a href="#[91]">&gt;&gt;</a>&nbsp;&nbsp;&nbsp;_printf_d
</UL>

<P><STRONG><a name="[94]"></a>_printf_int_hex</STRONG> (Thumb, 84 bytes, Stack size 16 bytes, _printf_hex_int.o(.text))
<BR><BR>[Stack]<UL><LI>Max Depth = 64<LI>Call Chain = _printf_int_hex &rArr; _printf_int_common &rArr; _printf_post_padding
</UL>
<BR>[Calls]<UL><LI><a href="#[af]">&gt;&gt;</a>&nbsp;&nbsp;&nbsp;_printf_int_common
</UL>
<BR>[Called By]<UL><LI><a href="#[93]">&gt;&gt;</a>&nbsp;&nbsp;&nbsp;_printf_x
</UL>

<P><STRONG><a name="[148]"></a>_printf_longlong_hex</STRONG> (Thumb, 0 bytes, Stack size 16 bytes, _printf_hex_int.o(.text), UNUSED)

<P><STRONG><a name="[b0]"></a>__printf</STRONG> (Thumb, 308 bytes, Stack size 40 bytes, __printf_flags_wp.o(.text))
<BR><BR>[Stack]<UL><LI>Max Depth = 40 + Unknown Stack Size
<LI>Call Chain = __printf
</UL>
<BR>[Calls]<UL><LI><a href="#[b2]">&gt;&gt;</a>&nbsp;&nbsp;&nbsp;_printf_percent
<LI><a href="#[b1]">&gt;&gt;</a>&nbsp;&nbsp;&nbsp;_is_digit
</UL>
<BR>[Called By]<UL><LI><a href="#[bd]">&gt;&gt;</a>&nbsp;&nbsp;&nbsp;_printf_char_common
</UL>

<P><STRONG><a name="[112]"></a>__aeabi_memcpy4</STRONG> (Thumb, 0 bytes, Stack size 8 bytes, rt_memcpy_w.o(.text))
<BR><BR>[Stack]<UL><LI>Max Depth = 8<LI>Call Chain = __aeabi_memcpy4
</UL>
<BR>[Called By]<UL><LI><a href="#[ed]">&gt;&gt;</a>&nbsp;&nbsp;&nbsp;getChannelPort
<LI><a href="#[ee]">&gt;&gt;</a>&nbsp;&nbsp;&nbsp;getChannelPin
</UL>

<P><STRONG><a name="[149]"></a>__aeabi_memcpy8</STRONG> (Thumb, 0 bytes, Stack size 8 bytes, rt_memcpy_w.o(.text), UNUSED)

<P><STRONG><a name="[14a]"></a>__rt_memcpy_w</STRONG> (Thumb, 100 bytes, Stack size 8 bytes, rt_memcpy_w.o(.text), UNUSED)

<P><STRONG><a name="[14b]"></a>_memcpy_lastbytes_aligned</STRONG> (Thumb, 0 bytes, Stack size unknown bytes, rt_memcpy_w.o(.text), UNUSED)

<P><STRONG><a name="[14c]"></a>__use_two_region_memory</STRONG> (Thumb, 2 bytes, Stack size 0 bytes, heapauxi.o(.text), UNUSED)

<P><STRONG><a name="[14d]"></a>__rt_heap_escrow$2region</STRONG> (Thumb, 2 bytes, Stack size 0 bytes, heapauxi.o(.text), UNUSED)

<P><STRONG><a name="[14e]"></a>__rt_heap_expand$2region</STRONG> (Thumb, 2 bytes, Stack size 0 bytes, heapauxi.o(.text), UNUSED)

<P><STRONG><a name="[af]"></a>_printf_int_common</STRONG> (Thumb, 178 bytes, Stack size 32 bytes, _printf_intcommon.o(.text))
<BR><BR>[Stack]<UL><LI>Max Depth = 48<LI>Call Chain = _printf_int_common &rArr; _printf_post_padding
</UL>
<BR>[Calls]<UL><LI><a href="#[ae]">&gt;&gt;</a>&nbsp;&nbsp;&nbsp;_printf_post_padding
<LI><a href="#[ad]">&gt;&gt;</a>&nbsp;&nbsp;&nbsp;_printf_pre_padding
</UL>
<BR>[Called By]<UL><LI><a href="#[94]">&gt;&gt;</a>&nbsp;&nbsp;&nbsp;_printf_int_hex
<LI><a href="#[92]">&gt;&gt;</a>&nbsp;&nbsp;&nbsp;_printf_int_dec
</UL>

<P><STRONG><a name="[14f]"></a>__lib_sel_fp_printf</STRONG> (Thumb, 2 bytes, Stack size 0 bytes, _printf_fp_dec.o(.text), UNUSED)

<P><STRONG><a name="[b9]"></a>_printf_fp_dec_real</STRONG> (Thumb, 620 bytes, Stack size 104 bytes, _printf_fp_dec.o(.text))
<BR><BR>[Stack]<UL><LI>Max Depth = 320<LI>Call Chain = _printf_fp_dec_real &rArr; _fp_digits &rArr; _btod_etento &rArr; _btod_emul &rArr; _e2e
</UL>
<BR>[Calls]<UL><LI><a href="#[b3]">&gt;&gt;</a>&nbsp;&nbsp;&nbsp;_fp_digits
<LI><a href="#[ae]">&gt;&gt;</a>&nbsp;&nbsp;&nbsp;_printf_post_padding
<LI><a href="#[ad]">&gt;&gt;</a>&nbsp;&nbsp;&nbsp;_printf_pre_padding
<LI><a href="#[ba]">&gt;&gt;</a>&nbsp;&nbsp;&nbsp;__ARM_fpclassify
<LI><a href="#[bb]">&gt;&gt;</a>&nbsp;&nbsp;&nbsp;_printf_fp_infnan
<LI><a href="#[9c]">&gt;&gt;</a>&nbsp;&nbsp;&nbsp;__rt_locale
</UL>
<BR>[Called By]<UL><LI><a href="#[90]">&gt;&gt;</a>&nbsp;&nbsp;&nbsp;_printf_fp_dec
</UL>

<P><STRONG><a name="[bc]"></a>_printf_cs_common</STRONG> (Thumb, 20 bytes, Stack size 8 bytes, _printf_char.o(.text))
<BR><BR>[Stack]<UL><LI>Max Depth = 40<LI>Call Chain = _printf_cs_common &rArr; _printf_str &rArr; _printf_post_padding
</UL>
<BR>[Calls]<UL><LI><a href="#[ac]">&gt;&gt;</a>&nbsp;&nbsp;&nbsp;_printf_str
</UL>
<BR>[Called By]<UL><LI><a href="#[98]">&gt;&gt;</a>&nbsp;&nbsp;&nbsp;_printf_string
<LI><a href="#[96]">&gt;&gt;</a>&nbsp;&nbsp;&nbsp;_printf_char
</UL>

<P><STRONG><a name="[96]"></a>_printf_char</STRONG> (Thumb, 16 bytes, Stack size 0 bytes, _printf_char.o(.text))
<BR><BR>[Stack]<UL><LI>Max Depth = 40<LI>Call Chain = _printf_char &rArr; _printf_cs_common &rArr; _printf_str &rArr; _printf_post_padding
</UL>
<BR>[Calls]<UL><LI><a href="#[bc]">&gt;&gt;</a>&nbsp;&nbsp;&nbsp;_printf_cs_common
</UL>
<BR>[Called By]<UL><LI><a href="#[95]">&gt;&gt;</a>&nbsp;&nbsp;&nbsp;_printf_c
</UL>

<P><STRONG><a name="[98]"></a>_printf_string</STRONG> (Thumb, 8 bytes, Stack size 0 bytes, _printf_char.o(.text))
<BR><BR>[Stack]<UL><LI>Max Depth = 40<LI>Call Chain = _printf_string &rArr; _printf_cs_common &rArr; _printf_str &rArr; _printf_post_padding
</UL>
<BR>[Calls]<UL><LI><a href="#[bc]">&gt;&gt;</a>&nbsp;&nbsp;&nbsp;_printf_cs_common
</UL>
<BR>[Called By]<UL><LI><a href="#[97]">&gt;&gt;</a>&nbsp;&nbsp;&nbsp;_printf_s
</UL>

<P><STRONG><a name="[ab]"></a>_printf_char_file</STRONG> (Thumb, 32 bytes, Stack size 16 bytes, _printf_char_file.o(.text))
<BR><BR>[Stack]<UL><LI>Max Depth = 120 + Unknown Stack Size
<LI>Call Chain = _printf_char_file &rArr; _printf_char_common &rArr; __printf
</UL>
<BR>[Calls]<UL><LI><a href="#[be]">&gt;&gt;</a>&nbsp;&nbsp;&nbsp;ferror
<LI><a href="#[bd]">&gt;&gt;</a>&nbsp;&nbsp;&nbsp;_printf_char_common
</UL>
<BR>[Called By]<UL><LI><a href="#[aa]">&gt;&gt;</a>&nbsp;&nbsp;&nbsp;__2printf
</UL>

<P><STRONG><a name="[9c]"></a>__rt_locale</STRONG> (Thumb, 8 bytes, Stack size 0 bytes, rt_locale_intlibspace.o(.text))
<BR><BR>[Called By]<UL><LI><a href="#[b9]">&gt;&gt;</a>&nbsp;&nbsp;&nbsp;_printf_fp_dec_real
<LI><a href="#[9b]">&gt;&gt;</a>&nbsp;&nbsp;&nbsp;__rt_lib_init_lc_common
</UL>

<P><STRONG><a name="[b8]"></a>_ll_udiv10</STRONG> (Thumb, 138 bytes, Stack size 12 bytes, lludiv10.o(.text))
<BR><BR>[Stack]<UL><LI>Max Depth = 12<LI>Call Chain = _ll_udiv10
</UL>
<BR>[Called By]<UL><LI><a href="#[b3]">&gt;&gt;</a>&nbsp;&nbsp;&nbsp;_fp_digits
</UL>

<P><STRONG><a name="[bd]"></a>_printf_char_common</STRONG> (Thumb, 32 bytes, Stack size 64 bytes, _printf_char_common.o(.text))
<BR><BR>[Stack]<UL><LI>Max Depth = 104 + Unknown Stack Size
<LI>Call Chain = _printf_char_common &rArr; __printf
</UL>
<BR>[Calls]<UL><LI><a href="#[b0]">&gt;&gt;</a>&nbsp;&nbsp;&nbsp;__printf
</UL>
<BR>[Called By]<UL><LI><a href="#[ab]">&gt;&gt;</a>&nbsp;&nbsp;&nbsp;_printf_char_file
</UL>

<P><STRONG><a name="[bb]"></a>_printf_fp_infnan</STRONG> (Thumb, 112 bytes, Stack size 24 bytes, _printf_fp_infnan.o(.text))
<BR><BR>[Stack]<UL><LI>Max Depth = 40<LI>Call Chain = _printf_fp_infnan &rArr; _printf_post_padding
</UL>
<BR>[Calls]<UL><LI><a href="#[ae]">&gt;&gt;</a>&nbsp;&nbsp;&nbsp;_printf_post_padding
<LI><a href="#[ad]">&gt;&gt;</a>&nbsp;&nbsp;&nbsp;_printf_pre_padding
</UL>
<BR>[Called By]<UL><LI><a href="#[b9]">&gt;&gt;</a>&nbsp;&nbsp;&nbsp;_printf_fp_dec_real
</UL>

<P><STRONG><a name="[b4]"></a>_btod_etento</STRONG> (Thumb, 216 bytes, Stack size 72 bytes, bigflt0.o(.text))
<BR><BR>[Stack]<UL><LI>Max Depth = 120<LI>Call Chain = _btod_etento &rArr; _btod_emul &rArr; _e2e
</UL>
<BR>[Calls]<UL><LI><a href="#[b7]">&gt;&gt;</a>&nbsp;&nbsp;&nbsp;_btod_emul
<LI><a href="#[b6]">&gt;&gt;</a>&nbsp;&nbsp;&nbsp;_btod_ediv
</UL>
<BR>[Called By]<UL><LI><a href="#[b3]">&gt;&gt;</a>&nbsp;&nbsp;&nbsp;_fp_digits
</UL>

<P><STRONG><a name="[be]"></a>ferror</STRONG> (Thumb, 8 bytes, Stack size 0 bytes, ferror.o(.text))
<BR><BR>[Called By]<UL><LI><a href="#[ab]">&gt;&gt;</a>&nbsp;&nbsp;&nbsp;_printf_char_file
</UL>

<P><STRONG><a name="[150]"></a>__user_libspace</STRONG> (Thumb, 8 bytes, Stack size 0 bytes, libspace.o(.text), UNUSED)

<P><STRONG><a name="[bf]"></a>__user_perproc_libspace</STRONG> (Thumb, 0 bytes, Stack size 0 bytes, libspace.o(.text))
<BR><BR>[Called By]<UL><LI><a href="#[a0]">&gt;&gt;</a>&nbsp;&nbsp;&nbsp;__user_setup_stackheap
</UL>

<P><STRONG><a name="[151]"></a>__user_perthread_libspace</STRONG> (Thumb, 0 bytes, Stack size 0 bytes, libspace.o(.text), UNUSED)

<P><STRONG><a name="[a0]"></a>__user_setup_stackheap</STRONG> (Thumb, 74 bytes, Stack size 8 bytes, sys_stackheap_outer.o(.text))
<BR><BR>[Stack]<UL><LI>Max Depth = 8 + Unknown Stack Size
<LI>Call Chain = __user_setup_stackheap
</UL>
<BR>[Calls]<UL><LI><a href="#[8b]">&gt;&gt;</a>&nbsp;&nbsp;&nbsp;__user_initial_stackheap
<LI><a href="#[bf]">&gt;&gt;</a>&nbsp;&nbsp;&nbsp;__user_perproc_libspace
</UL>
<BR>[Called By]<UL><LI><a href="#[9f]">&gt;&gt;</a>&nbsp;&nbsp;&nbsp;__rt_entry_sh
</UL>

<P><STRONG><a name="[a5]"></a>exit</STRONG> (Thumb, 18 bytes, Stack size 8 bytes, exit.o(.text))
<BR><BR>[Stack]<UL><LI>Max Depth = 8 + Unknown Stack Size
<LI>Call Chain = exit
</UL>
<BR>[Calls]<UL><LI><a href="#[c0]">&gt;&gt;</a>&nbsp;&nbsp;&nbsp;__rt_exit
</UL>
<BR>[Called By]<UL><LI><a href="#[a3]">&gt;&gt;</a>&nbsp;&nbsp;&nbsp;__rt_entry_main
</UL>

<P><STRONG><a name="[11a]"></a>strcmp</STRONG> (Thumb, 128 bytes, Stack size 0 bytes, strcmpv7m.o(.text))
<BR><BR>[Called By]<UL><LI><a href="#[9e]">&gt;&gt;</a>&nbsp;&nbsp;&nbsp;_get_lc_numeric
</UL>

<P><STRONG><a name="[a9]"></a>_sys_exit</STRONG> (Thumb, 8 bytes, Stack size 0 bytes, sys_exit.o(.text))
<BR><BR>[Called By]<UL><LI><a href="#[a8]">&gt;&gt;</a>&nbsp;&nbsp;&nbsp;__rt_exit_exit
</UL>

<P><STRONG><a name="[152]"></a>__I$use$semihosting</STRONG> (Thumb, 0 bytes, Stack size 0 bytes, use_no_semi.o(.text), UNUSED)

<P><STRONG><a name="[153]"></a>__use_no_semihosting_swi</STRONG> (Thumb, 2 bytes, Stack size 0 bytes, use_no_semi.o(.text), UNUSED)

<P><STRONG><a name="[154]"></a>__semihosting_library_function</STRONG> (Thumb, 0 bytes, Stack size 0 bytes, indicate_semi.o(.text), UNUSED)

<P><STRONG><a name="[b5]"></a>_btod_d2e</STRONG> (Thumb, 62 bytes, Stack size 0 bytes, btod.o(CL$$btod_d2e))
<BR><BR>[Calls]<UL><LI><a href="#[c1]">&gt;&gt;</a>&nbsp;&nbsp;&nbsp;_d2e_norm_op1
</UL>
<BR>[Called By]<UL><LI><a href="#[b3]">&gt;&gt;</a>&nbsp;&nbsp;&nbsp;_fp_digits
</UL>

<P><STRONG><a name="[c2]"></a>_d2e_denorm_low</STRONG> (Thumb, 70 bytes, Stack size 0 bytes, btod.o(CL$$btod_d2e_denorm_low))
<BR><BR>[Called By]<UL><LI><a href="#[c1]">&gt;&gt;</a>&nbsp;&nbsp;&nbsp;_d2e_norm_op1
</UL>

<P><STRONG><a name="[c1]"></a>_d2e_norm_op1</STRONG> (Thumb, 96 bytes, Stack size 0 bytes, btod.o(CL$$btod_d2e_norm_op1))
<BR><BR>[Calls]<UL><LI><a href="#[c2]">&gt;&gt;</a>&nbsp;&nbsp;&nbsp;_d2e_denorm_low
</UL>
<BR>[Called By]<UL><LI><a href="#[b5]">&gt;&gt;</a>&nbsp;&nbsp;&nbsp;_btod_d2e
</UL>

<P><STRONG><a name="[c3]"></a>__btod_div_common</STRONG> (Thumb, 696 bytes, Stack size 24 bytes, btod.o(CL$$btod_div_common))
<BR><BR>[Stack]<UL><LI>Max Depth = 24<LI>Call Chain = __btod_div_common
</UL>
<BR>[Called By]<UL><LI><a href="#[b6]">&gt;&gt;</a>&nbsp;&nbsp;&nbsp;_btod_ediv
</UL>

<P><STRONG><a name="[c4]"></a>_e2e</STRONG> (Thumb, 198 bytes, Stack size 24 bytes, btod.o(CL$$btod_e2e))
<BR><BR>[Stack]<UL><LI>Max Depth = 24<LI>Call Chain = _e2e
</UL>
<BR>[Called By]<UL><LI><a href="#[b7]">&gt;&gt;</a>&nbsp;&nbsp;&nbsp;_btod_emul
<LI><a href="#[b6]">&gt;&gt;</a>&nbsp;&nbsp;&nbsp;_btod_ediv
</UL>

<P><STRONG><a name="[b6]"></a>_btod_ediv</STRONG> (Thumb, 40 bytes, Stack size 24 bytes, btod.o(CL$$btod_ediv))
<BR><BR>[Stack]<UL><LI>Max Depth = 48<LI>Call Chain = _btod_ediv &rArr; _e2e
</UL>
<BR>[Calls]<UL><LI><a href="#[c4]">&gt;&gt;</a>&nbsp;&nbsp;&nbsp;_e2e
<LI><a href="#[c3]">&gt;&gt;</a>&nbsp;&nbsp;&nbsp;__btod_div_common
</UL>
<BR>[Called By]<UL><LI><a href="#[b3]">&gt;&gt;</a>&nbsp;&nbsp;&nbsp;_fp_digits
<LI><a href="#[b4]">&gt;&gt;</a>&nbsp;&nbsp;&nbsp;_btod_etento
</UL>

<P><STRONG><a name="[b7]"></a>_btod_emul</STRONG> (Thumb, 40 bytes, Stack size 24 bytes, btod.o(CL$$btod_emul))
<BR><BR>[Stack]<UL><LI>Max Depth = 48<LI>Call Chain = _btod_emul &rArr; _e2e
</UL>
<BR>[Calls]<UL><LI><a href="#[c5]">&gt;&gt;</a>&nbsp;&nbsp;&nbsp;__btod_mult_common
<LI><a href="#[c4]">&gt;&gt;</a>&nbsp;&nbsp;&nbsp;_e2e
</UL>
<BR>[Called By]<UL><LI><a href="#[b3]">&gt;&gt;</a>&nbsp;&nbsp;&nbsp;_fp_digits
<LI><a href="#[b4]">&gt;&gt;</a>&nbsp;&nbsp;&nbsp;_btod_etento
</UL>

<P><STRONG><a name="[c5]"></a>__btod_mult_common</STRONG> (Thumb, 580 bytes, Stack size 16 bytes, btod.o(CL$$btod_mult_common))
<BR><BR>[Stack]<UL><LI>Max Depth = 16<LI>Call Chain = __btod_mult_common
</UL>
<BR>[Called By]<UL><LI><a href="#[b7]">&gt;&gt;</a>&nbsp;&nbsp;&nbsp;_btod_emul
</UL>

<P><STRONG><a name="[f5]"></a>ADC_Cmd</STRONG> (Thumb, 22 bytes, Stack size 0 bytes, stm32f4xx_adc.o(i.ADC_Cmd))
<BR><BR>[Called By]<UL><LI><a href="#[fb]">&gt;&gt;</a>&nbsp;&nbsp;&nbsp;analogStop
<LI><a href="#[fa]">&gt;&gt;</a>&nbsp;&nbsp;&nbsp;analogStart
<LI><a href="#[f3]">&gt;&gt;</a>&nbsp;&nbsp;&nbsp;analogInit
</UL>

<P><STRONG><a name="[f2]"></a>ADC_CommonInit</STRONG> (Thumb, 34 bytes, Stack size 0 bytes, stm32f4xx_adc.o(i.ADC_CommonInit))
<BR><BR>[Called By]<UL><LI><a href="#[ea]">&gt;&gt;</a>&nbsp;&nbsp;&nbsp;analogCommonInit
</UL>

<P><STRONG><a name="[f9]"></a>ADC_GetConversionValue</STRONG> (Thumb, 8 bytes, Stack size 0 bytes, stm32f4xx_adc.o(i.ADC_GetConversionValue))
<BR><BR>[Called By]<UL><LI><a href="#[100]">&gt;&gt;</a>&nbsp;&nbsp;&nbsp;control_rule
<LI><a href="#[f6]">&gt;&gt;</a>&nbsp;&nbsp;&nbsp;analogRead
</UL>

<P><STRONG><a name="[f8]"></a>ADC_GetFlagStatus</STRONG> (Thumb, 18 bytes, Stack size 0 bytes, stm32f4xx_adc.o(i.ADC_GetFlagStatus))
<BR><BR>[Called By]<UL><LI><a href="#[fa]">&gt;&gt;</a>&nbsp;&nbsp;&nbsp;analogStart
<LI><a href="#[f6]">&gt;&gt;</a>&nbsp;&nbsp;&nbsp;analogRead
</UL>

<P><STRONG><a name="[49]"></a>ADC_IRQHandler</STRONG> (Thumb, 2 bytes, Stack size 0 bytes, adc.o(i.ADC_IRQHandler))
<BR>[Address Reference Count : 1]<UL><LI> startup_stm32f412xg.o(RESET)
</UL>
<P><STRONG><a name="[f4]"></a>ADC_Init</STRONG> (Thumb, 74 bytes, Stack size 12 bytes, stm32f4xx_adc.o(i.ADC_Init))
<BR><BR>[Stack]<UL><LI>Max Depth = 12<LI>Call Chain = ADC_Init
</UL>
<BR>[Called By]<UL><LI><a href="#[eb]">&gt;&gt;</a>&nbsp;&nbsp;&nbsp;analogInitCont
<LI><a href="#[f3]">&gt;&gt;</a>&nbsp;&nbsp;&nbsp;analogInit
</UL>

<P><STRONG><a name="[f1]"></a>ADC_RegularChannelConfig</STRONG> (Thumb, 184 bytes, Stack size 20 bytes, stm32f4xx_adc.o(i.ADC_RegularChannelConfig))
<BR><BR>[Stack]<UL><LI>Max Depth = 20<LI>Call Chain = ADC_RegularChannelConfig
</UL>
<BR>[Called By]<UL><LI><a href="#[ec]">&gt;&gt;</a>&nbsp;&nbsp;&nbsp;analogChannelInit
</UL>

<P><STRONG><a name="[f7]"></a>ADC_SoftwareStartConv</STRONG> (Thumb, 10 bytes, Stack size 0 bytes, stm32f4xx_adc.o(i.ADC_SoftwareStartConv))
<BR><BR>[Called By]<UL><LI><a href="#[fa]">&gt;&gt;</a>&nbsp;&nbsp;&nbsp;analogStart
<LI><a href="#[f6]">&gt;&gt;</a>&nbsp;&nbsp;&nbsp;analogRead
</UL>

<P><STRONG><a name="[10f]"></a>FLASH_ClearFlag</STRONG> (Thumb, 6 bytes, Stack size 0 bytes, stm32f4xx_flash.o(i.FLASH_ClearFlag))
<BR><BR>[Called By]<UL><LI><a href="#[10d]">&gt;&gt;</a>&nbsp;&nbsp;&nbsp;enableEEPROMWriting
</UL>

<P><STRONG><a name="[c6]"></a>FLASH_EraseSector</STRONG> (Thumb, 130 bytes, Stack size 16 bytes, stm32f4xx_flash.o(i.FLASH_EraseSector))
<BR><BR>[Stack]<UL><LI>Max Depth = 24<LI>Call Chain = FLASH_EraseSector &rArr; FLASH_WaitForLastOperation
</UL>
<BR>[Calls]<UL><LI><a href="#[c7]">&gt;&gt;</a>&nbsp;&nbsp;&nbsp;FLASH_WaitForLastOperation
</UL>
<BR>[Called By]<UL><LI><a href="#[10d]">&gt;&gt;</a>&nbsp;&nbsp;&nbsp;enableEEPROMWriting
</UL>

<P><STRONG><a name="[c9]"></a>FLASH_GetStatus</STRONG> (Thumb, 80 bytes, Stack size 0 bytes, stm32f4xx_flash.o(i.FLASH_GetStatus))
<BR><BR>[Called By]<UL><LI><a href="#[c7]">&gt;&gt;</a>&nbsp;&nbsp;&nbsp;FLASH_WaitForLastOperation
</UL>

<P><STRONG><a name="[10c]"></a>FLASH_Lock</STRONG> (Thumb, 14 bytes, Stack size 0 bytes, stm32f4xx_flash.o(i.FLASH_Lock))
<BR><BR>[Called By]<UL><LI><a href="#[10b]">&gt;&gt;</a>&nbsp;&nbsp;&nbsp;disableEEPROMWriting
</UL>

<P><STRONG><a name="[c8]"></a>FLASH_ProgramWord</STRONG> (Thumb, 74 bytes, Stack size 12 bytes, stm32f4xx_flash.o(i.FLASH_ProgramWord))
<BR><BR>[Stack]<UL><LI>Max Depth = 20<LI>Call Chain = FLASH_ProgramWord &rArr; FLASH_WaitForLastOperation
</UL>
<BR>[Calls]<UL><LI><a href="#[c7]">&gt;&gt;</a>&nbsp;&nbsp;&nbsp;FLASH_WaitForLastOperation
</UL>
<BR>[Called By]<UL><LI><a href="#[119]">&gt;&gt;</a>&nbsp;&nbsp;&nbsp;writeEEPROMWord
</UL>

<P><STRONG><a name="[10e]"></a>FLASH_Unlock</STRONG> (Thumb, 24 bytes, Stack size 0 bytes, stm32f4xx_flash.o(i.FLASH_Unlock))
<BR><BR>[Called By]<UL><LI><a href="#[10d]">&gt;&gt;</a>&nbsp;&nbsp;&nbsp;enableEEPROMWriting
</UL>

<P><STRONG><a name="[c7]"></a>FLASH_WaitForLastOperation</STRONG> (Thumb, 34 bytes, Stack size 8 bytes, stm32f4xx_flash.o(i.FLASH_WaitForLastOperation))
<BR><BR>[Stack]<UL><LI>Max Depth = 8<LI>Call Chain = FLASH_WaitForLastOperation
</UL>
<BR>[Calls]<UL><LI><a href="#[c9]">&gt;&gt;</a>&nbsp;&nbsp;&nbsp;FLASH_GetStatus
</UL>
<BR>[Called By]<UL><LI><a href="#[c8]">&gt;&gt;</a>&nbsp;&nbsp;&nbsp;FLASH_ProgramWord
<LI><a href="#[c6]">&gt;&gt;</a>&nbsp;&nbsp;&nbsp;FLASH_EraseSector
</UL>

<P><STRONG><a name="[ce]"></a>GPIO_Init</STRONG> (Thumb, 144 bytes, Stack size 20 bytes, stm32f4xx_gpio.o(i.GPIO_Init))
<BR><BR>[Stack]<UL><LI>Max Depth = 20<LI>Call Chain = GPIO_Init
</UL>
<BR>[Called By]<UL><LI><a href="#[e7]">&gt;&gt;</a>&nbsp;&nbsp;&nbsp;USART_setup
<LI><a href="#[f0]">&gt;&gt;</a>&nbsp;&nbsp;&nbsp;pinInit_pull
<LI><a href="#[106]">&gt;&gt;</a>&nbsp;&nbsp;&nbsp;pinInit
<LI><a href="#[cc]">&gt;&gt;</a>&nbsp;&nbsp;&nbsp;PWMPinConfig
</UL>

<P><STRONG><a name="[cf]"></a>GPIO_PinAFConfig</STRONG> (Thumb, 70 bytes, Stack size 20 bytes, stm32f4xx_gpio.o(i.GPIO_PinAFConfig))
<BR><BR>[Stack]<UL><LI>Max Depth = 20<LI>Call Chain = GPIO_PinAFConfig
</UL>
<BR>[Called By]<UL><LI><a href="#[e7]">&gt;&gt;</a>&nbsp;&nbsp;&nbsp;USART_setup
<LI><a href="#[cc]">&gt;&gt;</a>&nbsp;&nbsp;&nbsp;PWMPinConfig
</UL>

<P><STRONG><a name="[108]"></a>GPIO_ReadInputDataBit</STRONG> (Thumb, 18 bytes, Stack size 0 bytes, stm32f4xx_gpio.o(i.GPIO_ReadInputDataBit))
<BR><BR>[Called By]<UL><LI><a href="#[107]">&gt;&gt;</a>&nbsp;&nbsp;&nbsp;digitalRead
</UL>

<P><STRONG><a name="[10a]"></a>GPIO_WriteBit</STRONG> (Thumb, 10 bytes, Stack size 0 bytes, stm32f4xx_gpio.o(i.GPIO_WriteBit))
<BR><BR>[Called By]<UL><LI><a href="#[109]">&gt;&gt;</a>&nbsp;&nbsp;&nbsp;digitalWrite
</UL>

<P><STRONG><a name="[d6]"></a>NVIC_Init</STRONG> (Thumb, 106 bytes, Stack size 16 bytes, misc.o(i.NVIC_Init))
<BR><BR>[Stack]<UL><LI>Max Depth = 16<LI>Call Chain = NVIC_Init
</UL>
<BR>[Called By]<UL><LI><a href="#[e7]">&gt;&gt;</a>&nbsp;&nbsp;&nbsp;USART_setup
<LI><a href="#[eb]">&gt;&gt;</a>&nbsp;&nbsp;&nbsp;analogInitCont
<LI><a href="#[dd]">&gt;&gt;</a>&nbsp;&nbsp;&nbsp;TIM4_Config
<LI><a href="#[d9]">&gt;&gt;</a>&nbsp;&nbsp;&nbsp;TIM3_Config
<LI><a href="#[d4]">&gt;&gt;</a>&nbsp;&nbsp;&nbsp;PWMTimConfig
</UL>

<P><STRONG><a name="[ca]"></a>PWMChannelConfig</STRONG> (Thumb, 112 bytes, Stack size 32 bytes, pwm.o(i.PWMChannelConfig))
<BR><BR>[Stack]<UL><LI>Max Depth = 48<LI>Call Chain = PWMChannelConfig &rArr; TIM_OC1Init
</UL>
<BR>[Calls]<UL><LI><a href="#[cb]">&gt;&gt;</a>&nbsp;&nbsp;&nbsp;TIM_OC1Init
</UL>
<BR>[Called By]<UL><LI><a href="#[1d]">&gt;&gt;</a>&nbsp;&nbsp;&nbsp;dcr
</UL>

<P><STRONG><a name="[cc]"></a>PWMPinConfig</STRONG> (Thumb, 70 bytes, Stack size 16 bytes, pwm.o(i.PWMPinConfig))
<BR><BR>[Stack]<UL><LI>Max Depth = 36<LI>Call Chain = PWMPinConfig &rArr; GPIO_PinAFConfig
</UL>
<BR>[Calls]<UL><LI><a href="#[cd]">&gt;&gt;</a>&nbsp;&nbsp;&nbsp;RCC_AHB1PeriphClockCmd
<LI><a href="#[cf]">&gt;&gt;</a>&nbsp;&nbsp;&nbsp;GPIO_PinAFConfig
<LI><a href="#[ce]">&gt;&gt;</a>&nbsp;&nbsp;&nbsp;GPIO_Init
</UL>
<BR>[Called By]<UL><LI><a href="#[1c]">&gt;&gt;</a>&nbsp;&nbsp;&nbsp;rp
</UL>

<P><STRONG><a name="[d0]"></a>PWMStart</STRONG> (Thumb, 30 bytes, Stack size 8 bytes, pwm.o(i.PWMStart))
<BR><BR>[Stack]<UL><LI>Max Depth = 8<LI>Call Chain = PWMStart
</UL>
<BR>[Calls]<UL><LI><a href="#[d3]">&gt;&gt;</a>&nbsp;&nbsp;&nbsp;TIM_ITConfig
<LI><a href="#[d2]">&gt;&gt;</a>&nbsp;&nbsp;&nbsp;TIM_CtrlPWMOutputs
<LI><a href="#[d1]">&gt;&gt;</a>&nbsp;&nbsp;&nbsp;TIM_Cmd
</UL>
<BR>[Called By]<UL><LI><a href="#[1d]">&gt;&gt;</a>&nbsp;&nbsp;&nbsp;dcr
</UL>

<P><STRONG><a name="[d4]"></a>PWMTimConfig</STRONG> (Thumb, 84 bytes, Stack size 32 bytes, pwm.o(i.PWMTimConfig))
<BR><BR>[Stack]<UL><LI>Max Depth = 48<LI>Call Chain = PWMTimConfig &rArr; NVIC_Init
</UL>
<BR>[Calls]<UL><LI><a href="#[d5]">&gt;&gt;</a>&nbsp;&nbsp;&nbsp;RCC_APB2PeriphClockCmd
<LI><a href="#[d6]">&gt;&gt;</a>&nbsp;&nbsp;&nbsp;NVIC_Init
<LI><a href="#[d7]">&gt;&gt;</a>&nbsp;&nbsp;&nbsp;TIM_TimeBaseInit
</UL>
<BR>[Called By]<UL><LI><a href="#[1c]">&gt;&gt;</a>&nbsp;&nbsp;&nbsp;rp
</UL>

<P><STRONG><a name="[cd]"></a>RCC_AHB1PeriphClockCmd</STRONG> (Thumb, 26 bytes, Stack size 0 bytes, stm32f4xx_rcc.o(i.RCC_AHB1PeriphClockCmd))
<BR><BR>[Called By]<UL><LI><a href="#[e7]">&gt;&gt;</a>&nbsp;&nbsp;&nbsp;USART_setup
<LI><a href="#[ef]">&gt;&gt;</a>&nbsp;&nbsp;&nbsp;portInit
<LI><a href="#[cc]">&gt;&gt;</a>&nbsp;&nbsp;&nbsp;PWMPinConfig
</UL>

<P><STRONG><a name="[da]"></a>RCC_APB1PeriphClockCmd</STRONG> (Thumb, 26 bytes, Stack size 0 bytes, stm32f4xx_rcc.o(i.RCC_APB1PeriphClockCmd))
<BR><BR>[Called By]<UL><LI><a href="#[e7]">&gt;&gt;</a>&nbsp;&nbsp;&nbsp;USART_setup
<LI><a href="#[dd]">&gt;&gt;</a>&nbsp;&nbsp;&nbsp;TIM4_Config
<LI><a href="#[d9]">&gt;&gt;</a>&nbsp;&nbsp;&nbsp;TIM3_Config
</UL>

<P><STRONG><a name="[d5]"></a>RCC_APB2PeriphClockCmd</STRONG> (Thumb, 26 bytes, Stack size 0 bytes, stm32f4xx_rcc.o(i.RCC_APB2PeriphClockCmd))
<BR><BR>[Called By]<UL><LI><a href="#[eb]">&gt;&gt;</a>&nbsp;&nbsp;&nbsp;analogInitCont
<LI><a href="#[f3]">&gt;&gt;</a>&nbsp;&nbsp;&nbsp;analogInit
<LI><a href="#[d4]">&gt;&gt;</a>&nbsp;&nbsp;&nbsp;PWMTimConfig
</UL>

<P><STRONG><a name="[e4]"></a>RCC_GetClocksFreq</STRONG> (Thumb, 440 bytes, Stack size 24 bytes, stm32f4xx_rcc.o(i.RCC_GetClocksFreq))
<BR><BR>[Stack]<UL><LI>Max Depth = 24<LI>Call Chain = RCC_GetClocksFreq
</UL>
<BR>[Called By]<UL><LI><a href="#[e3]">&gt;&gt;</a>&nbsp;&nbsp;&nbsp;USART_Init
</UL>

<P><STRONG><a name="[85]"></a>SystemInit</STRONG> (Thumb, 88 bytes, Stack size 8 bytes, system_stm32f4xx.o(i.SystemInit))
<BR><BR>[Stack]<UL><LI>Max Depth = 20<LI>Call Chain = SystemInit &rArr; SetSysClock
</UL>
<BR>[Calls]<UL><LI><a href="#[d8]">&gt;&gt;</a>&nbsp;&nbsp;&nbsp;SetSysClock
</UL>
<BR>[Address Reference Count : 1]<UL><LI> startup_stm32f412xg.o(.text)
</UL>
<P><STRONG><a name="[52]"></a>TIM1_CC_IRQHandler</STRONG> (Thumb, 2 bytes, Stack size 0 bytes, pwm.o(i.TIM1_CC_IRQHandler))
<BR>[Address Reference Count : 1]<UL><LI> startup_stm32f412xg.o(RESET)
</UL>
<P><STRONG><a name="[d9]"></a>TIM3_Config</STRONG> (Thumb, 68 bytes, Stack size 32 bytes, adc.o(i.TIM3_Config))
<BR><BR>[Stack]<UL><LI>Max Depth = 48<LI>Call Chain = TIM3_Config &rArr; NVIC_Init
</UL>
<BR>[Calls]<UL><LI><a href="#[da]">&gt;&gt;</a>&nbsp;&nbsp;&nbsp;RCC_APB1PeriphClockCmd
<LI><a href="#[d6]">&gt;&gt;</a>&nbsp;&nbsp;&nbsp;NVIC_Init
<LI><a href="#[d7]">&gt;&gt;</a>&nbsp;&nbsp;&nbsp;TIM_TimeBaseInit
</UL>
<BR>[Called By]<UL><LI><a href="#[10]">&gt;&gt;</a>&nbsp;&nbsp;&nbsp;sp
</UL>

<P><STRONG><a name="[54]"></a>TIM3_IRQHandler</STRONG> (Thumb, 62 bytes, Stack size 8 bytes, adc.o(i.TIM3_IRQHandler))
<BR><BR>[Stack]<UL><LI>Max Depth = 200 + Unknown Stack Size
<LI>Call Chain = TIM3_IRQHandler &rArr; valor_k &rArr; const_cmd &rArr; __2printf &rArr; _printf_char_file &rArr; _printf_char_common &rArr; __printf
</UL>
<BR>[Calls]<UL><LI><a href="#[db]">&gt;&gt;</a>&nbsp;&nbsp;&nbsp;TIM_GetITStatus
<LI><a href="#[dc]">&gt;&gt;</a>&nbsp;&nbsp;&nbsp;TIM_ClearITPendingBit
<LI><a href="#[2b]">&gt;&gt;</a>&nbsp;&nbsp;&nbsp;valor_k
<LI><a href="#[2a]">&gt;&gt;</a>&nbsp;&nbsp;&nbsp;lim_sat
<LI><a href="#[29]">&gt;&gt;</a>&nbsp;&nbsp;&nbsp;f_ad
</UL>
<BR>[Address Reference Count : 1]<UL><LI> startup_stm32f412xg.o(RESET)
</UL>
<P><STRONG><a name="[dd]"></a>TIM4_Config</STRONG> (Thumb, 86 bytes, Stack size 32 bytes, pwm.o(i.TIM4_Config))
<BR><BR>[Stack]<UL><LI>Max Depth = 48<LI>Call Chain = TIM4_Config &rArr; NVIC_Init
</UL>
<BR>[Calls]<UL><LI><a href="#[da]">&gt;&gt;</a>&nbsp;&nbsp;&nbsp;RCC_APB1PeriphClockCmd
<LI><a href="#[d6]">&gt;&gt;</a>&nbsp;&nbsp;&nbsp;NVIC_Init
<LI><a href="#[d7]">&gt;&gt;</a>&nbsp;&nbsp;&nbsp;TIM_TimeBaseInit
<LI><a href="#[d3]">&gt;&gt;</a>&nbsp;&nbsp;&nbsp;TIM_ITConfig
<LI><a href="#[d1]">&gt;&gt;</a>&nbsp;&nbsp;&nbsp;TIM_Cmd
</UL>
<BR>[Called By]<UL><LI><a href="#[1c]">&gt;&gt;</a>&nbsp;&nbsp;&nbsp;rp
</UL>

<P><STRONG><a name="[dc]"></a>TIM_ClearITPendingBit</STRONG> (Thumb, 6 bytes, Stack size 0 bytes, stm32f4xx_tim.o(i.TIM_ClearITPendingBit))
<BR><BR>[Called By]<UL><LI><a href="#[54]">&gt;&gt;</a>&nbsp;&nbsp;&nbsp;TIM3_IRQHandler
</UL>

<P><STRONG><a name="[d1]"></a>TIM_Cmd</STRONG> (Thumb, 24 bytes, Stack size 0 bytes, stm32f4xx_tim.o(i.TIM_Cmd))
<BR><BR>[Called By]<UL><LI><a href="#[fb]">&gt;&gt;</a>&nbsp;&nbsp;&nbsp;analogStop
<LI><a href="#[fa]">&gt;&gt;</a>&nbsp;&nbsp;&nbsp;analogStart
<LI><a href="#[dd]">&gt;&gt;</a>&nbsp;&nbsp;&nbsp;TIM4_Config
<LI><a href="#[d0]">&gt;&gt;</a>&nbsp;&nbsp;&nbsp;PWMStart
</UL>

<P><STRONG><a name="[d2]"></a>TIM_CtrlPWMOutputs</STRONG> (Thumb, 30 bytes, Stack size 0 bytes, stm32f4xx_tim.o(i.TIM_CtrlPWMOutputs))
<BR><BR>[Called By]<UL><LI><a href="#[d0]">&gt;&gt;</a>&nbsp;&nbsp;&nbsp;PWMStart
</UL>

<P><STRONG><a name="[db]"></a>TIM_GetITStatus</STRONG> (Thumb, 34 bytes, Stack size 12 bytes, stm32f4xx_tim.o(i.TIM_GetITStatus))
<BR><BR>[Stack]<UL><LI>Max Depth = 12<LI>Call Chain = TIM_GetITStatus
</UL>
<BR>[Called By]<UL><LI><a href="#[54]">&gt;&gt;</a>&nbsp;&nbsp;&nbsp;TIM3_IRQHandler
</UL>

<P><STRONG><a name="[d3]"></a>TIM_ITConfig</STRONG> (Thumb, 18 bytes, Stack size 0 bytes, stm32f4xx_tim.o(i.TIM_ITConfig))
<BR><BR>[Called By]<UL><LI><a href="#[fb]">&gt;&gt;</a>&nbsp;&nbsp;&nbsp;analogStop
<LI><a href="#[fa]">&gt;&gt;</a>&nbsp;&nbsp;&nbsp;analogStart
<LI><a href="#[dd]">&gt;&gt;</a>&nbsp;&nbsp;&nbsp;TIM4_Config
<LI><a href="#[d0]">&gt;&gt;</a>&nbsp;&nbsp;&nbsp;PWMStart
</UL>

<P><STRONG><a name="[cb]"></a>TIM_OC1Init</STRONG> (Thumb, 114 bytes, Stack size 16 bytes, stm32f4xx_tim.o(i.TIM_OC1Init))
<BR><BR>[Stack]<UL><LI>Max Depth = 16<LI>Call Chain = TIM_OC1Init
</UL>
[...]
<LI><a href="#[111]">&gt;&gt;</a>&nbsp;&nbsp;&nbsp;getArgs
</UL>
<BR>[Called By]<UL><LI><a href="#[e0]">&gt;&gt;</a>&nbsp;&nbsp;&nbsp;input
</UL>

<P><STRONG><a name="[106]"></a>pinInit</STRONG> (Thumb, 44 bytes, Stack size 24 bytes, gpio.o(i.pinInit))
<BR><BR>[Stack]<UL><LI>Max Depth = 44<LI>Call Chain = pinInit &rArr; GPIO_Init
</UL>
<BR>[Calls]<UL><LI><a href="#[ce]">&gt;&gt;</a>&nbsp;&nbsp;&nbsp;GPIO_Init
</UL>
<BR>[Called By]<UL><LI><a href="#[9]">&gt;&gt;</a>&nbsp;&nbsp;&nbsp;wd
<LI><a href="#[8]">&gt;&gt;</a>&nbsp;&nbsp;&nbsp;rd
<LI><a href="#[1d]">&gt;&gt;</a>&nbsp;&nbsp;&nbsp;dcr
</UL>

<P><STRONG><a name="[f0]"></a>pinInit_pull</STRONG> (Thumb, 54 bytes, Stack size 32 bytes, gpio.o(i.pinInit_pull))
<BR><BR>[Stack]<UL><LI>Max Depth = 52<LI>Call Chain = pinInit_pull &rArr; GPIO_Init
</UL>
<BR>[Calls]<UL><LI><a href="#[ce]">&gt;&gt;</a>&nbsp;&nbsp;&nbsp;GPIO_Init
</UL>
<BR>[Called By]<UL><LI><a href="#[ec]">&gt;&gt;</a>&nbsp;&nbsp;&nbsp;analogChannelInit
</UL>

<P><STRONG><a name="[ef]"></a>portInit</STRONG> (Thumb, 16 bytes, Stack size 8 bytes, gpio.o(i.portInit))
<BR><BR>[Stack]<UL><LI>Max Depth = 8<LI>Call Chain = portInit
</UL>
<BR>[Calls]<UL><LI><a href="#[cd]">&gt;&gt;</a>&nbsp;&nbsp;&nbsp;RCC_AHB1PeriphClockCmd
</UL>
<BR>[Called By]<UL><LI><a href="#[ec]">&gt;&gt;</a>&nbsp;&nbsp;&nbsp;analogChannelInit
<LI><a href="#[9]">&gt;&gt;</a>&nbsp;&nbsp;&nbsp;wd
<LI><a href="#[8]">&gt;&gt;</a>&nbsp;&nbsp;&nbsp;rd
<LI><a href="#[1d]">&gt;&gt;</a>&nbsp;&nbsp;&nbsp;dcr
</UL>

<P><STRONG><a name="[fc]"></a>printAnalogBuffer</STRONG> (Thumb, 180 bytes, Stack size 16 bytes, adc.o(i.printAnalogBuffer))
<BR><BR>[Stack]<UL><LI>Max Depth = 160 + Unknown Stack Size
<LI>Call Chain = printAnalogBuffer &rArr; __2printf &rArr; _printf_char_file &rArr; _printf_char_common &rArr; __printf
</UL>
<BR>[Calls]<UL><LI><a href="#[101]">&gt;&gt;</a>&nbsp;&nbsp;&nbsp;__aeabi_f2d
<LI><a href="#[aa]">&gt;&gt;</a>&nbsp;&nbsp;&nbsp;__2printf
</UL>
<BR>[Called By]<UL><LI><a href="#[18]">&gt;&gt;</a>&nbsp;&nbsp;&nbsp;be
</UL>

<P><STRONG><a name="[fd]"></a>printAnalogBufferVolts</STRONG> (Thumb, 228 bytes, Stack size 32 bytes, adc.o(i.printAnalogBufferVolts))
<BR><BR>[Stack]<UL><LI>Max Depth = 176 + Unknown Stack Size
<LI>Call Chain = printAnalogBufferVolts &rArr; __2printf &rArr; _printf_char_file &rArr; _printf_char_common &rArr; __printf
</UL>
<BR>[Calls]<UL><LI><a href="#[101]">&gt;&gt;</a>&nbsp;&nbsp;&nbsp;__aeabi_f2d
<LI><a href="#[aa]">&gt;&gt;</a>&nbsp;&nbsp;&nbsp;__2printf
</UL>
<BR>[Called By]<UL><LI><a href="#[17]">&gt;&gt;</a>&nbsp;&nbsp;&nbsp;bi
</UL>

<P><STRONG><a name="[a]"></a>ra</STRONG> (Thumb, 118 bytes, Stack size 32 bytes, terminal.o(i.ra))
<BR><BR>[Stack]<UL><LI>Max Depth = 176 + Unknown Stack Size
<LI>Call Chain = ra &rArr; __2printf &rArr; _printf_char_file &rArr; _printf_char_common &rArr; __printf
</UL>
<BR>[Calls]<UL><LI><a href="#[101]">&gt;&gt;</a>&nbsp;&nbsp;&nbsp;__aeabi_f2d
<LI><a href="#[102]">&gt;&gt;</a>&nbsp;&nbsp;&nbsp;__aeabi_dmul
<LI><a href="#[116]">&gt;&gt;</a>&nbsp;&nbsp;&nbsp;__aeabi_ui2d
<LI><a href="#[104]">&gt;&gt;</a>&nbsp;&nbsp;&nbsp;__aeabi_d2f
<LI><a href="#[aa]">&gt;&gt;</a>&nbsp;&nbsp;&nbsp;__2printf
<LI><a href="#[f6]">&gt;&gt;</a>&nbsp;&nbsp;&nbsp;analogRead
<LI><a href="#[f3]">&gt;&gt;</a>&nbsp;&nbsp;&nbsp;analogInit
<LI><a href="#[ea]">&gt;&gt;</a>&nbsp;&nbsp;&nbsp;analogCommonInit
<LI><a href="#[ec]">&gt;&gt;</a>&nbsp;&nbsp;&nbsp;analogChannelInit
</UL>
<BR>[Address Reference Count : 1]<UL><LI> terminal.o(.data)
</UL>
<P><STRONG><a name="[8]"></a>rd</STRONG> (Thumb, 88 bytes, Stack size 8 bytes, terminal.o(i.rd))
<BR><BR>[Stack]<UL><LI>Max Depth = 152 + Unknown Stack Size
<LI>Call Chain = rd &rArr; __2printf &rArr; _printf_char_file &rArr; _printf_char_common &rArr; __printf
</UL>
<BR>[Calls]<UL><LI><a href="#[aa]">&gt;&gt;</a>&nbsp;&nbsp;&nbsp;__2printf
<LI><a href="#[ef]">&gt;&gt;</a>&nbsp;&nbsp;&nbsp;portInit
<LI><a href="#[106]">&gt;&gt;</a>&nbsp;&nbsp;&nbsp;pinInit
<LI><a href="#[107]">&gt;&gt;</a>&nbsp;&nbsp;&nbsp;digitalRead
</UL>
<BR>[Address Reference Count : 1]<UL><LI> terminal.o(.data)
</UL>
<P><STRONG><a name="[c]"></a>re</STRONG> (Thumb, 46 bytes, Stack size 16 bytes, terminal.o(i.re))
<BR><BR>[Stack]<UL><LI>Max Depth = 160 + Unknown Stack Size
<LI>Call Chain = re &rArr; __2printf &rArr; _printf_char_file &rArr; _printf_char_common &rArr; __printf
</UL>
<BR>[Calls]<UL><LI><a href="#[aa]">&gt;&gt;</a>&nbsp;&nbsp;&nbsp;__2printf
<LI><a href="#[117]">&gt;&gt;</a>&nbsp;&nbsp;&nbsp;readEEPROMWord
</UL>
<BR>[Address Reference Count : 1]<UL><LI> terminal.o(.data)
</UL>
<P><STRONG><a name="[117]"></a>readEEPROMWord</STRONG> (Thumb, 14 bytes, Stack size 0 bytes, eeprom.o(i.readEEPROMWord))
<BR><BR>[Called By]<UL><LI><a href="#[c]">&gt;&gt;</a>&nbsp;&nbsp;&nbsp;re
</UL>

<P><STRONG><a name="[6]"></a>ri</STRONG> (Thumb, 30 bytes, Stack size 16 bytes, terminal.o(i.ri))
<BR><BR>[Stack]<UL><LI>Max Depth = 160 + Unknown Stack Size
<LI>Call Chain = ri &rArr; __2printf &rArr; _printf_char_file &rArr; _printf_char_common &rArr; __printf
</UL>
<BR>[Calls]<UL><LI><a href="#[aa]">&gt;&gt;</a>&nbsp;&nbsp;&nbsp;__2printf
</UL>
<BR>[Address Reference Count : 1]<UL><LI> terminal.o(.data)
</UL>
<P><STRONG><a name="[1c]"></a>rp</STRONG> (Thumb, 124 bytes, Stack size 8 bytes, terminal.o(i.rp))
<BR><BR>[Stack]<UL><LI>Max Depth = 56<LI>Call Chain = rp &rArr; TIM4_Config &rArr; NVIC_Init
</UL>
<BR>[Calls]<UL><LI><a href="#[dd]">&gt;&gt;</a>&nbsp;&nbsp;&nbsp;TIM4_Config
<LI><a href="#[d4]">&gt;&gt;</a>&nbsp;&nbsp;&nbsp;PWMTimConfig
<LI><a href="#[cc]">&gt;&gt;</a>&nbsp;&nbsp;&nbsp;PWMPinConfig
</UL>
<BR>[Address Reference Count : 1]<UL><LI> terminal.o(.data)
</UL>
<P><STRONG><a name="[14]"></a>sc</STRONG> (Thumb, 18 bytes, Stack size 8 bytes, terminal.o(i.sc))
<BR><BR>[Stack]<UL><LI>Max Depth = 16<LI>Call Chain = sc &rArr; analogStart
</UL>
<BR>[Calls]<UL><LI><a href="#[118]">&gt;&gt;</a>&nbsp;&nbsp;&nbsp;clearBuffer
<LI><a href="#[fa]">&gt;&gt;</a>&nbsp;&nbsp;&nbsp;analogStart
</UL>
<BR>[Address Reference Count : 1]<UL><LI> terminal.o(.data)
</UL>
<P><STRONG><a name="[fe]"></a>setBufferSize</STRONG> (Thumb, 6 bytes, Stack size 0 bytes, adc.o(i.setBufferSize))
<BR><BR>[Called By]<UL><LI><a href="#[12]">&gt;&gt;</a>&nbsp;&nbsp;&nbsp;bl
</UL>

<P><STRONG><a name="[10]"></a>sp</STRONG> (Thumb, 112 bytes, Stack size 8 bytes, terminal.o(i.sp))
<BR><BR>[Stack]<UL><LI>Max Depth = 56<LI>Call Chain = sp &rArr; TIM3_Config &rArr; NVIC_Init
</UL>
<BR>[Calls]<UL><LI><a href="#[d9]">&gt;&gt;</a>&nbsp;&nbsp;&nbsp;TIM3_Config
</UL>
<BR>[Address Reference Count : 1]<UL><LI> terminal.o(.data)
</UL>
<P><STRONG><a name="[13]"></a>sr</STRONG> (Thumb, 18 bytes, Stack size 8 bytes, terminal.o(i.sr))
<BR><BR>[Stack]<UL><LI>Max Depth = 16<LI>Call Chain = sr &rArr; analogStart
</UL>
<BR>[Calls]<UL><LI><a href="#[118]">&gt;&gt;</a>&nbsp;&nbsp;&nbsp;clearBuffer
<LI><a href="#[fa]">&gt;&gt;</a>&nbsp;&nbsp;&nbsp;analogStart
</UL>
<BR>[Address Reference Count : 1]<UL><LI> terminal.o(.data)
</UL>
<P><STRONG><a name="[15]"></a>stop</STRONG> (Thumb, 22 bytes, Stack size 8 bytes, terminal.o(i.stop))
<BR><BR>[Stack]<UL><LI>Max Depth = 160 + Unknown Stack Size
<LI>Call Chain = stop &rArr; analogStop &rArr; __2printf &rArr; _printf_char_file &rArr; _printf_char_common &rArr; __printf
</UL>
<BR>[Calls]<UL><LI><a href="#[fb]">&gt;&gt;</a>&nbsp;&nbsp;&nbsp;analogStop
</UL>
<BR>[Address Reference Count : 1]<UL><LI> terminal.o(.data)
</UL>
<P><STRONG><a name="[28]"></a>u_0</STRONG> (Thumb, 76 bytes, Stack size 24 bytes, terminal.o(i.u_0))
<BR><BR>[Stack]<UL><LI>Max Depth = 168 + Unknown Stack Size
<LI>Call Chain = u_0 &rArr; __2printf &rArr; _printf_char_file &rArr; _printf_char_common &rArr; __printf
</UL>
<BR>[Calls]<UL><LI><a href="#[101]">&gt;&gt;</a>&nbsp;&nbsp;&nbsp;__aeabi_f2d
<LI><a href="#[aa]">&gt;&gt;</a>&nbsp;&nbsp;&nbsp;__2printf
</UL>
<BR>[Address Reference Count : 1]<UL><LI> terminal.o(.data)
</UL>
<P><STRONG><a name="[26]"></a>u_sat_a</STRONG> (Thumb, 76 bytes, Stack size 24 bytes, terminal.o(i.u_sat_a))
<BR><BR>[Stack]<UL><LI>Max Depth = 168 + Unknown Stack Size
<LI>Call Chain = u_sat_a &rArr; __2printf &rArr; _printf_char_file &rArr; _printf_char_common &rArr; __printf
</UL>
<BR>[Calls]<UL><LI><a href="#[101]">&gt;&gt;</a>&nbsp;&nbsp;&nbsp;__aeabi_f2d
<LI><a href="#[aa]">&gt;&gt;</a>&nbsp;&nbsp;&nbsp;__2printf
</UL>
<BR>[Address Reference Count : 1]<UL><LI> terminal.o(.data)
</UL>
<P><STRONG><a name="[27]"></a>u_sat_b</STRONG> (Thumb, 76 bytes, Stack size 24 bytes, terminal.o(i.u_sat_b))
<BR><BR>[Stack]<UL><LI>Max Depth = 168 + Unknown Stack Size
<LI>Call Chain = u_sat_b &rArr; __2printf &rArr; _printf_char_file &rArr; _printf_char_common &rArr; __printf
</UL>
<BR>[Calls]<UL><LI><a href="#[101]">&gt;&gt;</a>&nbsp;&nbsp;&nbsp;__aeabi_f2d
<LI><a href="#[aa]">&gt;&gt;</a>&nbsp;&nbsp;&nbsp;__2printf
</UL>
<BR>[Address Reference Count : 1]<UL><LI> terminal.o(.data)
</UL>
<P><STRONG><a name="[2b]"></a>valor_k</STRONG> (Thumb, 24 bytes, Stack size 8 bytes, terminal.o(i.valor_k))
<BR><BR>[Stack]<UL><LI>Max Depth = 192 + Unknown Stack Size
<LI>Call Chain = valor_k &rArr; const_cmd &rArr; __2printf &rArr; _printf_char_file &rArr; _printf_char_common &rArr; __printf
</UL>
<BR>[Calls]<UL><LI><a href="#[ff]">&gt;&gt;</a>&nbsp;&nbsp;&nbsp;const_cmd
</UL>
<BR>[Called By]<UL><LI><a href="#[54]">&gt;&gt;</a>&nbsp;&nbsp;&nbsp;TIM3_IRQHandler
</UL>
<BR>[Address Reference Count : 1]<UL><LI> terminal.o(.data)
</UL>
<P><STRONG><a name="[f]"></a>ver</STRONG> (Thumb, 10 bytes, Stack size 8 bytes, terminal.o(i.ver))
<BR><BR>[Stack]<UL><LI>Max Depth = 152 + Unknown Stack Size
<LI>Call Chain = ver &rArr; __2printf &rArr; _printf_char_file &rArr; _printf_char_common &rArr; __printf
</UL>
<BR>[Calls]<UL><LI><a href="#[aa]">&gt;&gt;</a>&nbsp;&nbsp;&nbsp;__2printf
</UL>
<BR>[Address Reference Count : 1]<UL><LI> terminal.o(.data)
</UL>
<P><STRONG><a name="[9]"></a>wd</STRONG> (Thumb, 104 bytes, Stack size 8 bytes, terminal.o(i.wd))
<BR><BR>[Stack]<UL><LI>Max Depth = 152 + Unknown Stack Size
<LI>Call Chain = wd &rArr; __2printf &rArr; _printf_char_file &rArr; _printf_char_common &rArr; __printf
</UL>
<BR>[Calls]<UL><LI><a href="#[aa]">&gt;&gt;</a>&nbsp;&nbsp;&nbsp;__2printf
<LI><a href="#[ef]">&gt;&gt;</a>&nbsp;&nbsp;&nbsp;portInit
<LI><a href="#[106]">&gt;&gt;</a>&nbsp;&nbsp;&nbsp;pinInit
<LI><a href="#[109]">&gt;&gt;</a>&nbsp;&nbsp;&nbsp;digitalWrite
</UL>
<BR>[Address Reference Count : 1]<UL><LI> terminal.o(.data)
</UL>
<P><STRONG><a name="[b]"></a>we</STRONG> (Thumb, 40 bytes, Stack size 16 bytes, terminal.o(i.we))
<BR><BR>[Stack]<UL><LI>Max Depth = 160 + Unknown Stack Size
<LI>Call Chain = we &rArr; __2printf &rArr; _printf_char_file &rArr; _printf_char_common &rArr; __printf
</UL>
<BR>[Calls]<UL><LI><a href="#[aa]">&gt;&gt;</a>&nbsp;&nbsp;&nbsp;__2printf
<LI><a href="#[119]">&gt;&gt;</a>&nbsp;&nbsp;&nbsp;writeEEPROMWord
<LI><a href="#[10d]">&gt;&gt;</a>&nbsp;&nbsp;&nbsp;enableEEPROMWriting
<LI><a href="#[10b]">&gt;&gt;</a>&nbsp;&nbsp;&nbsp;disableEEPROMWriting
</UL>
<BR>[Address Reference Count : 1]<UL><LI> terminal.o(.data)
</UL>
<P><STRONG><a name="[7]"></a>wi</STRONG> (Thumb, 38 bytes, Stack size 8 bytes, terminal.o(i.wi))
<BR><BR>[Stack]<UL><LI>Max Depth = 152 + Unknown Stack Size
<LI>Call Chain = wi &rArr; __2printf &rArr; _printf_char_file &rArr; _printf_char_common &rArr; __printf
</UL>
<BR>[Calls]<UL><LI><a href="#[aa]">&gt;&gt;</a>&nbsp;&nbsp;&nbsp;__2printf
</UL>
<BR>[Address Reference Count : 1]<UL><LI> terminal.o(.data)
</UL>
<P><STRONG><a name="[119]"></a>writeEEPROMWord</STRONG> (Thumb, 22 bytes, Stack size 16 bytes, eeprom.o(i.writeEEPROMWord))
<BR><BR>[Stack]<UL><LI>Max Depth = 36<LI>Call Chain = writeEEPROMWord &rArr; FLASH_ProgramWord &rArr; FLASH_WaitForLastOperation
</UL>
<BR>[Calls]<UL><LI><a href="#[c8]">&gt;&gt;</a>&nbsp;&nbsp;&nbsp;FLASH_ProgramWord
</UL>
<BR>[Called By]<UL><LI><a href="#[b]">&gt;&gt;</a>&nbsp;&nbsp;&nbsp;we
</UL>

<P><STRONG><a name="[21]"></a>yr</STRONG> (Thumb, 76 bytes, Stack size 24 bytes, terminal.o(i.yr))
<BR><BR>[Stack]<UL><LI>Max Depth = 168 + Unknown Stack Size
<LI>Call Chain = yr &rArr; __2printf &rArr; _printf_char_file &rArr; _printf_char_common &rArr; __printf
</UL>
<BR>[Calls]<UL><LI><a href="#[101]">&gt;&gt;</a>&nbsp;&nbsp;&nbsp;__aeabi_f2d
<LI><a href="#[aa]">&gt;&gt;</a>&nbsp;&nbsp;&nbsp;__2printf
</UL>
<BR>[Address Reference Count : 1]<UL><LI> terminal.o(.data)
</UL>
<P><STRONG><a name="[9e]"></a>_get_lc_numeric</STRONG> (Thumb, 44 bytes, Stack size 8 bytes, lc_numeric_c.o(locale$$code))
<BR><BR>[Stack]<UL><LI>Max Depth = 8<LI>Call Chain = _get_lc_numeric
</UL>
<BR>[Calls]<UL><LI><a href="#[11a]">&gt;&gt;</a>&nbsp;&nbsp;&nbsp;strcmp
</UL>
<BR>[Called By]<UL><LI><a href="#[9d]">&gt;&gt;</a>&nbsp;&nbsp;&nbsp;__rt_lib_init_lc_numeric_2
</UL>

<P><STRONG><a name="[104]"></a>__aeabi_d2f</STRONG> (Thumb, 0 bytes, Stack size 32 bytes, d2f.o(x$fpl$d2f))
<BR><BR>[Stack]<UL><LI>Max Depth = 32<LI>Call Chain = __aeabi_d2f
</UL>
<BR>[Called By]<UL><LI><a href="#[100]">&gt;&gt;</a>&nbsp;&nbsp;&nbsp;control_rule
<LI><a href="#[a]">&gt;&gt;</a>&nbsp;&nbsp;&nbsp;ra
</UL>

<P><STRONG><a name="[11b]"></a>_d2f</STRONG> (Thumb, 98 bytes, Stack size 32 bytes, d2f.o(x$fpl$d2f), UNUSED)
<BR><BR>[Calls]<UL><LI><a href="#[11d]">&gt;&gt;</a>&nbsp;&nbsp;&nbsp;__fpl_dnaninf
<LI><a href="#[11c]">&gt;&gt;</a>&nbsp;&nbsp;&nbsp;__fpl_fretinf
</UL>

<P><STRONG><a name="[103]"></a>__aeabi_ddiv</STRONG> (Thumb, 0 bytes, Stack size 32 bytes, ddiv.o(x$fpl$ddiv))
<BR><BR>[Stack]<UL><LI>Max Depth = 32<LI>Call Chain = __aeabi_ddiv
</UL>
<BR>[Called By]<UL><LI><a href="#[100]">&gt;&gt;</a>&nbsp;&nbsp;&nbsp;control_rule
</UL>

<P><STRONG><a name="[11e]"></a>_ddiv</STRONG> (Thumb, 552 bytes, Stack size 32 bytes, ddiv.o(x$fpl$ddiv), UNUSED)
<BR><BR>[Calls]<UL><LI><a href="#[11d]">&gt;&gt;</a>&nbsp;&nbsp;&nbsp;__fpl_dnaninf
<LI><a href="#[11f]">&gt;&gt;</a>&nbsp;&nbsp;&nbsp;__fpl_dretinf
</UL>

<P><STRONG><a name="[116]"></a>__aeabi_ui2d</STRONG> (Thumb, 0 bytes, Stack size 0 bytes, dflt_clz.o(x$fpl$dfltu))
<BR><BR>[Called By]<UL><LI><a href="#[a]">&gt;&gt;</a>&nbsp;&nbsp;&nbsp;ra
</UL>

<P><STRONG><a name="[155]"></a>_dfltu</STRONG> (Thumb, 38 bytes, Stack size 0 bytes, dflt_clz.o(x$fpl$dfltu), UNUSED)

<P><STRONG><a name="[102]"></a>__aeabi_dmul</STRONG> (Thumb, 0 bytes, Stack size 32 bytes, dmul.o(x$fpl$dmul))
<BR><BR>[Stack]<UL><LI>Max Depth = 32<LI>Call Chain = __aeabi_dmul
</UL>
<BR>[Called By]<UL><LI><a href="#[100]">&gt;&gt;</a>&nbsp;&nbsp;&nbsp;control_rule
<LI><a href="#[a]">&gt;&gt;</a>&nbsp;&nbsp;&nbsp;ra
</UL>

<P><STRONG><a name="[120]"></a>_dmul</STRONG> (Thumb, 332 bytes, Stack size 32 bytes, dmul.o(x$fpl$dmul), UNUSED)
<BR><BR>[Calls]<UL><LI><a href="#[11d]">&gt;&gt;</a>&nbsp;&nbsp;&nbsp;__fpl_dnaninf
<LI><a href="#[11f]">&gt;&gt;</a>&nbsp;&nbsp;&nbsp;__fpl_dretinf
</UL>

<P><STRONG><a name="[11d]"></a>__fpl_dnaninf</STRONG> (Thumb, 156 bytes, Stack size 16 bytes, dnaninf.o(x$fpl$dnaninf), UNUSED)
<BR><BR>[Called By]<UL><LI><a href="#[120]">&gt;&gt;</a>&nbsp;&nbsp;&nbsp;_dmul
<LI><a href="#[11e]">&gt;&gt;</a>&nbsp;&nbsp;&nbsp;_ddiv
<LI><a href="#[11b]">&gt;&gt;</a>&nbsp;&nbsp;&nbsp;_d2f
</UL>

<P><STRONG><a name="[11f]"></a>__fpl_dretinf</STRONG> (Thumb, 12 bytes, Stack size 0 bytes, dretinf.o(x$fpl$dretinf), UNUSED)
<BR><BR>[Called By]<UL><LI><a href="#[121]">&gt;&gt;</a>&nbsp;&nbsp;&nbsp;_f2d
<LI><a href="#[120]">&gt;&gt;</a>&nbsp;&nbsp;&nbsp;_dmul
<LI><a href="#[11e]">&gt;&gt;</a>&nbsp;&nbsp;&nbsp;_ddiv
</UL>

<P><STRONG><a name="[101]"></a>__aeabi_f2d</STRONG> (Thumb, 0 bytes, Stack size 16 bytes, f2d.o(x$fpl$f2d))
<BR><BR>[Stack]<UL><LI>Max Depth = 16<LI>Call Chain = __aeabi_f2d
</UL>
<BR>[Called By]<UL><LI><a href="#[100]">&gt;&gt;</a>&nbsp;&nbsp;&nbsp;control_rule
<LI><a href="#[fd]">&gt;&gt;</a>&nbsp;&nbsp;&nbsp;printAnalogBufferVolts
<LI><a href="#[fc]">&gt;&gt;</a>&nbsp;&nbsp;&nbsp;printAnalogBuffer
<LI><a href="#[110]">&gt;&gt;</a>&nbsp;&nbsp;&nbsp;lowpass_PD
<LI><a href="#[114]">&gt;&gt;</a>&nbsp;&nbsp;&nbsp;lim_sum_error
<LI><a href="#[ff]">&gt;&gt;</a>&nbsp;&nbsp;&nbsp;const_cmd
<LI><a href="#[21]">&gt;&gt;</a>&nbsp;&nbsp;&nbsp;yr
<LI><a href="#[27]">&gt;&gt;</a>&nbsp;&nbsp;&nbsp;u_sat_b
<LI><a href="#[26]">&gt;&gt;</a>&nbsp;&nbsp;&nbsp;u_sat_a
<LI><a href="#[28]">&gt;&gt;</a>&nbsp;&nbsp;&nbsp;u_0
<LI><a href="#[a]">&gt;&gt;</a>&nbsp;&nbsp;&nbsp;ra
<LI><a href="#[1e]">&gt;&gt;</a>&nbsp;&nbsp;&nbsp;kp
<LI><a href="#[1f]">&gt;&gt;</a>&nbsp;&nbsp;&nbsp;ki
<LI><a href="#[22]">&gt;&gt;</a>&nbsp;&nbsp;&nbsp;kf
<LI><a href="#[23]">&gt;&gt;</a>&nbsp;&nbsp;&nbsp;kdf
<LI><a href="#[20]">&gt;&gt;</a>&nbsp;&nbsp;&nbsp;kd
<LI><a href="#[19]">&gt;&gt;</a>&nbsp;&nbsp;&nbsp;fw
</UL>

<P><STRONG><a name="[121]"></a>_f2d</STRONG> (Thumb, 86 bytes, Stack size 16 bytes, f2d.o(x$fpl$f2d), UNUSED)
<BR><BR>[Calls]<UL><LI><a href="#[122]">&gt;&gt;</a>&nbsp;&nbsp;&nbsp;__fpl_fnaninf
<LI><a href="#[11f]">&gt;&gt;</a>&nbsp;&nbsp;&nbsp;__fpl_dretinf
</UL>

<P><STRONG><a name="[122]"></a>__fpl_fnaninf</STRONG> (Thumb, 140 bytes, Stack size 8 bytes, fnaninf.o(x$fpl$fnaninf), UNUSED)
<BR><BR>[Called By]<UL><LI><a href="#[121]">&gt;&gt;</a>&nbsp;&nbsp;&nbsp;_f2d
</UL>

<P><STRONG><a name="[9a]"></a>_fp_init</STRONG> (Thumb, 10 bytes, Stack size 0 bytes, fpinit.o(x$fpl$fpinit))
<BR><BR>[Called By]<UL><LI><a href="#[99]">&gt;&gt;</a>&nbsp;&nbsp;&nbsp;__rt_lib_init_fp_1
</UL>

<P><STRONG><a name="[156]"></a>__fplib_config_fpu_vfp</STRONG> (Thumb, 0 bytes, Stack size unknown bytes, fpinit.o(x$fpl$fpinit), UNUSED)

<P><STRONG><a name="[157]"></a>__fplib_config_pureend_doubles</STRONG> (Thumb, 0 bytes, Stack size unknown bytes, fpinit.o(x$fpl$fpinit), UNUSED)

<P><STRONG><a name="[11c]"></a>__fpl_fretinf</STRONG> (Thumb, 10 bytes, Stack size 0 bytes, fretinf.o(x$fpl$fretinf), UNUSED)
<BR><BR>[Called By]<UL><LI><a href="#[11b]">&gt;&gt;</a>&nbsp;&nbsp;&nbsp;_d2f
</UL>

<P><STRONG><a name="[90]"></a>_printf_fp_dec</STRONG> (Thumb, 4 bytes, Stack size 0 bytes, printf1.o(x$fpl$printf1))
<BR><BR>[Stack]<UL><LI>Max Depth = 320<LI>Call Chain = _printf_fp_dec &rArr; _printf_fp_dec_real &rArr; _fp_digits &rArr; _btod_etento &rArr; _btod_emul &rArr; _e2e
</UL>
<BR>[Calls]<UL><LI><a href="#[b9]">&gt;&gt;</a>&nbsp;&nbsp;&nbsp;_printf_fp_dec_real
</UL>
<BR>[Called By]<UL><LI><a href="#[8f]">&gt;&gt;</a>&nbsp;&nbsp;&nbsp;_printf_f
</UL>
<P>
<H3>
Local Symbols
</H3>
<P><STRONG><a name="[d8]"></a>SetSysClock</STRONG> (Thumb, 220 bytes, Stack size 12 bytes, system_stm32f4xx.o(i.SetSysClock))
<BR><BR>[Stack]<UL><LI>Max Depth = 12<LI>Call Chain = SetSysClock
</UL>
<BR>[Called By]<UL><LI><a href="#[85]">&gt;&gt;</a>&nbsp;&nbsp;&nbsp;SystemInit
</UL>

<P><STRONG><a name="[b3]"></a>_fp_digits</STRONG> (Thumb, 428 bytes, Stack size 96 bytes, _printf_fp_dec.o(.text))
<BR><BR>[Stack]<UL><LI>Max Depth = 216<LI>Call Chain = _fp_digits &rArr; _btod_etento &rArr; _btod_emul &rArr; _e2e
</UL>
<BR>[Calls]<UL><LI><a href="#[b7]">&gt;&gt;</a>&nbsp;&nbsp;&nbsp;_btod_emul
<LI><a href="#[b6]">&gt;&gt;</a>&nbsp;&nbsp;&nbsp;_btod_ediv
<LI><a href="#[b5]">&gt;&gt;</a>&nbsp;&nbsp;&nbsp;_btod_d2e
<LI><a href="#[b4]">&gt;&gt;</a>&nbsp;&nbsp;&nbsp;_btod_etento
<LI><a href="#[b8]">&gt;&gt;</a>&nbsp;&nbsp;&nbsp;_ll_udiv10
</UL>
<BR>[Called By]<UL><LI><a href="#[b9]">&gt;&gt;</a>&nbsp;&nbsp;&nbsp;_printf_fp_dec_real
</UL>

<P><STRONG><a name="[88]"></a>_printf_input_char</STRONG> (Thumb, 10 bytes, Stack size 0 bytes, _printf_char_common.o(.text))
<BR>[Address Reference Count : 1]<UL><LI> _printf_char_common.o(.text)
</UL><P>
<H3>
Undefined Global Symbols
</H3><HR></body></html>
