Component: ARM Compiler 5.06 update 4 (build 422) Tool: armlink [4d35d2]

==============================================================================

Section Cross References

    startup_stm32f412xg.o(STACK) refers (Special) to heapauxi.o(.text) for __use_two_region_memory
    startup_stm32f412xg.o(HEAP) refers (Special) to heapauxi.o(.text) for __use_two_region_memory
    startup_stm32f412xg.o(RESET) refers (Special) to heapauxi.o(.text) for __use_two_region_memory
    startup_stm32f412xg.o(RESET) refers to startup_stm32f412xg.o(STACK) for __initial_sp
    startup_stm32f412xg.o(RESET) refers to startup_stm32f412xg.o(.text) for Reset_Handler
    startup_stm32f412xg.o(RESET) refers to adc.o(i.ADC_IRQHandler) for ADC_IRQHandler
    startup_stm32f412xg.o(RESET) refers to pwm.o(i.TIM1_CC_IRQHandler) for TIM1_CC_IRQHandler
    startup_stm32f412xg.o(RESET) refers to adc.o(i.TIM3_IRQHandler) for TIM3_IRQHandler
    startup_stm32f412xg.o(RESET) refers to uart.o(i.USART3_IRQHandler) for USART3_IRQHandler
    startup_stm32f412xg.o(.text) refers (Special) to heapauxi.o(.text) for __use_two_region_memory
    startup_stm32f412xg.o(.text) refers to system_stm32f4xx.o(i.SystemInit) for SystemInit
    startup_stm32f412xg.o(.text) refers to __main.o(!!!main) for __main
    startup_stm32f412xg.o(.text) refers to startup_stm32f412xg.o(HEAP) for Heap_Mem
    startup_stm32f412xg.o(.text) refers to startup_stm32f412xg.o(STACK) for Stack_Mem
    system_stm32f4xx.o(i.SystemCoreClockUpdate) refers to system_stm32f4xx.o(.data) for SystemCoreClock
    system_stm32f4xx.o(i.SystemInit) refers to system_stm32f4xx.o(i.SetSysClock) for SetSysClock
    stm32f4xx_gpio.o(i.GPIO_DeInit) refers to stm32f4xx_rcc.o(i.RCC_AHB1PeriphResetCmd) for RCC_AHB1PeriphResetCmd
    stm32f4xx_rcc.o(i.RCC_GetClocksFreq) refers to stm32f4xx_rcc.o(.data) for APBAHBPrescTable
    stm32f4xx_rcc.o(i.RCC_WaitForHSEStartUp) refers to stm32f4xx_rcc.o(i.RCC_GetFlagStatus) for RCC_GetFlagStatus
    stm32f4xx_syscfg.o(i.SYSCFG_DeInit) refers to stm32f4xx_rcc.o(i.RCC_APB2PeriphResetCmd) for RCC_APB2PeriphResetCmd
    stm32f4xx_tim.o(i.TIM_DeInit) refers to stm32f4xx_rcc.o(i.RCC_APB2PeriphResetCmd) for RCC_APB2PeriphResetCmd
    stm32f4xx_tim.o(i.TIM_DeInit) refers to stm32f4xx_rcc.o(i.RCC_APB1PeriphResetCmd) for RCC_APB1PeriphResetCmd
    stm32f4xx_tim.o(i.TIM_ETRClockMode1Config) refers to stm32f4xx_tim.o(i.TIM_ETRConfig) for TIM_ETRConfig
    stm32f4xx_tim.o(i.TIM_ETRClockMode2Config) refers to stm32f4xx_tim.o(i.TIM_ETRConfig) for TIM_ETRConfig
    stm32f4xx_tim.o(i.TIM_ICInit) refers to stm32f4xx_tim.o(i.TI1_Config) for TI1_Config
    stm32f4xx_tim.o(i.TIM_ICInit) refers to stm32f4xx_tim.o(i.TIM_SetIC1Prescaler) for TIM_SetIC1Prescaler
    stm32f4xx_tim.o(i.TIM_ICInit) refers to stm32f4xx_tim.o(i.TI2_Config) for TI2_Config
    stm32f4xx_tim.o(i.TIM_ICInit) refers to stm32f4xx_tim.o(i.TIM_SetIC2Prescaler) for TIM_SetIC2Prescaler
    stm32f4xx_tim.o(i.TIM_ICInit) refers to stm32f4xx_tim.o(i.TI3_Config) for TI3_Config
    stm32f4xx_tim.o(i.TIM_ICInit) refers to stm32f4xx_tim.o(i.TIM_SetIC3Prescaler) for TIM_SetIC3Prescaler
    stm32f4xx_tim.o(i.TIM_ICInit) refers to stm32f4xx_tim.o(i.TI4_Config) for TI4_Config
    stm32f4xx_tim.o(i.TIM_ICInit) refers to stm32f4xx_tim.o(i.TIM_SetIC4Prescaler) for TIM_SetIC4Prescaler
    stm32f4xx_tim.o(i.TIM_ITRxExternalClockConfig) refers to stm32f4xx_tim.o(i.TIM_SelectInputTrigger) for TIM_SelectInputTrigger
    stm32f4xx_tim.o(i.TIM_PWMIConfig) refers to stm32f4xx_tim.o(i.TI1_Config) for TI1_Config
    stm32f4xx_tim.o(i.TIM_PWMIConfig) refers to stm32f4xx_tim.o(i.TIM_SetIC1Prescaler) for TIM_SetIC1Prescaler
    stm32f4xx_tim.o(i.TIM_PWMIConfig) refers to stm32f4xx_tim.o(i.TI2_Config) for TI2_Config
    stm32f4xx_tim.o(i.TIM_PWMIConfig) refers to stm32f4xx_tim.o(i.TIM_SetIC2Prescaler) for TIM_SetIC2Prescaler
    stm32f4xx_tim.o(i.TIM_TIxExternalClockConfig) refers to stm32f4xx_tim.o(i.TI2_Config) for TI2_Config
    stm32f4xx_tim.o(i.TIM_TIxExternalClockConfig) refers to stm32f4xx_tim.o(i.TI1_Config) for TI1_Config
    stm32f4xx_tim.o(i.TIM_TIxExternalClockConfig) refers to stm32f4xx_tim.o(i.TIM_SelectInputTrigger) for TIM_SelectInputTrigger
    stm32f4xx_usart.o(i.USART_DeInit) refers to stm32f4xx_rcc.o(i.RCC_APB2PeriphResetCmd) for RCC_APB2PeriphResetCmd
    stm32f4xx_usart.o(i.USART_DeInit) refers to stm32f4xx_rcc.o(i.RCC_APB1PeriphResetCmd) for RCC_APB1PeriphResetCmd
    stm32f4xx_usart.o(i.USART_Init) refers to stm32f4xx_rcc.o(i.RCC_GetClocksFreq) for RCC_GetClocksFreq
    stm32f4xx_adc.o(i.ADC_DeInit) refers to stm32f4xx_rcc.o(i.RCC_APB2PeriphResetCmd) for RCC_APB2PeriphResetCmd
    stm32f4xx_flash.o(i.FLASH_EraseAllBank1Sectors) refers to stm32f4xx_flash.o(i.FLASH_WaitForLastOperation) for FLASH_WaitForLastOperation
    stm32f4xx_flash.o(i.FLASH_EraseAllBank2Sectors) refers to stm32f4xx_flash.o(i.FLASH_WaitForLastOperation) for FLASH_WaitForLastOperation
[...]
    i.FLASH_Unlock                           0x080018b4   Section        0  stm32f4xx_flash.o(i.FLASH_Unlock)
    i.FLASH_WaitForLastOperation             0x080018d8   Section        0  stm32f4xx_flash.o(i.FLASH_WaitForLastOperation)
    i.GPIO_Init                              0x080018fa   Section        0  stm32f4xx_gpio.o(i.GPIO_Init)
    i.GPIO_PinAFConfig                       0x0800198a   Section        0  stm32f4xx_gpio.o(i.GPIO_PinAFConfig)
    i.GPIO_ReadInputDataBit                  0x080019d0   Section        0  stm32f4xx_gpio.o(i.GPIO_ReadInputDataBit)
    i.GPIO_WriteBit                          0x080019e2   Section        0  stm32f4xx_gpio.o(i.GPIO_WriteBit)
    i.NVIC_Init                              0x080019ec   Section        0  misc.o(i.NVIC_Init)
    i.PWMChannelConfig                       0x08001a64   Section        0  pwm.o(i.PWMChannelConfig)
    i.PWMPinConfig                           0x08001aec   Section        0  pwm.o(i.PWMPinConfig)
    i.PWMStart                               0x08001b38   Section        0  pwm.o(i.PWMStart)
    i.PWMTimConfig                           0x08001b5c   Section        0  pwm.o(i.PWMTimConfig)
    i.RCC_AHB1PeriphClockCmd                 0x08001bb8   Section        0  stm32f4xx_rcc.o(i.RCC_AHB1PeriphClockCmd)
    i.RCC_APB1PeriphClockCmd                 0x08001bd8   Section        0  stm32f4xx_rcc.o(i.RCC_APB1PeriphClockCmd)
    i.RCC_APB2PeriphClockCmd                 0x08001bf8   Section        0  stm32f4xx_rcc.o(i.RCC_APB2PeriphClockCmd)
    i.RCC_GetClocksFreq                      0x08001c18   Section        0  stm32f4xx_rcc.o(i.RCC_GetClocksFreq)
    i.SetSysClock                            0x08001de0   Section        0  system_stm32f4xx.o(i.SetSysClock)
    SetSysClock                              0x08001de1   Thumb Code   220  system_stm32f4xx.o(i.SetSysClock)
    i.SystemInit                             0x08001ecc   Section        0  system_stm32f4xx.o(i.SystemInit)
    i.TIM1_CC_IRQHandler                     0x08001f34   Section        0  pwm.o(i.TIM1_CC_IRQHandler)
    i.TIM3_Config                            0x08001f38   Section        0  adc.o(i.TIM3_Config)
    i.TIM3_IRQHandler                        0x08001f80   Section        0  adc.o(i.TIM3_IRQHandler)
    i.TIM4_Config                            0x08001fd0   Section        0  pwm.o(i.TIM4_Config)
    i.TIM_ClearITPendingBit                  0x0800202c   Section        0  stm32f4xx_tim.o(i.TIM_ClearITPendingBit)
    i.TIM_Cmd                                0x08002032   Section        0  stm32f4xx_tim.o(i.TIM_Cmd)
    i.TIM_CtrlPWMOutputs                     0x0800204a   Section        0  stm32f4xx_tim.o(i.TIM_CtrlPWMOutputs)
    i.TIM_GetITStatus                        0x08002068   Section        0  stm32f4xx_tim.o(i.TIM_GetITStatus)
    i.TIM_ITConfig                           0x0800208a   Section        0  stm32f4xx_tim.o(i.TIM_ITConfig)
    i.TIM_OC1Init                            0x0800209c   Section        0  stm32f4xx_tim.o(i.TIM_OC1Init)
    i.TIM_TimeBaseInit                       0x08002118   Section        0  stm32f4xx_tim.o(i.TIM_TimeBaseInit)
    i.USART3_IRQHandler                      0x0800219c   Section        0  uart.o(i.USART3_IRQHandler)
    i.USART_ClearITPendingBit                0x08002220   Section        0  stm32f4xx_usart.o(i.USART_ClearITPendingBit)
    i.USART_Cmd                              0x0800223e   Section        0  stm32f4xx_usart.o(i.USART_Cmd)
    i.USART_GetFlagStatus                    0x08002256   Section        0  stm32f4xx_usart.o(i.USART_GetFlagStatus)
    i.USART_GetITStatus                      0x08002270   Section        0  stm32f4xx_usart.o(i.USART_GetITStatus)
    i.USART_ITConfig                         0x080022c4   Section        0  stm32f4xx_usart.o(i.USART_ITConfig)
    i.USART_Init                             0x08002310   Section        0  stm32f4xx_usart.o(i.USART_Init)
    i.USART_ReceiveData                      0x080023e4   Section        0  stm32f4xx_usart.o(i.USART_ReceiveData)
    i.USART_SendData                         0x080023ee   Section        0  stm32f4xx_usart.o(i.USART_SendData)
    i.USART_putchar                          0x080023f8   Section        0  uart.o(i.USART_putchar)
    i.USART_setup                            0x0800241c   Section        0  uart.o(i.USART_setup)
    i.__ARM_fpclassify                       0x080024e0   Section        0  fpclassify.o(i.__ARM_fpclassify)
    i._is_digit                              0x08002510   Section        0  __printf_wp.o(i._is_digit)
    i.ac                                     0x08002520   Section        0  terminal.o(i.ac)
    i.analogChannelInit                      0x08002570   Section        0  gpio.o(i.analogChannelInit)
    i.analogCommonInit                       0x080025aa   Section        0  gpio.o(i.analogCommonInit)
    i.analogInit                             0x080025be   Section        0  gpio.o(i.analogInit)
    i.analogInitCont                         0x080025f8   Section        0  adc.o(i.analogInitCont)
    i.analogRead                             0x0800264c   Section        0  gpio.o(i.analogRead)
    i.analogStart                            0x0800266c   Section        0  adc.o(i.analogStart)
    i.analogStop                             0x080026a8   Section        0  adc.o(i.analogStop)
    i.be                                     0x080026dc   Section        0  terminal.o(i.be)
    i.bf                                     0x080026e4   Section        0  terminal.o(i.bf)
    i.bi                                     0x080026e6   Section        0  terminal.o(i.bi)
    i.bl                                     0x080026f0   Section        0  terminal.o(i.bl)
    i.clearBuffer                            0x08002700   Section        0  adc.o(i.clearBuffer)
    i.comutacao                              0x0800270c   Section        0  terminal.o(i.comutacao)
    i.const_cmd                              0x08002758   Section        0  adc.o(i.const_cmd)
    i.control_rule                           0x080028d0   Section        0  adc.o(i.control_rule)
    i.convBase                               0x08002990   Section        0  terminal.o(i.convBase)
    i.dcr                                    0x08002a58   Section        0  terminal.o(i.dcr)
    i.digitalRead                            0x08002a9c   Section        0  gpio.o(i.digitalRead)
    i.digitalWrite                           0x08002abc   Section        0  gpio.o(i.digitalWrite)
    i.disableEEPROMWriting                   0x08002ae4   Section        0  eeprom.o(i.disableEEPROMWriting)
    i.enableEEPROMWriting                    0x08002aec   Section        0  eeprom.o(i.enableEEPROMWriting)
    i.f_ad                                   0x08002b04   Section        0  terminal.o(i.f_ad)
    i.ff                                     0x08002b28   Section        0  terminal.o(i.ff)
    i.fn                                     0x08002b34   Section        0  terminal.o(i.fn)
    i.fputc                                  0x08002b40   Section        0  uart.o(i.fputc)
    i.fw                                     0x08002b50   Section        0  terminal.o(i.fw)
    i.getArgs                                0x08002bbc   Section        0  terminal.o(i.getArgs)
    i.getChannelPin                          0x08002c38   Section        0  gpio.o(i.getChannelPin)
    i.getChannelPort                         0x08002c54   Section        0  gpio.o(i.getChannelPort)
    i.getCom                                 0x08002c70   Section        0  terminal.o(i.getCom)
    i.help                                   0x08002cdc   Section        0  terminal.o(i.help)
    i.input                                  0x08002d78   Section        0  terminal.o(i.input)
    i.kd                                     0x08002e1c   Section        0  terminal.o(i.kd)
    i.kdf                                    0x08002e88   Section        0  terminal.o(i.kdf)
    i.kf                                     0x08002ef4   Section        0  terminal.o(i.kf)
    i.ki                                     0x08002f60   Section        0  terminal.o(i.ki)
    i.kp                                     0x08002fcc   Section        0  terminal.o(i.kp)
    i.last                                   0x08003038   Section        0  terminal.o(i.last)
    i.lim_sat                                0x08003088   Section        0  terminal.o(i.lim_sat)
    i.lim_sum_error                          0x080030ac   Section        0  adc.o(i.lim_sum_error)
    i.lowpass_PD                             0x08003214   Section        0  adc.o(i.lowpass_PD)
    i.ma                                     0x08003308   Section        0  terminal.o(i.ma)
    i.main                                   0x08003314   Section        0  main.o(i.main)
    i.mc                                     0x08003334   Section        0  terminal.o(i.mc)
    i.mm                                     0x08003398   Section        0  terminal.o(i.mm)
    i.mr                                     0x080033a4   Section        0  terminal.o(i.mr)
    i.mw                                     0x080033f4   Section        0  terminal.o(i.mw)
    i.parse                                  0x08003440   Section        0  terminal.o(i.parse)
    i.pinInit                                0x0800351c   Section        0  gpio.o(i.pinInit)
    i.pinInit_pull                           0x0800354c   Section        0  gpio.o(i.pinInit_pull)
    i.portInit                               0x08003588   Section        0  gpio.o(i.portInit)
    i.printAnalogBuffer                      0x08003598   Section        0  adc.o(i.printAnalogBuffer)
    i.printAnalogBufferVolts                 0x08003674   Section        0  adc.o(i.printAnalogBufferVolts)
    i.ra                                     0x08003784   Section        0  terminal.o(i.ra)
    i.rd                                     0x08003854   Section        0  terminal.o(i.rd)
    i.re                                     0x08003904   Section        0  terminal.o(i.re)
    i.readEEPROMWord                         0x08003948   Section        0  eeprom.o(i.readEEPROMWord)
    i.ri                                     0x0800395c   Section        0  terminal.o(i.ri)
    i.rp                                     0x08003998   Section        0  terminal.o(i.rp)
    i.sc                                     0x08003a18   Section        0  terminal.o(i.sc)
    i.setBufferSize                          0x08003a30   Section        0  adc.o(i.setBufferSize)
    i.sp                                     0x08003a3c   Section        0  terminal.o(i.sp)
    i.sr                                     0x08003ab0   Section        0  terminal.o(i.sr)
    i.stop                                   0x08003ac8   Section        0  terminal.o(i.stop)
    i.u_0                                    0x08003ae4   Section        0  terminal.o(i.u_0)
    i.u_sat_a                                0x08003b50   Section        0  terminal.o(i.u_sat_a)
    i.u_sat_b                                0x08003bbc   Section        0  terminal.o(i.u_sat_b)
    i.valor_k                                0x08003c28   Section        0  terminal.o(i.valor_k)
    i.ver                                    0x08003c4c   Section        0  terminal.o(i.ver)
    i.wd                                     0x08003c7c   Section        0  terminal.o(i.wd)
    i.we                                     0x08003d60   Section        0  terminal.o(i.we)
    i.wi                                     0x08003da8   Section        0  terminal.o(i.wi)
    i.writeEEPROMWord                        0x08003ddc   Section        0  eeprom.o(i.writeEEPROMWord)
    i.yr                                     0x08003df8   Section        0  terminal.o(i.yr)
    locale$$code                             0x08003e64   Section       44  lc_numeric_c.o(locale$$code)
    x$fpl$d2f                                0x08003e90   Section       98  d2f.o(x$fpl$d2f)
    $v0                                      0x08003e90   Number         0  d2f.o(x$fpl$d2f)
    x$fpl$ddiv                               0x08003ef4   Section      688  ddiv.o(x$fpl$ddiv)
    $v0                                      0x08003ef4   Number         0  ddiv.o(x$fpl$ddiv)
    ddiv_entry                               0x08003efb   Thumb Code     0  ddiv.o(x$fpl$ddiv)
    x$fpl$dfltu                              0x080041a4   Section       38  dflt_clz.o(x$fpl$dfltu)
    $v0                                      0x080041a4   Number         0  dflt_clz.o(x$fpl$dfltu)
    x$fpl$dmul                               0x080041cc   Section      340  dmul.o(x$fpl$dmul)
    $v0                                      0x080041cc   Number         0  dmul.o(x$fpl$dmul)
    x$fpl$dnaninf                            0x08004320   Section      156  dnaninf.o(x$fpl$dnaninf)
    $v0                                      0x08004320   Number         0  dnaninf.o(x$fpl$dnaninf)
    x$fpl$dretinf                            0x080043bc   Section       12  dretinf.o(x$fpl$dretinf)
    $v0                                      0x080043bc   Number         0  dretinf.o(x$fpl$dretinf)
    x$fpl$f2d                                0x080043c8   Section       86  f2d.o(x$fpl$f2d)
    $v0                                      0x080043c8   Number         0  f2d.o(x$fpl$f2d)
    x$fpl$fnaninf                            0x0800441e   Section      140  fnaninf.o(x$fpl$fnaninf)
    $v0                                      0x0800441e   Number         0  fnaninf.o(x$fpl$fnaninf)
    x$fpl$fpinit                             0x080044aa   Section       10  fpinit.o(x$fpl$fpinit)
    $v0                                      0x080044aa   Number         0  fpinit.o(x$fpl$fpinit)
    x$fpl$fretinf                            0x080044b4   Section       10  fretinf.o(x$fpl$fretinf)
    $v0                                      0x080044b4   Number         0  fretinf.o(x$fpl$fretinf)
    x$fpl$printf1                            0x080044be   Section        4  printf1.o(x$fpl$printf1)
    $v0                                      0x080044be   Number         0  printf1.o(x$fpl$printf1)
    x$fpl$usenofp                            0x080044c2   Section        0  usenofp.o(x$fpl$usenofp)
    .constdata                               0x080044c4   Section      128  gpio.o(.constdata)
    .constdata                               0x08004544   Section       40  _printf_hex_int.o(.constdata)
    uc_hextab                                0x08004544   Data          20  _printf_hex_int.o(.constdata)
    lc_hextab                                0x08004558   Data          20  _printf_hex_int.o(.constdata)
    .constdata                               0x0800456c   Section       17  __printf_flags_wp.o(.constdata)
    maptable                                 0x0800456c   Data          17  __printf_flags_wp.o(.constdata)
    .constdata                               0x08004580   Section      148  bigflt0.o(.constdata)
    tenpwrs_x                                0x08004580   Data          60  bigflt0.o(.constdata)
    tenpwrs_i                                0x080045bc   Data          64  bigflt0.o(.constdata)
    locale$$data                             0x08004634   Section       28  lc_numeric_c.o(locale$$data)
    __lcnum_c_name                           0x08004638   Data           2  lc_numeric_c.o(locale$$data)
    __lcnum_c_start                          0x08004640   Data           0  lc_numeric_c.o(locale$$data)
    __lcnum_c_point                          0x0800464c   Data           0  lc_numeric_c.o(locale$$data)
    __lcnum_c_thousands                      0x0800464e   Data           0  lc_numeric_c.o(locale$$data)
    __lcnum_c_grouping                       0x0800464f   Data           0  lc_numeric_c.o(locale$$data)
    __lcnum_c_end                            0x08004650   Data           0  lc_numeric_c.o(locale$$data)
    .data                                    0x20000000   Section       16  stm32f4xx_rcc.o(.data)
    APBAHBPrescTable                         0x20000000   Data          16  stm32f4xx_rcc.o(.data)
    .data                                    0x20000010   Section     4716  terminal.o(.data)
    i                                        0x20001278   Data           4  terminal.o(.data)
    .data                                    0x2000127c   Section       21  uart.o(.data)
    rec                                      0x20001290   Data           1  uart.o(.data)
    .data                                    0x20001294   Section       68  adc.o(.data)
    .data                                    0x200012d8   Section       20  pwm.o(.data)
    .bss                                     0x200012ec   Section       44  terminal.o(.bss)
    .bss                                     0x20001318   Section      128  uart.o(.bss)
    .bss                                     0x20001398   Section      768  adc.o(.bss)
    .bss                                     0x20001698   Section       96  libspace.o(.bss)
    HEAP                                     0x200016f8   Section      512  startup_stm32f412xg.o(HEAP)
    Heap_Mem                                 0x200016f8   Data         512  startup_stm32f412xg.o(HEAP)
    STACK                                    0x200018f8   Section     1024  startup_stm32f412xg.o(STACK)
    Stack_Mem                                0x200018f8   Data        1024  startup_stm32f412xg.o(STACK)
    __initial_sp                             0x20001cf8   Data           0  startup_stm32f412xg.o(STACK)

    Global Symbols

    Symbol Name                              Value     Ov Type        Size  Object(Section)

    BuildAttributes$$THM_ISAv4$E$P$D$K$B$S$7EM$VFPi3$EXTD16$VFPS$VFMA$PE$A:L22UL41UL21$X:L11$S22US41US21$IEEE1$IW$USESV6$~STKCKD$USESV7$~SHL$OTIME$ROPI$IEEEJ$EBA8$UX$STANDARDLIB$REQ8$PRES8$EABIv2 0x00000000   Number         0  anon$$obj.o ABSOLUTE
    __ARM_use_no_argv                        0x00000000   Number         0  main.o ABSOLUTE
    _printf_flags                            0x00000000   Number         0  printf_stubs.o ABSOLUTE
    _printf_return_value                     0x00000000   Number         0  printf_stubs.o ABSOLUTE
    _printf_sizespec                         0x00000000   Number         0  printf_stubs.o ABSOLUTE
    _printf_widthprec                        0x00000000   Number         0  printf_stubs.o ABSOLUTE
    __ARM_exceptions_init                     - Undefined Weak Reference
    __alloca_initialize                       - Undefined Weak Reference
    __arm_preinit_                            - Undefined Weak Reference
    __cpp_initialize__aeabi_                  - Undefined Weak Reference
    __cxa_finalize                            - Undefined Weak Reference
    __sigvec_lookup                           - Undefined Weak Reference
    _atexit_init                              - Undefined Weak Reference
    _call_atexit_fns                          - Undefined Weak Reference
    _clock_init                               - Undefined Weak Reference
    _fp_trap_init                             - Undefined Weak Reference
    _fp_trap_shutdown                         - Undefined Weak Reference
    _get_lc_collate                           - Undefined Weak Reference
    _get_lc_ctype                             - Undefined Weak Reference
    _get_lc_monetary                          - Undefined Weak Reference
    _get_lc_time                              - Undefined Weak Reference
    _getenv_init                              - Undefined Weak Reference
    _handle_redirection                       - Undefined Weak Reference
    _init_alloc                               - Undefined Weak Reference
    _init_user_alloc                          - Undefined Weak Reference
    _initio                                   - Undefined Weak Reference
    _mutex_acquire                            - Undefined Weak Reference
    _mutex_release                            - Undefined Weak Reference
    _printf_mbtowc                            - Undefined Weak Reference
    _printf_truncate_signed                   - Undefined Weak Reference
    _printf_truncate_unsigned                 - Undefined Weak Reference
    _rand_init                                - Undefined Weak Reference
    _signal_finish                            - Undefined Weak Reference
    _signal_init                              - Undefined Weak Reference
    _terminate_alloc                          - Undefined Weak Reference
    _terminate_user_alloc                     - Undefined Weak Reference
    _terminateio                              - Undefined Weak Reference
    __Vectors_Size                           0x000001c4   Number         0  startup_stm32f412xg.o ABSOLUTE
    __Vectors                                0x08000000   Data           4  startup_stm32f412xg.o(RESET)
    __Vectors_End                            0x080001c4   Data           0  startup_stm32f412xg.o(RESET)
    __main                                   0x080001c5   Thumb Code     8  __main.o(!!!main)
    __scatterload                            0x080001cd   Thumb Code     0  __scatter.o(!!!scatter)
    __scatterload_rt2                        0x080001cd   Thumb Code    44  __scatter.o(!!!scatter)
    __scatterload_rt2_thumb_only             0x080001cd   Thumb Code     0  __scatter.o(!!!scatter)
    __scatterload_null                       0x080001db   Thumb Code     0  __scatter.o(!!!scatter)
    __decompress                             0x08000201   Thumb Code    90  __dczerorl2.o(!!dczerorl2)
    __decompress1                            0x08000201   Thumb Code     0  __dczerorl2.o(!!dczerorl2)
    __scatterload_zeroinit                   0x0800025d   Thumb Code    28  __scatter_zi.o(!!handler_zi)
    _printf_f                                0x08000279   Thumb Code     0  _printf_f.o(.ARM.Collect$$_printf_percent$$00000003)
    _printf_percent                          0x08000279   Thumb Code     0  _printf_percent.o(.ARM.Collect$$_printf_percent$$00000000)
    _printf_d                                0x0800027f   Thumb Code     0  _printf_d.o(.ARM.Collect$$_printf_percent$$00000009)
    _printf_x                                0x08000285   Thumb Code     0  _printf_x.o(.ARM.Collect$$_printf_percent$$0000000C)
    _printf_c                                0x0800028b   Thumb Code     0  _printf_c.o(.ARM.Collect$$_printf_percent$$00000013)
    _printf_s                                0x08000291   Thumb Code     0  _printf_s.o(.ARM.Collect$$_printf_percent$$00000014)
    _printf_percent_end                      0x08000297   Thumb Code     0  _printf_percent_end.o(.ARM.Collect$$_printf_percent$$00000017)
    __rt_lib_init                            0x0800029b   Thumb Code     0  libinit.o(.ARM.Collect$$libinit$$00000000)
    __rt_lib_init_fp_1                       0x0800029d   Thumb Code     0  libinit2.o(.ARM.Collect$$libinit$$00000001)
    __rt_lib_init_heap_1                     0x080002a1   Thumb Code     0  libinit2.o(.ARM.Collect$$libinit$$0000000A)
    __rt_lib_init_lc_common                  0x080002a1   Thumb Code     0  libinit2.o(.ARM.Collect$$libinit$$0000000F)
    __rt_lib_init_preinit_1                  0x080002a1   Thumb Code     0  libinit2.o(.ARM.Collect$$libinit$$00000004)
    __rt_lib_init_rand_1                     0x080002a1   Thumb Code     0  libinit2.o(.ARM.Collect$$libinit$$0000000E)
    __rt_lib_init_user_alloc_1               0x080002a1   Thumb Code     0  libinit2.o(.ARM.Collect$$libinit$$0000000C)
    __rt_lib_init_lc_collate_1               0x080002a7   Thumb Code     0  libinit2.o(.ARM.Collect$$libinit$$00000011)
    __rt_lib_init_lc_ctype_1                 0x080002a7   Thumb Code     0  libinit2.o(.ARM.Collect$$libinit$$00000013)
    __rt_lib_init_lc_monetary_1              0x080002a7   Thumb Code     0  libinit2.o(.ARM.Collect$$libinit$$00000015)
    __rt_lib_init_lc_numeric_2               0x080002a7   Thumb Code     0  libinit2.o(.ARM.Collect$$libinit$$00000016)
    __rt_lib_init_alloca_1                   0x080002b1   Thumb Code     0  libinit2.o(.ARM.Collect$$libinit$$0000002E)
    __rt_lib_init_argv_1                     0x080002b1   Thumb Code     0  libinit2.o(.ARM.Collect$$libinit$$0000002C)
    __rt_lib_init_atexit_1                   0x080002b1   Thumb Code     0  libinit2.o(.ARM.Collect$$libinit$$0000001B)
    __rt_lib_init_clock_1                    0x080002b1   Thumb Code     0  libinit2.o(.ARM.Collect$$libinit$$00000021)
    __rt_lib_init_cpp_1                      0x080002b1   Thumb Code     0  libinit2.o(.ARM.Collect$$libinit$$00000032)
    __rt_lib_init_exceptions_1               0x080002b1   Thumb Code     0  libinit2.o(.ARM.Collect$$libinit$$00000030)
    __rt_lib_init_fp_trap_1                  0x080002b1   Thumb Code     0  libinit2.o(.ARM.Collect$$libinit$$0000001F)
    __rt_lib_init_getenv_1                   0x080002b1   Thumb Code     0  libinit2.o(.ARM.Collect$$libinit$$00000023)
    __rt_lib_init_lc_numeric_1               0x080002b1   Thumb Code     0  libinit2.o(.ARM.Collect$$libinit$$00000017)
    __rt_lib_init_lc_time_1                  0x080002b1   Thumb Code     0  libinit2.o(.ARM.Collect$$libinit$$00000019)
    __rt_lib_init_return                     0x080002b1   Thumb Code     0  libinit2.o(.ARM.Collect$$libinit$$00000033)
    __rt_lib_init_signal_1                   0x080002b1   Thumb Code     0  libinit2.o(.ARM.Collect$$libinit$$0000001D)
    __rt_lib_init_stdio_1                    0x080002b1   Thumb Code     0  libinit2.o(.ARM.Collect$$libinit$$00000025)
    __rt_lib_shutdown                        0x080002b3   Thumb Code     0  libshutdown.o(.ARM.Collect$$libshutdown$$00000000)
    __rt_lib_shutdown_cpp_1                  0x080002b5   Thumb Code     0  libshutdown2.o(.ARM.Collect$$libshutdown$$00000002)
    __rt_lib_shutdown_fp_trap_1              0x080002b5   Thumb Code     0  libshutdown2.o(.ARM.Collect$$libshutdown$$00000007)
    __rt_lib_shutdown_heap_1                 0x080002b5   Thumb Code     0  libshutdown2.o(.ARM.Collect$$libshutdown$$0000000F)
    __rt_lib_shutdown_return                 0x080002b5   Thumb Code     0  libshutdown2.o(.ARM.Collect$$libshutdown$$00000010)
    __rt_lib_shutdown_signal_1               0x080002b5   Thumb Code     0  libshutdown2.o(.ARM.Collect$$libshutdown$$0000000A)
    __rt_lib_shutdown_stdio_1                0x080002b5   Thumb Code     0  libshutdown2.o(.ARM.Collect$$libshutdown$$00000004)
    __rt_lib_shutdown_user_alloc_1           0x080002b5   Thumb Code     0  libshutdown2.o(.ARM.Collect$$libshutdown$$0000000C)
    __rt_entry                               0x080002b7   Thumb Code     0  __rtentry.o(.ARM.Collect$$rtentry$$00000000)
    __rt_entry_presh_1                       0x080002b7   Thumb Code     0  __rtentry2.o(.ARM.Collect$$rtentry$$00000002)
    __rt_entry_sh                            0x080002b7   Thumb Code     0  __rtentry4.o(.ARM.Collect$$rtentry$$00000004)
    __rt_entry_li                            0x080002bd   Thumb Code     0  __rtentry2.o(.ARM.Collect$$rtentry$$0000000A)
    __rt_entry_postsh_1                      0x080002bd   Thumb Code     0  __rtentry2.o(.ARM.Collect$$rtentry$$00000009)
    __rt_entry_main                          0x080002c1   Thumb Code     0  __rtentry2.o(.ARM.Collect$$rtentry$$0000000D)
    __rt_entry_postli_1                      0x080002c1   Thumb Code     0  __rtentry2.o(.ARM.Collect$$rtentry$$0000000C)
    __rt_exit                                0x080002c9   Thumb Code     0  rtexit.o(.ARM.Collect$$rtexit$$00000000)
    __rt_exit_ls                             0x080002cb   Thumb Code     0  rtexit2.o(.ARM.Collect$$rtexit$$00000003)
    __rt_exit_prels_1                        0x080002cb   Thumb Code     0  rtexit2.o(.ARM.Collect$$rtexit$$00000002)
    __rt_exit_exit                           0x080002cf   Thumb Code     0  rtexit2.o(.ARM.Collect$$rtexit$$00000004)
    Reset_Handler                            0x080002d5   Thumb Code     8  startup_stm32f412xg.o(.text)
    NMI_Handler                              0x080002dd   Thumb Code     2  startup_stm32f412xg.o(.text)
    HardFault_Handler                        0x080002df   Thumb Code     2  startup_stm32f412xg.o(.text)
    MemManage_Handler                        0x080002e1   Thumb Code     2  startup_stm32f412xg.o(.text)
    BusFault_Handler                         0x080002e3   Thumb Code     2  startup_stm32f412xg.o(.text)
    UsageFault_Handler                       0x080002e5   Thumb Code     2  startup_stm32f412xg.o(.text)
    SVC_Handler                              0x080002e7   Thumb Code     2  startup_stm32f412xg.o(.text)
    DebugMon_Handler                         0x080002e9   Thumb Code     2  startup_stm32f412xg.o(.text)
    PendSV_Handler                           0x080002eb   Thumb Code     2  startup_stm32f412xg.o(.text)
    SysTick_Handler                          0x080002ed   Thumb Code     2  startup_stm32f412xg.o(.text)
    CAN1_RX0_IRQHandler                      0x080002ef   Thumb Code     0  startup_stm32f412xg.o(.text)
    CAN1_RX1_IRQHandler                      0x080002ef   Thumb Code     0  startup_stm32f412xg.o(.text)
    CAN1_SCE_IRQHandler                      0x080002ef   Thumb Code     0  startup_stm32f412xg.o(.text)
    CAN1_TX_IRQHandler                       0x080002ef   Thumb Code     0  startup_stm32f412xg.o(.text)
    CAN2_RX0_IRQHandler                      0x080002ef   Thumb Code     0  startup_stm32f412xg.o(.text)
    CAN2_RX1_IRQHandler                      0x080002ef   Thumb Code     0  startup_stm32f412xg.o(.text)
    CAN2_SCE_IRQHandler                      0x080002ef   Thumb Code     0  startup_stm32f412xg.o(.text)
    CAN2_TX_IRQHandler                       0x080002ef   Thumb Code     0  startup_stm32f412xg.o(.text)
    DFSDM1_FLT0_IRQHandler                   0x080002ef   Thumb Code     0  startup_stm32f412xg.o(.text)
    DFSDM1_FLT1_IRQHandler                   0x080002ef   Thumb Code     0  startup_stm32f412xg.o(.text)
    DMA1_Stream0_IRQHandler                  0x080002ef   Thumb Code     0  startup_stm32f412xg.o(.text)
    DMA1_Stream1_IRQHandler                  0x080002ef   Thumb Code     0  startup_stm32f412xg.o(.text)
    DMA1_Stream2_IRQHandler                  0x080002ef   Thumb Code     0  startup_stm32f412xg.o(.text)
    DMA1_Stream3_IRQHandler                  0x080002ef   Thumb Code     0  startup_stm32f412xg.o(.text)
    DMA1_Stream4_IRQHandler                  0x080002ef   Thumb Code     0  startup_stm32f412xg.o(.text)
    DMA1_Stream5_IRQHandler                  0x080002ef   Thumb Code     0  startup_stm32f412xg.o(.text)
    DMA1_Stream6_IRQHandler                  0x080002ef   Thumb Code     0  startup_stm32f412xg.o(.text)
    DMA1_Stream7_IRQHandler                  0x080002ef   Thumb Code     0  startup_stm32f412xg.o(.text)
    DMA2_Stream0_IRQHandler                  0x080002ef   Thumb Code     0  startup_stm32f412xg.o(.text)
    DMA2_Stream1_IRQHandler                  0x080002ef   Thumb Code     0  startup_stm32f412xg.o(.text)
    DMA2_Stream2_IRQHandler                  0x080002ef   Thumb Code     0  startup_stm32f412xg.o(.text)
    DMA2_Stream3_IRQHandler                  0x080002ef   Thumb Code     0  startup_stm32f412xg.o(.text)
    DMA2_Stream4_IRQHandler                  0x080002ef   Thumb Code     0  startup_stm32f412xg.o(.text)
    DMA2_Stream5_IRQHandler                  0x080002ef   Thumb Code     0  startup_stm32f412xg.o(.text)
    DMA2_Stream6_IRQHandler                  0x080002ef   Thumb Code     0  startup_stm32f412xg.o(.text)
    DMA2_Stream7_IRQHandler                  0x080002ef   Thumb Code     0  startup_stm32f412xg.o(.text)
    EXTI0_IRQHandler                         0x080002ef   Thumb Code     0  startup_stm32f412xg.o(.text)
    EXTI15_10_IRQHandler                     0x080002ef   Thumb Code     0  startup_stm32f412xg.o(.text)
    EXTI1_IRQHandler                         0x080002ef   Thumb Code     0  startup_stm32f412xg.o(.text)
    EXTI2_IRQHandler                         0x080002ef   Thumb Code     0  startup_stm32f412xg.o(.text)
    EXTI3_IRQHandler                         0x080002ef   Thumb Code     0  startup_stm32f412xg.o(.text)
    EXTI4_IRQHandler                         0x080002ef   Thumb Code     0  startup_stm32f412xg.o(.text)
    EXTI9_5_IRQHandler                       0x080002ef   Thumb Code     0  startup_stm32f412xg.o(.text)
    FLASH_IRQHandler                         0x080002ef   Thumb Code     0  startup_stm32f412xg.o(.text)
    FMPI2C1_ER_IRQHandler                    0x080002ef   Thumb Code     0  startup_stm32f412xg.o(.text)
    FMPI2C1_EV_IRQHandler                    0x080002ef   Thumb Code     0  startup_stm32f412xg.o(.text)
    FPU_IRQHandler                           0x080002ef   Thumb Code     0  startup_stm32f412xg.o(.text)
    I2C1_ER_IRQHandler                       0x080002ef   Thumb Code     0  startup_stm32f412xg.o(.text)
    I2C1_EV_IRQHandler                       0x080002ef   Thumb Code     0  startup_stm32f412xg.o(.text)
    I2C2_ER_IRQHandler                       0x080002ef   Thumb Code     0  startup_stm32f412xg.o(.text)
    I2C2_EV_IRQHandler                       0x080002ef   Thumb Code     0  startup_stm32f412xg.o(.text)
    I2C3_ER_IRQHandler                       0x080002ef   Thumb Code     0  startup_stm32f412xg.o(.text)
    I2C3_EV_IRQHandler                       0x080002ef   Thumb Code     0  startup_stm32f412xg.o(.text)
    OTG_FS_IRQHandler                        0x080002ef   Thumb Code     0  startup_stm32f412xg.o(.text)
    OTG_FS_WKUP_IRQHandler                   0x080002ef   Thumb Code     0  startup_stm32f412xg.o(.text)
    PVD_IRQHandler                           0x080002ef   Thumb Code     0  startup_stm32f412xg.o(.text)
    QUADSPI_IRQHandler                       0x080002ef   Thumb Code     0  startup_stm32f412xg.o(.text)
    RCC_IRQHandler                           0x080002ef   Thumb Code     0  startup_stm32f412xg.o(.text)
    RNG_IRQHandler                           0x080002ef   Thumb Code     0  startup_stm32f412xg.o(.text)
    RTC_Alarm_IRQHandler                     0x080002ef   Thumb Code     0  startup_stm32f412xg.o(.text)
    RTC_WKUP_IRQHandler                      0x080002ef   Thumb Code     0  startup_stm32f412xg.o(.text)
    SDIO_IRQHandler                          0x080002ef   Thumb Code     0  startup_stm32f412xg.o(.text)
    SPI1_IRQHandler                          0x080002ef   Thumb Code     0  startup_stm32f412xg.o(.text)
    SPI2_IRQHandler                          0x080002ef   Thumb Code     0  startup_stm32f412xg.o(.text)
    SPI3_IRQHandler                          0x080002ef   Thumb Code     0  startup_stm32f412xg.o(.text)
    SPI4_IRQHandler                          0x080002ef   Thumb Code     0  startup_stm32f412xg.o(.text)
    SPI5_IRQHandler                          0x080002ef   Thumb Code     0  startup_stm32f412xg.o(.text)
    TAMP_STAMP_IRQHandler                    0x080002ef   Thumb Code     0  startup_stm32f412xg.o(.text)
    TIM1_BRK_TIM9_IRQHandler                 0x080002ef   Thumb Code     0  startup_stm32f412xg.o(.text)
    TIM1_TRG_COM_TIM11_IRQHandler            0x080002ef   Thumb Code     0  startup_stm32f412xg.o(.text)
    TIM1_UP_TIM10_IRQHandler                 0x080002ef   Thumb Code     0  startup_stm32f412xg.o(.text)
    TIM2_IRQHandler                          0x080002ef   Thumb Code     0  startup_stm32f412xg.o(.text)
    TIM4_IRQHandler                          0x080002ef   Thumb Code     0  startup_stm32f412xg.o(.text)
    TIM5_IRQHandler                          0x080002ef   Thumb Code     0  startup_stm32f412xg.o(.text)
    TIM6_IRQHandler                          0x080002ef   Thumb Code     0  startup_stm32f412xg.o(.text)
    TIM7_IRQHandler                          0x080002ef   Thumb Code     0  startup_stm32f412xg.o(.text)
    TIM8_BRK_TIM12_IRQHandler                0x080002ef   Thumb Code     0  startup_stm32f412xg.o(.text)
    TIM8_CC_IRQHandler                       0x080002ef   Thumb Code     0  startup_stm32f412xg.o(.text)
    TIM8_TRG_COM_TIM14_IRQHandler            0x080002ef   Thumb Code     0  startup_stm32f412xg.o(.text)
    TIM8_UP_TIM13_IRQHandler                 0x080002ef   Thumb Code     0  startup_stm32f412xg.o(.text)
    USART1_IRQHandler                        0x080002ef   Thumb Code     0  startup_stm32f412xg.o(.text)
    USART2_IRQHandler                        0x080002ef   Thumb Code     0  startup_stm32f412xg.o(.text)
    USART6_IRQHandler                        0x080002ef   Thumb Code     0  startup_stm32f412xg.o(.text)
    WWDG_IRQHandler                          0x080002ef   Thumb Code     0  startup_stm32f412xg.o(.text)
    __user_initial_stackheap                 0x080002f1   Thumb Code     0  startup_stm32f412xg.o(.text)
    __2printf                                0x08000315   Thumb Code    20  noretval__2printf.o(.text)
    _printf_pre_padding                      0x0800032d   Thumb Code    44  _printf_pad.o(.text)
    _printf_post_padding                     0x08000359   Thumb Code    34  _printf_pad.o(.text)
    _printf_str                              0x0800037b   Thumb Code    82  _printf_str.o(.text)
    _printf_int_dec                          0x080003cd   Thumb Code   104  _printf_dec.o(.text)
    _printf_int_hex                          0x08000445   Thumb Code    84  _printf_hex_int.o(.text)
    _printf_longlong_hex                     0x08000445   Thumb Code     0  _printf_hex_int.o(.text)
    __printf                                 0x0800049d   Thumb Code   308  __printf_flags_wp.o(.text)
    __aeabi_memcpy4                          0x080005d5   Thumb Code     0  rt_memcpy_w.o(.text)
    __aeabi_memcpy8                          0x080005d5   Thumb Code     0  rt_memcpy_w.o(.text)
    __rt_memcpy_w                            0x080005d5   Thumb Code   100  rt_memcpy_w.o(.text)
    _memcpy_lastbytes_aligned                0x0800061d   Thumb Code     0  rt_memcpy_w.o(.text)
    __use_two_region_memory                  0x08000639   Thumb Code     2  heapauxi.o(.text)
    __rt_heap_escrow$2region                 0x0800063b   Thumb Code     2  heapauxi.o(.text)
    __rt_heap_expand$2region                 0x0800063d   Thumb Code     2  heapauxi.o(.text)
    _printf_int_common                       0x0800063f   Thumb Code   178  _printf_intcommon.o(.text)
    __lib_sel_fp_printf                      0x080006f1   Thumb Code     2  _printf_fp_dec.o(.text)
    _printf_fp_dec_real                      0x0800089f   Thumb Code   620  _printf_fp_dec.o(.text)
    _printf_cs_common                        0x08000b0b   Thumb Code    20  _printf_char.o(.text)
    _printf_char                             0x08000b1f   Thumb Code    16  _printf_char.o(.text)
    _printf_string                           0x08000b2f   Thumb Code     8  _printf_char.o(.text)
    _printf_char_file                        0x08000b39   Thumb Code    32  _printf_char_file.o(.text)
    __rt_locale                              0x08000b5d   Thumb Code     8  rt_locale_intlibspace.o(.text)
    _ll_udiv10                               0x08000b65   Thumb Code   138  lludiv10.o(.text)
    _printf_char_common                      0x08000bfb   Thumb Code    32  _printf_char_common.o(.text)
    _printf_fp_infnan                        0x08000c21   Thumb Code   112  _printf_fp_infnan.o(.text)
    _btod_etento                             0x08000ca1   Thumb Code   216  bigflt0.o(.text)
    ferror                                   0x08000d7d   Thumb Code     8  ferror.o(.text)
    __user_libspace                          0x08000d85   Thumb Code     8  libspace.o(.text)
    __user_perproc_libspace                  0x08000d85   Thumb Code     0  libspace.o(.text)
    __user_perthread_libspace                0x08000d85   Thumb Code     0  libspace.o(.text)
    __user_setup_stackheap                   0x08000d8d   Thumb Code    74  sys_stackheap_outer.o(.text)
    exit                                     0x08000dd7   Thumb Code    18  exit.o(.text)
    strcmp                                   0x08000de9   Thumb Code   128  strcmpv7m.o(.text)
    _sys_exit                                0x08000e69   Thumb Code     8  sys_exit.o(.text)
    __I$use$semihosting                      0x08000e75   Thumb Code     0  use_no_semi.o(.text)
    __use_no_semihosting_swi                 0x08000e75   Thumb Code     2  use_no_semi.o(.text)
    __semihosting_library_function           0x08000e77   Thumb Code     0  indicate_semi.o(.text)
    _btod_d2e                                0x08000e77   Thumb Code    62  btod.o(CL$$btod_d2e)
    _d2e_denorm_low                          0x08000eb5   Thumb Code    70  btod.o(CL$$btod_d2e_denorm_low)
    _d2e_norm_op1                            0x08000efb   Thumb Code    96  btod.o(CL$$btod_d2e_norm_op1)
    __btod_div_common                        0x08000f5b   Thumb Code   696  btod.o(CL$$btod_div_common)
    _e2e                                     0x08001293   Thumb Code   198  btod.o(CL$$btod_e2e)
    _btod_ediv                               0x08001359   Thumb Code    40  btod.o(CL$$btod_ediv)
    _btod_emul                               0x08001381   Thumb Code    40  btod.o(CL$$btod_emul)
    __btod_mult_common                       0x080013a9   Thumb Code   580  btod.o(CL$$btod_mult_common)
    ADC_Cmd                                  0x080015ed   Thumb Code    22  stm32f4xx_adc.o(i.ADC_Cmd)
    ADC_CommonInit                           0x08001605   Thumb Code    34  stm32f4xx_adc.o(i.ADC_CommonInit)
    ADC_GetConversionValue                   0x08001635   Thumb Code     8  stm32f4xx_adc.o(i.ADC_GetConversionValue)
    ADC_GetFlagStatus                        0x0800163d   Thumb Code    18  stm32f4xx_adc.o(i.ADC_GetFlagStatus)
    ADC_IRQHandler                           0x0800164f   Thumb Code     2  adc.o(i.ADC_IRQHandler)
    ADC_Init                                 0x08001651   Thumb Code    74  stm32f4xx_adc.o(i.ADC_Init)
    ADC_RegularChannelConfig                 0x080016a5   Thumb Code   184  stm32f4xx_adc.o(i.ADC_RegularChannelConfig)
    ADC_SoftwareStartConv                    0x0800175d   Thumb Code    10  stm32f4xx_adc.o(i.ADC_SoftwareStartConv)
    FLASH_ClearFlag                          0x08001769   Thumb Code     6  stm32f4xx_flash.o(i.FLASH_ClearFlag)
    FLASH_EraseSector                        0x08001775   Thumb Code   130  stm32f4xx_flash.o(i.FLASH_EraseSector)
    FLASH_GetStatus                          0x080017fd   Thumb Code    80  stm32f4xx_flash.o(i.FLASH_GetStatus)
    FLASH_Lock                               0x08001851   Thumb Code    14  stm32f4xx_flash.o(i.FLASH_Lock)
    FLASH_ProgramWord                        0x08001865   Thumb Code    74  stm32f4xx_flash.o(i.FLASH_ProgramWord)
    FLASH_Unlock                             0x080018b5   Thumb Code    24  stm32f4xx_flash.o(i.FLASH_Unlock)
    FLASH_WaitForLastOperation               0x080018d9   Thumb Code    34  stm32f4xx_flash.o(i.FLASH_WaitForLastOperation)
    GPIO_Init                                0x080018fb   Thumb Code   144  stm32f4xx_gpio.o(i.GPIO_Init)
    GPIO_PinAFConfig                         0x0800198b   Thumb Code    70  stm32f4xx_gpio.o(i.GPIO_PinAFConfig)
    GPIO_ReadInputDataBit                    0x080019d1   Thumb Code    18  stm32f4xx_gpio.o(i.GPIO_ReadInputDataBit)
    GPIO_WriteBit                            0x080019e3   Thumb Code    10  stm32f4xx_gpio.o(i.GPIO_WriteBit)
    NVIC_Init                                0x080019ed   Thumb Code   106  misc.o(i.NVIC_Init)
    PWMChannelConfig                         0x08001a65   Thumb Code   112  pwm.o(i.PWMChannelConfig)
    PWMPinConfig                             0x08001aed   Thumb Code    70  pwm.o(i.PWMPinConfig)
    PWMStart                                 0x08001b39   Thumb Code    30  pwm.o(i.PWMStart)
    PWMTimConfig                             0x08001b5d   Thumb Code    84  pwm.o(i.PWMTimConfig)
    RCC_AHB1PeriphClockCmd                   0x08001bb9   Thumb Code    26  stm32f4xx_rcc.o(i.RCC_AHB1PeriphClockCmd)
    RCC_APB1PeriphClockCmd                   0x08001bd9   Thumb Code    26  stm32f4xx_rcc.o(i.RCC_APB1PeriphClockCmd)
    RCC_APB2PeriphClockCmd                   0x08001bf9   Thumb Code    26  stm32f4xx_rcc.o(i.RCC_APB2PeriphClockCmd)
    RCC_GetClocksFreq                        0x08001c19   Thumb Code   440  stm32f4xx_rcc.o(i.RCC_GetClocksFreq)
    SystemInit                               0x08001ecd   Thumb Code    88  system_stm32f4xx.o(i.SystemInit)
    TIM1_CC_IRQHandler                       0x08001f35   Thumb Code     2  pwm.o(i.TIM1_CC_IRQHandler)
    TIM3_Config                              0x08001f39   Thumb Code    68  adc.o(i.TIM3_Config)
    TIM3_IRQHandler                          0x08001f81   Thumb Code    62  adc.o(i.TIM3_IRQHandler)
    TIM4_Config                              0x08001fd1   Thumb Code    86  pwm.o(i.TIM4_Config)
    TIM_ClearITPendingBit                    0x0800202d   Thumb Code     6  stm32f4xx_tim.o(i.TIM_ClearITPendingBit)
    TIM_Cmd                                  0x08002033   Thumb Code    24  stm32f4xx_tim.o(i.TIM_Cmd)
    TIM_CtrlPWMOutputs                       0x0800204b   Thumb Code    30  stm32f4xx_tim.o(i.TIM_CtrlPWMOutputs)
    TIM_GetITStatus                          0x08002069   Thumb Code    34  stm32f4xx_tim.o(i.TIM_GetITStatus)
    TIM_ITConfig                             0x0800208b   Thumb Code    18  stm32f4xx_tim.o(i.TIM_ITConfig)
    TIM_OC1Init                              0x0800209d   Thumb Code   114  stm32f4xx_tim.o(i.TIM_OC1Init)
    TIM_TimeBaseInit                         0x08002119   Thumb Code   104  stm32f4xx_tim.o(i.TIM_TimeBaseInit)
    USART3_IRQHandler                        0x0800219d   Thumb Code   106  uart.o(i.USART3_IRQHandler)
    USART_ClearITPendingBit                  0x08002221   Thumb Code    30  stm32f4xx_usart.o(i.USART_ClearITPendingBit)
    USART_Cmd                                0x0800223f   Thumb Code    24  stm32f4xx_usart.o(i.USART_Cmd)
    USART_GetFlagStatus                      0x08002257   Thumb Code    26  stm32f4xx_usart.o(i.USART_GetFlagStatus)
    USART_GetITStatus                        0x08002271   Thumb Code    84  stm32f4xx_usart.o(i.USART_GetITStatus)
    USART_ITConfig                           0x080022c5   Thumb Code    74  stm32f4xx_usart.o(i.USART_ITConfig)
    USART_Init                               0x08002311   Thumb Code   204  stm32f4xx_usart.o(i.USART_Init)
    USART_ReceiveData                        0x080023e5   Thumb Code    10  stm32f4xx_usart.o(i.USART_ReceiveData)
    USART_SendData                           0x080023ef   Thumb Code     8  stm32f4xx_usart.o(i.USART_SendData)
    USART_putchar                            0x080023f9   Thumb Code    30  uart.o(i.USART_putchar)
    USART_setup                              0x0800241d   Thumb Code   186  uart.o(i.USART_setup)
    __ARM_fpclassify                         0x080024e1   Thumb Code    48  fpclassify.o(i.__ARM_fpclassify)
    _is_digit                                0x08002511   Thumb Code    14  __printf_wp.o(i._is_digit)
    ac                                       0x08002521   Thumb Code    40  terminal.o(i.ac)
    analogChannelInit                        0x08002571   Thumb Code    58  gpio.o(i.analogChannelInit)
    analogCommonInit                         0x080025ab   Thumb Code    20  gpio.o(i.analogCommonInit)
    analogInit                               0x080025bf   Thumb Code    58  gpio.o(i.analogInit)
    analogInitCont                           0x080025f9   Thumb Code    80  adc.o(i.analogInitCont)
    analogRead                               0x0800264d   Thumb Code    32  gpio.o(i.analogRead)
    analogStart                              0x0800266d   Thumb Code    50  adc.o(i.analogStart)
    analogStop                               0x080026a9   Thumb Code    36  adc.o(i.analogStop)
    be                                       0x080026dd   Thumb Code     8  terminal.o(i.be)
    bf                                       0x080026e5   Thumb Code     2  terminal.o(i.bf)
    bi                                       0x080026e7   Thumb Code     8  terminal.o(i.bi)
    bl                                       0x080026f1   Thumb Code    12  terminal.o(i.bl)
    clearBuffer                              0x08002701   Thumb Code     8  adc.o(i.clearBuffer)
    comutacao                                0x0800270d   Thumb Code    52  terminal.o(i.comutacao)
    const_cmd                                0x08002759   Thumb Code   310  adc.o(i.const_cmd)
    control_rule                             0x080028d1   Thumb Code   168  adc.o(i.control_rule)
    convBase                                 0x08002991   Thumb Code   168  terminal.o(i.convBase)
    dcr                                      0x08002a59   Thumb Code    58  terminal.o(i.dcr)
    digitalRead                              0x08002a9d   Thumb Code    26  gpio.o(i.digitalRead)
    digitalWrite                             0x08002abd   Thumb Code    34  gpio.o(i.digitalWrite)
    disableEEPROMWriting                     0x08002ae5   Thumb Code     8  eeprom.o(i.disableEEPROMWriting)
    enableEEPROMWriting                      0x08002aed   Thumb Code    22  eeprom.o(i.enableEEPROMWriting)
    f_ad                                     0x08002b05   Thumb Code    24  terminal.o(i.f_ad)
    ff                                       0x08002b29   Thumb Code     8  terminal.o(i.ff)
    fn                                       0x08002b35   Thumb Code     8  terminal.o(i.fn)
    fputc                                    0x08002b41   Thumb Code    16  uart.o(i.fputc)
    fw                                       0x08002b51   Thumb Code    76  terminal.o(i.fw)
    getArgs                                  0x08002bbd   Thumb Code   112  terminal.o(i.getArgs)
    getChannelPin                            0x08002c39   Thumb Code    24  gpio.o(i.getChannelPin)
    getChannelPort                           0x08002c55   Thumb Code    24  gpio.o(i.getChannelPort)
    getCom                                   0x08002c71   Thumb Code    98  terminal.o(i.getCom)
    help                                     0x08002cdd   Thumb Code   110  terminal.o(i.help)
    input                                    0x08002d79   Thumb Code   154  terminal.o(i.input)
    kd                                       0x08002e1d   Thumb Code    76  terminal.o(i.kd)
    kdf                                      0x08002e89   Thumb Code    76  terminal.o(i.kdf)
    kf                                       0x08002ef5   Thumb Code    76  terminal.o(i.kf)
    ki                                       0x08002f61   Thumb Code    76  terminal.o(i.ki)
    kp                                       0x08002fcd   Thumb Code    76  terminal.o(i.kp)
    last                                     0x08003039   Thumb Code    42  terminal.o(i.last)
    lim_sat                                  0x08003089   Thumb Code    24  terminal.o(i.lim_sat)
    lim_sum_error                            0x080030ad   Thumb Code   294  adc.o(i.lim_sum_error)
    lowpass_PD                               0x08003215   Thumb Code   190  adc.o(i.lowpass_PD)
    ma                                       0x08003309   Thumb Code     8  terminal.o(i.ma)
    main                                     0x08003315   Thumb Code    18  main.o(i.main)
    mc                                       0x08003335   Thumb Code    80  terminal.o(i.mc)
    mm                                       0x08003399   Thumb Code     8  terminal.o(i.mm)
    mr                                       0x080033a5   Thumb Code    52  terminal.o(i.mr)
    mw                                       0x080033f5   Thumb Code    64  terminal.o(i.mw)
    parse                                    0x08003441   Thumb Code   122  terminal.o(i.parse)
    pinInit                                  0x0800351d   Thumb Code    44  gpio.o(i.pinInit)
    pinInit_pull                             0x0800354d   Thumb Code    54  gpio.o(i.pinInit_pull)
    portInit                                 0x08003589   Thumb Code    16  gpio.o(i.portInit)
    printAnalogBuffer                        0x08003599   Thumb Code   180  adc.o(i.printAnalogBuffer)
    printAnalogBufferVolts                   0x08003675   Thumb Code   228  adc.o(i.printAnalogBufferVolts)
    ra                                       0x08003785   Thumb Code   118  terminal.o(i.ra)
    rd                                       0x08003855   Thumb Code    88  terminal.o(i.rd)
    re                                       0x08003905   Thumb Code    46  terminal.o(i.re)
    readEEPROMWord                           0x08003949   Thumb Code    14  eeprom.o(i.readEEPROMWord)
    ri                                       0x0800395d   Thumb Code    30  terminal.o(i.ri)
    rp                                       0x08003999   Thumb Code   124  terminal.o(i.rp)
    sc                                       0x08003a19   Thumb Code    18  terminal.o(i.sc)
    setBufferSize                            0x08003a31   Thumb Code     6  adc.o(i.setBufferSize)
    sp                                       0x08003a3d   Thumb Code   112  terminal.o(i.sp)
    sr                                       0x08003ab1   Thumb Code    18  terminal.o(i.sr)
    stop                                     0x08003ac9   Thumb Code    22  terminal.o(i.stop)
    u_0                                      0x08003ae5   Thumb Code    76  terminal.o(i.u_0)
    u_sat_a                                  0x08003b51   Thumb Code    76  terminal.o(i.u_sat_a)
    u_sat_b                                  0x08003bbd   Thumb Code    76  terminal.o(i.u_sat_b)
    valor_k                                  0x08003c29   Thumb Code    24  terminal.o(i.valor_k)
    ver                                      0x08003c4d   Thumb Code    10  terminal.o(i.ver)
    wd                                       0x08003c7d   Thumb Code   104  terminal.o(i.wd)
    we                                       0x08003d61   Thumb Code    40  terminal.o(i.we)
    wi                                       0x08003da9   Thumb Code    38  terminal.o(i.wi)
    writeEEPROMWord                          0x08003ddd   Thumb Code    22  eeprom.o(i.writeEEPROMWord)
    yr                                       0x08003df9   Thumb Code    76  terminal.o(i.yr)
    _get_lc_numeric                          0x08003e65   Thumb Code    44  lc_numeric_c.o(locale$$code)
    __aeabi_d2f                              0x08003e91   Thumb Code     0  d2f.o(x$fpl$d2f)
    _d2f                                     0x08003e91   Thumb Code    98  d2f.o(x$fpl$d2f)
    __aeabi_ddiv                             0x08003ef5   Thumb Code     0  ddiv.o(x$fpl$ddiv)
    _ddiv                                    0x08003ef5   Thumb Code   552  ddiv.o(x$fpl$ddiv)
    __aeabi_ui2d                             0x080041a5   Thumb Code     0  dflt_clz.o(x$fpl$dfltu)
    _dfltu                                   0x080041a5   Thumb Code    38  dflt_clz.o(x$fpl$dfltu)
    __aeabi_dmul                             0x080041cd   Thumb Code     0  dmul.o(x$fpl$dmul)
    _dmul                                    0x080041cd   Thumb Code   332  dmul.o(x$fpl$dmul)
    __fpl_dnaninf                            0x08004321   Thumb Code   156  dnaninf.o(x$fpl$dnaninf)
    __fpl_dretinf                            0x080043bd   Thumb Code    12  dretinf.o(x$fpl$dretinf)
    __aeabi_f2d                              0x080043c9   Thumb Code     0  f2d.o(x$fpl$f2d)
    _f2d                                     0x080043c9   Thumb Code    86  f2d.o(x$fpl$f2d)
    __fpl_fnaninf                            0x0800441f   Thumb Code   140  fnaninf.o(x$fpl$fnaninf)
    _fp_init                                 0x080044ab   Thumb Code    10  fpinit.o(x$fpl$fpinit)
    __fplib_config_fpu_vfp                   0x080044b3   Thumb Code     0  fpinit.o(x$fpl$fpinit)
    __fplib_config_pureend_doubles           0x080044b3   Thumb Code     0  fpinit.o(x$fpl$fpinit)
    __fpl_fretinf                            0x080044b5   Thumb Code    10  fretinf.o(x$fpl$fretinf)
    _printf_fp_dec                           0x080044bf   Thumb Code     4  printf1.o(x$fpl$printf1)
    __I$use$fp                               0x080044c2   Number         0  usenofp.o(x$fpl$usenofp)
    Region$$Table$$Base                      0x08004614   Number         0  anon$$obj.o(Region$$Table)
    Region$$Table$$Limit                     0x08004634   Number         0  anon$$obj.o(Region$$Table)
    uhADCxConvertedValue                     0x20000010   Data           2  terminal.o(.data)
    lastCom                                  0x20000012   Data           2  terminal.o(.data)
    SIZE                                     0x20000014   Data           4  terminal.o(.data)
    comando                                  0x20000018   Data        4704  terminal.o(.data)
    ostart                                   0x2000127c   Data           1  uart.o(.data)
    oend                                     0x2000127d   Data           1  uart.o(.data)
    sendfull                                 0x20001280   Data           4  uart.o(.data)
    sendactive                               0x20001284   Data           4  uart.o(.data)
    __stdout                                 0x20001288   Data           4  uart.o(.data)
    __stdin                                  0x2000128c   Data           4  uart.o(.data)
    SampleIndex                              0x20001294   Data           4  adc.o(.data)
    flag_sr                                  0x20001298   Data           1  adc.o(.data)
    flag_sc                                  0x20001299   Data           1  adc.o(.data)
    flag_fl                                  0x2000129a   Data           1  adc.o(.data)
    flag_ma                                  0x2000129b   Data           1  adc.o(.data)
    flag_fad                                 0x2000129c   Data           1  adc.o(.data)
    flag_limsat                              0x2000129d   Data           1  adc.o(.data)
    flag_valork                              0x2000129e   Data           1  adc.o(.data)
    SampleSize                               0x200012a0   Data           4  adc.o(.data)
    FW                                       0x200012a4   Data           4  adc.o(.data)
    KP                                       0x200012a8   Data           4  adc.o(.data)
    KI                                       0x200012ac   Data           4  adc.o(.data)
    KD                                       0x200012b0   Data           4  adc.o(.data)
    YR                                       0x200012b4   Data           4  adc.o(.data)
    y_ant                                    0x200012b8   Data           4  adc.o(.data)
    e_ant                                    0x200012bc   Data           4  adc.o(.data)
    u_d_ant                                  0x200012c0   Data           4  adc.o(.data)
    KDF                                      0x200012c4   Data           4  adc.o(.data)
    KF                                       0x200012c8   Data           4  adc.o(.data)
    U_sat_a                                  0x200012cc   Data           4  adc.o(.data)
    U_sat_b                                  0x200012d0   Data           4  adc.o(.data)
    U_0                                      0x200012d4   Data           4  adc.o(.data)
    signal                                   0x200012d8   Data           2  pwm.o(.data)
    TimerPeriod                              0x200012da   Data           2  pwm.o(.data)
    dutyCycle                                0x200012dc   Data           4  pwm.o(.data)
    currentDutyCycle                         0x200012e0   Data           4  pwm.o(.data)
    isGoingUp                                0x200012e4   Data           1  pwm.o(.data)
    a                                        0x200012e8   Data           4  pwm.o(.data)
    BUFFER                                   0x200012ec   Data          25  terminal.o(.bss)
    ARGS                                     0x20001308   Data          16  terminal.o(.bss)
    outbuf                                   0x20001318   Data         128  uart.o(.bss)
    SampleBuffer                             0x20001398   Data         256  adc.o(.bss)
    FilterBuffer                             0x20001498   Data         512  adc.o(.bss)
    __libspace_start                         0x20001698   Data          96  libspace.o(.bss)
    __temporary_stack_top$libspace           0x200016f8   Data           0  libspace.o(.bss)



==============================================================================

Memory Map of the image

  Image Entry point : 0x080002d5

  Load Region LR_1 (Base: 0x08000000, Size: 0x0000593c, Max: 0xffffffff, ABSOLUTE, COMPRESSED[0x00004994])

    Execution Region ER_RO (Base: 0x08000000, Size: 0x00004650, Max: 0xffffffff, ABSOLUTE)

    Base Addr    Size         Type   Attr      Idx    E Section Name        Object

    0x08000000   0x000001c4   Data   RO            3    RESET               startup_stm32f412xg.o
    0x080001c4   0x00000008   Code   RO         2991  * !!!main             c_w.l(__main.o)
    0x080001cc   0x00000034   Code   RO         3237    !!!scatter          c_w.l(__scatter.o)
    0x08000200   0x0000005a   Code   RO         3235    !!dczerorl2         c_w.l(__dczerorl2.o)
    0x0800025a   0x00000002   PAD
    0x0800025c   0x0000001c   Code   RO         3239    !!handler_zi        c_w.l(__scatter_zi.o)
    0x08000278   0x00000000   Code   RO         2986    .ARM.Collect$$_printf_percent$$00000000  c_w.l(_printf_percent.o)
    0x08000278   0x00000006   Code   RO         2985    .ARM.Collect$$_printf_percent$$00000003  c_w.l(_printf_f.o)
    0x0800027e   0x00000006   Code   RO         2984    .ARM.Collect$$_printf_percent$$00000009  c_w.l(_printf_d.o)
    0x08000284   0x00000006   Code   RO         2983    .ARM.Collect$$_printf_percent$$0000000C  c_w.l(_printf_x.o)
    0x0800028a   0x00000006   Code   RO         2981    .ARM.Collect$$_printf_percent$$00000013  c_w.l(_printf_c.o)
    0x08000290   0x00000006   Code   RO         2982    .ARM.Collect$$_printf_percent$$00000014  c_w.l(_printf_s.o)
    0x08000296   0x00000004   Code   RO         3020    .ARM.Collect$$_printf_percent$$00000017  c_w.l(_printf_percent_end.o)
    0x0800029a   0x00000002   Code   RO         3108    .ARM.Collect$$libinit$$00000000  c_w.l(libinit.o)
    0x0800029c   0x00000004   Code   RO         3109    .ARM.Collect$$libinit$$00000001  c_w.l(libinit2.o)
    0x080002a0   0x00000000   Code   RO         3112    .ARM.Collect$$libinit$$00000004  c_w.l(libinit2.o)
    0x080002a0   0x00000000   Code   RO         3115    .ARM.Collect$$libinit$$0000000A  c_w.l(libinit2.o)
    0x080002a0   0x00000000   Code   RO         3117    .ARM.Collect$$libinit$$0000000C  c_w.l(libinit2.o)
    0x080002a0   0x00000000   Code   RO         3119    .ARM.Collect$$libinit$$0000000E  c_w.l(libinit2.o)
    0x080002a0   0x00000006   Code   RO         3120    .ARM.Collect$$libinit$$0000000F  c_w.l(libinit2.o)
    0x080002a6   0x00000000   Code   RO         3122    .ARM.Collect$$libinit$$00000011  c_w.l(libinit2.o)
    0x080002a6   0x00000000   Code   RO         3124    .ARM.Collect$$libinit$$00000013  c_w.l(libinit2.o)
    0x080002a6   0x00000000   Code   RO         3126    .ARM.Collect$$libinit$$00000015  c_w.l(libinit2.o)
    0x080002a6   0x0000000a   Code   RO         3127    .ARM.Collect$$libinit$$00000016  c_w.l(libinit2.o)
    0x080002b0   0x00000000   Code   RO         3128    .ARM.Collect$$libinit$$00000017  c_w.l(libinit2.o)
    0x080002b0   0x00000000   Code   RO         3130    .ARM.Collect$$libinit$$00000019  c_w.l(libinit2.o)
    0x080002b0   0x00000000   Code   RO         3132    .ARM.Collect$$libinit$$0000001B  c_w.l(libinit2.o)
    0x080002b0   0x00000000   Code   RO         3134    .ARM.Collect$$libinit$$0000001D  c_w.l(libinit2.o)
    0x080002b0   0x00000000   Code   RO         3136    .ARM.Collect$$libinit$$0000001F  c_w.l(libinit2.o)
    0x080002b0   0x00000000   Code   RO         3138    .ARM.Collect$$libinit$$00000021  c_w.l(libinit2.o)
    0x080002b0   0x00000000   Code   RO         3140    .ARM.Collect$$libinit$$00000023  c_w.l(libinit2.o)
    0x080002b0   0x00000000   Code   RO         3142    .ARM.Collect$$libinit$$00000025  c_w.l(libinit2.o)
    0x080002b0   0x00000000   Code   RO         3146    .ARM.Collect$$libinit$$0000002C  c_w.l(libinit2.o)
    0x080002b0   0x00000000   Code   RO         3148    .ARM.Collect$$libinit$$0000002E  c_w.l(libinit2.o)
    0x080002b0   0x00000000   Code   RO         3150    .ARM.Collect$$libinit$$00000030  c_w.l(libinit2.o)
    0x080002b0   0x00000000   Code   RO         3152    .ARM.Collect$$libinit$$00000032  c_w.l(libinit2.o)
    0x080002b0   0x00000002   Code   RO         3153    .ARM.Collect$$libinit$$00000033  c_w.l(libinit2.o)
    0x080002b2   0x00000002   Code   RO         3183    .ARM.Collect$$libshutdown$$00000000  c_w.l(libshutdown.o)
    0x080002b4   0x00000000   Code   RO         3194    .ARM.Collect$$libshutdown$$00000002  c_w.l(libshutdown2.o)
    0x080002b4   0x00000000   Code   RO         3196    .ARM.Collect$$libshutdown$$00000004  c_w.l(libshutdown2.o)
    0x080002b4   0x00000000   Code   RO         3199    .ARM.Collect$$libshutdown$$00000007  c_w.l(libshutdown2.o)
    0x080002b4   0x00000000   Code   RO         3202    .ARM.Collect$$libshutdown$$0000000A  c_w.l(libshutdown2.o)
    0x080002b4   0x00000000   Code   RO         3204    .ARM.Collect$$libshutdown$$0000000C  c_w.l(libshutdown2.o)
    0x080002b4   0x00000000   Code   RO         3207    .ARM.Collect$$libshutdown$$0000000F  c_w.l(libshutdown2.o)
    0x080002b4   0x00000002   Code   RO         3208    .ARM.Collect$$libshutdown$$00000010  c_w.l(libshutdown2.o)
    0x080002b6   0x00000000   Code   RO         3011    .ARM.Collect$$rtentry$$00000000  c_w.l(__rtentry.o)
    0x080002b6   0x00000000   Code   RO         3031    .ARM.Collect$$rtentry$$00000002  c_w.l(__rtentry2.o)
    0x080002b6   0x00000006   Code   RO         3043    .ARM.Collect$$rtentry$$00000004  c_w.l(__rtentry4.o)
    0x080002bc   0x00000000   Code   RO         3033    .ARM.Collect$$rtentry$$00000009  c_w.l(__rtentry2.o)
    0x080002bc   0x00000004   Code   RO         3034    .ARM.Collect$$rtentry$$0000000A  c_w.l(__rtentry2.o)
    0x080002c0   0x00000000   Code   RO         3036    .ARM.Collect$$rtentry$$0000000C  c_w.l(__rtentry2.o)
    0x080002c0   0x00000008   Code   RO         3037    .ARM.Collect$$rtentry$$0000000D  c_w.l(__rtentry2.o)
    0x080002c8   0x00000002   Code   RO         3154    .ARM.Collect$$rtexit$$00000000  c_w.l(rtexit.o)
    0x080002ca   0x00000000   Code   RO         3161    .ARM.Collect$$rtexit$$00000002  c_w.l(rtexit2.o)
    0x080002ca   0x00000004   Code   RO         3162    .ARM.Collect$$rtexit$$00000003  c_w.l(rtexit2.o)
    0x080002ce   0x00000006   Code   RO         3163    .ARM.Collect$$rtexit$$00000004  c_w.l(rtexit2.o)
    0x080002d4   0x00000040   Code   RO            4  * .text               startup_stm32f412xg.o
    0x08000314   0x00000018   Code   RO         2930    .text               c_w.l(noretval__2printf.o)
    0x0800032c   0x0000004e   Code   RO         2934    .text               c_w.l(_printf_pad.o)
    0x0800037a   0x00000052   Code   RO         2936    .text               c_w.l(_printf_str.o)
    0x080003cc   0x00000078   Code   RO         2938    .text               c_w.l(_printf_dec.o)
    0x08000444   0x00000058   Code   RO         2943    .text               c_w.l(_printf_hex_int.o)
    0x0800049c   0x00000138   Code   RO         2973    .text               c_w.l(__printf_flags_wp.o)
    0x080005d4   0x00000064   Code   RO         2987    .text               c_w.l(rt_memcpy_w.o)
    0x08000638   0x00000006   Code   RO         2989    .text               c_w.l(heapauxi.o)
    0x0800063e   0x000000b2   Code   RO         3012    .text               c_w.l(_printf_intcommon.o)
    0x080006f0   0x0000041a   Code   RO         3014    .text               c_w.l(_printf_fp_dec.o)
    0x08000b0a   0x0000002c   Code   RO         3016    .text               c_w.l(_printf_char.o)
    0x08000b36   0x00000002   PAD
    0x08000b38   0x00000024   Code   RO         3018    .text               c_w.l(_printf_char_file.o)
    0x08000b5c   0x00000008   Code   RO         3048    .text               c_w.l(rt_locale_intlibspace.o)
    0x08000b64   0x0000008a   Code   RO         3050    .text               c_w.l(lludiv10.o)
    0x08000bee   0x00000002   PAD
    0x08000bf0   0x00000030   Code   RO         3052    .text               c_w.l(_printf_char_common.o)
    0x08000c20   0x00000080   Code   RO         3054    .text               c_w.l(_printf_fp_infnan.o)
    0x08000ca0   0x000000dc   Code   RO         3056    .text               c_w.l(bigflt0.o)
    0x08000d7c   0x00000008   Code   RO         3081    .text               c_w.l(ferror.o)
    0x08000d84   0x00000008   Code   RO         3092    .text               c_w.l(libspace.o)
    0x08000d8c   0x0000004a   Code   RO         3095    .text               c_w.l(sys_stackheap_outer.o)
    0x08000dd6   0x00000012   Code   RO         3099    .text               c_w.l(exit.o)
    0x08000de8   0x00000080   Code   RO         3101    .text               c_w.l(strcmpv7m.o)
    0x08000e68   0x0000000c   Code   RO         3173    .text               c_w.l(sys_exit.o)
    0x08000e74   0x00000002   Code   RO         3184    .text               c_w.l(use_no_semi.o)
    0x08000e76   0x00000000   Code   RO         3186    .text               c_w.l(indicate_semi.o)
    0x08000e76   0x0000003e   Code   RO         3059    CL$$btod_d2e        c_w.l(btod.o)
    0x08000eb4   0x00000046   Code   RO         3061    CL$$btod_d2e_denorm_low  c_w.l(btod.o)
    0x08000efa   0x00000060   Code   RO         3060    CL$$btod_d2e_norm_op1  c_w.l(btod.o)
    0x08000f5a   0x00000338   Code   RO         3069    CL$$btod_div_common  c_w.l(btod.o)
    0x08001292   0x000000c6   Code   RO         3066    CL$$btod_e2e        c_w.l(btod.o)
    0x08001358   0x00000028   Code   RO         3063    CL$$btod_ediv       c_w.l(btod.o)
    0x08001380   0x00000028   Code   RO         3062    CL$$btod_emul       c_w.l(btod.o)
    0x080013a8   0x00000244   Code   RO         3068    CL$$btod_mult_common  c_w.l(btod.o)
    0x080015ec   0x00000016   Code   RO         1549    i.ADC_Cmd           stm32f4xx_adc.o
    0x08001602   0x00000002   PAD
    0x08001604   0x00000030   Code   RO         1550    i.ADC_CommonInit    stm32f4xx_adc.o
    0x08001634   0x00000008   Code   RO         1561    i.ADC_GetConversionValue  stm32f4xx_adc.o
    0x0800163c   0x00000012   Code   RO         1562    i.ADC_GetFlagStatus  stm32f4xx_adc.o
    0x0800164e   0x00000002   Code   RO         2717    i.ADC_IRQHandler    adc.o
    0x08001650   0x00000054   Code   RO         1569    i.ADC_Init          stm32f4xx_adc.o
    0x080016a4   0x000000b8   Code   RO         1574    i.ADC_RegularChannelConfig  stm32f4xx_adc.o
    0x0800175c   0x0000000a   Code   RO         1576    i.ADC_SoftwareStartConv  stm32f4xx_adc.o
    0x08001766   0x00000002   PAD
    0x08001768   0x0000000c   Code   RO         1921    i.FLASH_ClearFlag   stm32f4xx_flash.o
    0x08001774   0x00000088   Code   RO         1927    i.FLASH_EraseSector  stm32f4xx_flash.o
    0x080017fc   0x00000054   Code   RO         1929    i.FLASH_GetStatus   stm32f4xx_flash.o
    0x08001850   0x00000014   Code   RO         1933    i.FLASH_Lock        stm32f4xx_flash.o
    0x08001864   0x00000050   Code   RO         1957    i.FLASH_ProgramWord  stm32f4xx_flash.o
    0x080018b4   0x00000024   Code   RO         1959    i.FLASH_Unlock      stm32f4xx_flash.o
    0x080018d8   0x00000022   Code   RO         1960    i.FLASH_WaitForLastOperation  stm32f4xx_flash.o
    0x080018fa   0x00000090   Code   RO          268    i.GPIO_Init         stm32f4xx_gpio.o
    0x0800198a   0x00000046   Code   RO          269    i.GPIO_PinAFConfig  stm32f4xx_gpio.o
    0x080019d0   0x00000012   Code   RO          272    i.GPIO_ReadInputDataBit  stm32f4xx_gpio.o
    0x080019e2   0x0000000a   Code   RO          280    i.GPIO_WriteBit     stm32f4xx_gpio.o
    0x080019ec   0x00000078   Code   RO          149    i.NVIC_Init         misc.o
    0x08001a64   0x00000088   Code   RO         2863    i.PWMChannelConfig  pwm.o
    0x08001aec   0x0000004c   Code   RO         2864    i.PWMPinConfig      pwm.o
    0x08001b38   0x00000024   Code   RO         2865    i.PWMStart          pwm.o
    0x08001b5c   0x0000005c   Code   RO         2867    i.PWMTimConfig      pwm.o
    0x08001bb8   0x00000020   Code   RO          370    i.RCC_AHB1PeriphClockCmd  stm32f4xx_rcc.o
    0x08001bd8   0x00000020   Code   RO          379    i.RCC_APB1PeriphClockCmd  stm32f4xx_rcc.o
    0x08001bf8   0x00000020   Code   RO          382    i.RCC_APB2PeriphClockCmd  stm32f4xx_rcc.o
    0x08001c18   0x000001c8   Code   RO          394    i.RCC_GetClocksFreq  stm32f4xx_rcc.o
    0x08001de0   0x000000ec   Code   RO           13    i.SetSysClock       system_stm32f4xx.o
    0x08001ecc   0x00000068   Code   RO           15    i.SystemInit        system_stm32f4xx.o
    0x08001f34   0x00000002   Code   RO         2868    i.TIM1_CC_IRQHandler  pwm.o
    0x08001f36   0x00000002   PAD
    0x08001f38   0x00000048   Code   RO         2718    i.TIM3_Config       adc.o
    0x08001f80   0x00000050   Code   RO         2719    i.TIM3_IRQHandler   adc.o
    0x08001fd0   0x0000005c   Code   RO         2869    i.TIM4_Config       pwm.o
    0x0800202c   0x00000006   Code   RO          796    i.TIM_ClearITPendingBit  stm32f4xx_tim.o
    0x08002032   0x00000018   Code   RO          801    i.TIM_Cmd           stm32f4xx_tim.o
    0x0800204a   0x0000001e   Code   RO          803    i.TIM_CtrlPWMOutputs  stm32f4xx_tim.o
    0x08002068   0x00000022   Code   RO          822    i.TIM_GetITStatus   stm32f4xx_tim.o
    0x0800208a   0x00000012   Code   RO          826    i.TIM_ITConfig      stm32f4xx_tim.o
    0x0800209c   0x0000007c   Code   RO          830    i.TIM_OC1Init       stm32f4xx_tim.o
    0x08002118   0x00000084   Code   RO          873    i.TIM_TimeBaseInit  stm32f4xx_tim.o
    0x0800219c   0x00000084   Code   RO         2531    i.USART3_IRQHandler  uart.o
    0x08002220   0x0000001e   Code   RO         1352    i.USART_ClearITPendingBit  stm32f4xx_usart.o
    0x0800223e   0x00000018   Code   RO         1355    i.USART_Cmd         stm32f4xx_usart.o
    0x08002256   0x0000001a   Code   RO         1358    i.USART_GetFlagStatus  stm32f4xx_usart.o
    0x08002270   0x00000054   Code   RO         1359    i.USART_GetITStatus  stm32f4xx_usart.o
    0x080022c4   0x0000004a   Code   RO         1361    i.USART_ITConfig    stm32f4xx_usart.o
    0x0800230e   0x00000002   PAD
    0x08002310   0x000000d4   Code   RO         1362    i.USART_Init        stm32f4xx_usart.o
    0x080023e4   0x0000000a   Code   RO         1369    i.USART_ReceiveData  stm32f4xx_usart.o
    0x080023ee   0x00000008   Code   RO         1372    i.USART_SendData    stm32f4xx_usart.o
    0x080023f6   0x00000002   PAD
    0x080023f8   0x00000024   Code   RO         2532    i.USART_putchar     uart.o
    0x0800241c   0x000000c4   Code   RO         2533    i.USART_setup       uart.o
    0x080024e0   0x00000030   Code   RO         3090    i.__ARM_fpclassify  m_wm.l(fpclassify.o)
    0x08002510   0x0000000e   Code   RO         2971    i._is_digit         c_w.l(__printf_wp.o)
    0x0800251e   0x00000002   PAD
    0x08002520   0x00000050   Code   RO         2213    i.ac                terminal.o
    0x08002570   0x0000003a   Code   RO         2632    i.analogChannelInit  gpio.o
    0x080025aa   0x00000014   Code   RO         2633    i.analogCommonInit  gpio.o
    0x080025be   0x0000003a   Code   RO         2634    i.analogInit        gpio.o
    0x080025f8   0x00000054   Code   RO         2720    i.analogInitCont    adc.o
    0x0800264c   0x00000020   Code   RO         2635    i.analogRead        gpio.o
    0x0800266c   0x0000003c   Code   RO         2721    i.analogStart       adc.o
    0x080026a8   0x00000034   Code   RO         2722    i.analogStop        adc.o
    0x080026dc   0x00000008   Code   RO         2214    i.be                terminal.o
    0x080026e4   0x00000002   Code   RO         2215    i.bf                terminal.o
    0x080026e6   0x00000008   Code   RO         2216    i.bi                terminal.o
    0x080026ee   0x00000002   PAD
    0x080026f0   0x00000010   Code   RO         2217    i.bl                terminal.o
    0x08002700   0x0000000c   Code   RO         2725    i.clearBuffer       adc.o
    0x0800270c   0x0000004c   Code   RO         2218    i.comutacao         terminal.o
    0x08002758   0x00000178   Code   RO         2726    i.const_cmd         adc.o
    0x080028d0   0x000000c0   Code   RO         2727    i.control_rule      adc.o
    0x08002990   0x000000c8   Code   RO         2219    i.convBase          terminal.o
    0x08002a58   0x00000044   Code   RO         2220    i.dcr               terminal.o
    0x08002a9c   0x00000020   Code   RO         2636    i.digitalRead       gpio.o
    0x08002abc   0x00000028   Code   RO         2637    i.digitalWrite      gpio.o
    0x08002ae4   0x00000008   Code   RO         2590    i.disableEEPROMWriting  eeprom.o
    0x08002aec   0x00000016   Code   RO         2591    i.enableEEPROMWriting  eeprom.o
    0x08002b02   0x00000002   PAD
    0x08002b04   0x00000024   Code   RO         2221    i.f_ad              terminal.o
    0x08002b28   0x0000000c   Code   RO         2222    i.ff                terminal.o
    0x08002b34   0x0000000c   Code   RO         2223    i.fn                terminal.o
    0x08002b40   0x00000010   Code   RO         2534    i.fputc             uart.o
    0x08002b50   0x0000006c   Code   RO         2224    i.fw                terminal.o
    0x08002bbc   0x0000007c   Code   RO         2225    i.getArgs           terminal.o
    0x08002c38   0x0000001c   Code   RO         2638    i.getChannelPin     gpio.o
    0x08002c54   0x0000001c   Code   RO         2639    i.getChannelPort    gpio.o
    0x08002c70   0x0000006c   Code   RO         2226    i.getCom            terminal.o
    0x08002cdc   0x0000009c   Code   RO         2227    i.help              terminal.o
    0x08002d78   0x000000a4   Code   RO         2228    i.input             terminal.o
    0x08002e1c   0x0000006c   Code   RO         2229    i.kd                terminal.o
    0x08002e88   0x0000006c   Code   RO         2230    i.kdf               terminal.o
    0x08002ef4   0x0000006c   Code   RO         2231    i.kf                terminal.o
    0x08002f60   0x0000006c   Code   RO         2232    i.ki                terminal.o
    0x08002fcc   0x0000006c   Code   RO         2233    i.kp                terminal.o
    0x08003038   0x00000050   Code   RO         2234    i.last              terminal.o
    0x08003088   0x00000024   Code   RO         2235    i.lim_sat           terminal.o
    0x080030ac   0x00000168   Code   RO         2730    i.lim_sum_error     adc.o
    0x08003214   0x000000f4   Code   RO         2731    i.lowpass_PD        adc.o
    0x08003308   0x0000000c   Code   RO         2236    i.ma                terminal.o
    0x08003314   0x00000020   Code   RO         2179    i.main              main.o
    0x08003334   0x00000064   Code   RO         2237    i.mc                terminal.o
    0x08003398   0x0000000c   Code   RO         2238    i.mm                terminal.o
    0x080033a4   0x00000050   Code   RO         2239    i.mr                terminal.o
    0x080033f4   0x0000004c   Code   RO         2240    i.mw                terminal.o
    0x08003440   0x000000dc   Code   RO         2241    i.parse             terminal.o
    0x0800351c   0x00000030   Code   RO         2640    i.pinInit           gpio.o
    0x0800354c   0x0000003c   Code   RO         2641    i.pinInit_pull      gpio.o
    0x08003588   0x00000010   Code   RO         2642    i.portInit          gpio.o
    0x08003598   0x000000dc   Code   RO         2732    i.printAnalogBuffer  adc.o
    0x08003674   0x00000110   Code   RO         2733    i.printAnalogBufferVolts  adc.o
    0x08003784   0x000000d0   Code   RO         2242    i.ra                terminal.o
    0x08003854   0x000000b0   Code   RO         2243    i.rd                terminal.o
    0x08003904   0x00000044   Code   RO         2244    i.re                terminal.o
    0x08003948   0x00000014   Code   RO         2592    i.readEEPROMWord    eeprom.o
    0x0800395c   0x0000003c   Code   RO         2245    i.ri                terminal.o
    0x08003998   0x00000080   Code   RO         2246    i.rp                terminal.o
    0x08003a18   0x00000018   Code   RO         2247    i.sc                terminal.o
    0x08003a30   0x0000000c   Code   RO         2736    i.setBufferSize     adc.o
    0x08003a3c   0x00000074   Code   RO         2248    i.sp                terminal.o
    0x08003ab0   0x00000018   Code   RO         2249    i.sr                terminal.o
    0x08003ac8   0x0000001c   Code   RO         2250    i.stop              terminal.o
    0x08003ae4   0x0000006c   Code   RO         2251    i.u_0               terminal.o
    0x08003b50   0x0000006c   Code   RO         2252    i.u_sat_a           terminal.o
    0x08003bbc   0x0000006c   Code   RO         2253    i.u_sat_b           terminal.o
    0x08003c28   0x00000024   Code   RO         2254    i.valor_k           terminal.o
    0x08003c4c   0x00000030   Code   RO         2255    i.ver               terminal.o
    0x08003c7c   0x000000e4   Code   RO         2256    i.wd                terminal.o
    0x08003d60   0x00000048   Code   RO         2257    i.we                terminal.o
    0x08003da8   0x00000034   Code   RO         2258    i.wi                terminal.o
    0x08003ddc   0x0000001c   Code   RO         2593    i.writeEEPROMWord   eeprom.o
    0x08003df8   0x0000006c   Code   RO         2259    i.yr                terminal.o
    0x08003e64   0x0000002c   Code   RO         3086    locale$$code        c_w.l(lc_numeric_c.o)
    0x08003e90   0x00000062   Code   RO         2993    x$fpl$d2f           fz_wm.l(d2f.o)
    0x08003ef2   0x00000002   PAD
    0x08003ef4   0x000002b0   Code   RO         2996    x$fpl$ddiv          fz_wm.l(ddiv.o)
    0x080041a4   0x00000026   Code   RO         2999    x$fpl$dfltu         fz_wm.l(dflt_clz.o)
    0x080041ca   0x00000002   PAD
    0x080041cc   0x00000154   Code   RO         3005    x$fpl$dmul          fz_wm.l(dmul.o)
    0x08004320   0x0000009c   Code   RO         3021    x$fpl$dnaninf       fz_wm.l(dnaninf.o)
    0x080043bc   0x0000000c   Code   RO         3023    x$fpl$dretinf       fz_wm.l(dretinf.o)
    0x080043c8   0x00000056   Code   RO         3007    x$fpl$f2d           fz_wm.l(f2d.o)
    0x0800441e   0x0000008c   Code   RO         3025    x$fpl$fnaninf       fz_wm.l(fnaninf.o)
    0x080044aa   0x0000000a   Code   RO         3158    x$fpl$fpinit        fz_wm.l(fpinit.o)
    0x080044b4   0x0000000a   Code   RO         3027    x$fpl$fretinf       fz_wm.l(fretinf.o)
    0x080044be   0x00000004   Code   RO         3009    x$fpl$printf1       fz_wm.l(printf1.o)
    0x080044c2   0x00000000   Code   RO         3029    x$fpl$usenofp       fz_wm.l(usenofp.o)
    0x080044c2   0x00000002   PAD
    0x080044c4   0x00000080   Data   RO         2643    .constdata          gpio.o
    0x08004544   0x00000028   Data   RO         2944    .constdata          c_w.l(_printf_hex_int.o)
    0x0800456c   0x00000011   Data   RO         2974    .constdata          c_w.l(__printf_flags_wp.o)
    0x0800457d   0x00000003   PAD
    0x08004580   0x00000094   Data   RO         3057    .constdata          c_w.l(bigflt0.o)
    0x08004614   0x00000020   Data   RO         3233    Region$$Table       anon$$obj.o
    0x08004634   0x0000001c   Data   RO         3085    locale$$data        c_w.l(lc_numeric_c.o)


    Execution Region ER_RW (Base: 0x20000000, Size: 0x000012ec, Max: 0xffffffff, ABSOLUTE, COMPRESSED[0x00000344])

    Base Addr    Size         Type   Attr      Idx    E Section Name        Object

    0x20000000   0x00000010   Data   RW          424    .data               stm32f4xx_rcc.o
    0x20000010   0x0000126c   Data   RW         2261    .data               terminal.o
    0x2000127c   0x00000015   Data   RW         2537    .data               uart.o
    0x20001291   0x00000003   PAD
    0x20001294   0x00000044   Data   RW         2738    .data               adc.o
    0x200012d8   0x00000014   Data   RW         2870    .data               pwm.o


    Execution Region ER_ZI (Base: 0x200012ec, Size: 0x00000a0c, Max: 0xffffffff, ABSOLUTE)

    Base Addr    Size         Type   Attr      Idx    E Section Name        Object

    0x200012ec   0x0000002c   Zero   RW         2260    .bss                terminal.o
    0x20001318   0x00000080   Zero   RW         2536    .bss                uart.o
    0x20001398   0x00000300   Zero   RW         2737    .bss                adc.o
    0x20001698   0x00000060   Zero   RW         3093    .bss                c_w.l(libspace.o)
    0x200016f8   0x00000200   Zero   RW            2    HEAP                startup_stm32f412xg.o
    0x200018f8   0x00000400   Zero   RW            1    STACK               startup_stm32f412xg.o


==============================================================================

Image component sizes


      Code (inc. data)   RO Data    RW Data    ZI Data      Debug   Object Name

      2038        356          0         68        768       9974   adc.o
        78         12          0          0          0       2120   eeprom.o
       420         30        128          0          0       6739   gpio.o
        32         14          0          0          0        791   main.o
       120         14          0          0          0       1340   misc.o
       434         50          0         20          0       3795   pwm.o
        64         26        452          0       1536       1048   startup_stm32f412xg.o
       374         24          0          0          0       6694   stm32f4xx_adc.o
       402         40          0          0          0       5637   stm32f4xx_flash.o
       242          0          0          0          0       3755   stm32f4xx_gpio.o
       552         34          0         16          0       5519   stm32f4xx_rcc.o
       368         38          0          0          0       6113   stm32f4xx_tim.o
       468          8          0          0          0       7411   stm32f4xx_usart.o
       340         32          0          0          0     330465   system_stm32f4xx.o
      4034       1220          0       4716         44      25699   terminal.o
       380         42          0         21        128       5035   uart.o

    ----------------------------------------------------------------------
     10360       1940        612       4844       2476     422135   Object Totals
         0          0         32          0          0          0   (incl. Generated)
        14          0          0          3          0          0   (incl. Padding)

    ----------------------------------------------------------------------

      Code (inc. data)   RO Data    RW Data    ZI Data      Debug   Library Member Name

        90          0          0          0          0          0   __dczerorl2.o
         8          0          0          0          0         68   __main.o
       312          4         17          0          0         92   __printf_flags_wp.o
        14          0          0          0          0         68   __printf_wp.o
         0          0          0          0          0          0   __rtentry.o
        12          0          0          0          0          0   __rtentry2.o
         6          0          0          0          0          0   __rtentry4.o
        52          8          0          0          0          0   __scatter.o
        28          0          0          0          0          0   __scatter_zi.o
         6          0          0          0          0          0   _printf_c.o
        44          0          0          0          0        108   _printf_char.o
        48          6          0          0          0         96   _printf_char_common.o
        36          4          0          0          0         80   _printf_char_file.o
         6          0          0          0          0          0   _printf_d.o
       120         16          0          0          0         92   _printf_dec.o
         6          0          0          0          0          0   _printf_f.o
      1050          0          0          0          0        216   _printf_fp_dec.o
       128         16          0          0          0         84   _printf_fp_infnan.o
        88          4         40          0          0         88   _printf_hex_int.o
       178          0          0          0          0         88   _printf_intcommon.o
        78          0          0          0          0        108   _printf_pad.o
         0          0          0          0          0          0   _printf_percent.o
         4          0          0          0          0          0   _printf_percent_end.o
         6          0          0          0          0          0   _printf_s.o
        82          0          0          0          0         80   _printf_str.o
         6          0          0          0          0          0   _printf_x.o
       220          4        148          0          0         96   bigflt0.o
      1910        128          0          0          0        672   btod.o
        18          0          0          0          0         80   exit.o
         8          0          0          0          0         68   ferror.o
         6          0          0          0          0        152   heapauxi.o
         0          0          0          0          0          0   indicate_semi.o
        44         10         28          0          0         76   lc_numeric_c.o
         2          0          0          0          0          0   libinit.o
        22          0          0          0          0          0   libinit2.o
         2          0          0          0          0          0   libshutdown.o
         2          0          0          0          0          0   libshutdown2.o
         8          4          0          0         96         68   libspace.o
       138          0          0          0          0         80   lludiv10.o
        24          4          0          0          0         84   noretval__2printf.o
         8          4          0          0          0         68   rt_locale_intlibspace.o
       100          0          0          0          0         80   rt_memcpy_w.o
         2          0          0          0          0          0   rtexit.o
        10          0          0          0          0          0   rtexit2.o
       128          0          0          0          0         68   strcmpv7m.o
        12          4          0          0          0         68   sys_exit.o
        74          0          0          0          0         80   sys_stackheap_outer.o
         2          0          0          0          0         68   use_no_semi.o
        98          4          0          0          0        140   d2f.o
       688        140          0          0          0        256   ddiv.o
        38          0          0          0          0        116   dflt_clz.o
       340         12          0          0          0        152   dmul.o
       156          4          0          0          0        140   dnaninf.o
        12          0          0          0          0        116   dretinf.o
        86          4          0          0          0        132   f2d.o
       140          4          0          0          0        132   fnaninf.o
        10          0          0          0          0        116   fpinit.o
        10          0          0          0          0        116   fretinf.o
         4          0          0          0          0        116   printf1.o
         0          0          0          0          0          0   usenofp.o
        48          0          0          0          0        124   fpclassify.o

    ----------------------------------------------------------------------
      6792        384        236          0         96       4732   Library Totals
        14          0          3          0          0          0   (incl. Padding)

    ----------------------------------------------------------------------

      Code (inc. data)   RO Data    RW Data    ZI Data      Debug   Library Name

      5148        216        233          0         96       3076   c_w.l
      1582        168          0          0          0       1532   fz_wm.l
        48          0          0          0          0        124   m_wm.l

    ----------------------------------------------------------------------
      6792        384        236          0         96       4732   Library Totals

    ----------------------------------------------------------------------

==============================================================================


      Code (inc. data)   RO Data    RW Data    ZI Data      Debug   

     17152       2324        848       4844       2572     412003   Grand Totals
     17152       2324        848        836       2572     412003   ELF Image Totals (compressed)
     17152       2324        848        836          0          0   ROM Totals

==============================================================================

    Total RO  Size (Code + RO Data)                18000 (  17.58kB)
    Total RW  Size (RW Data + ZI Data)              7416 (   7.24kB)
    Total ROM Size (Code + RO Data + RW Data)      18836 (  18.39kB)

==============================================================================

